

 Partition  1 ***
   PROJ=6Li        MASS=  6.0151 Z=   3.0,        # STATES=    1T, TARG=9Be      MASS=  9.0121 Z=   4.0,     Q-VALUE =   0.0000 MeV.

   MIXPOT =  0: no couplings (default)

     1:  J= 1.0+ (B# 1), E=  0.0000, K= 0.0              Potl#  1       J= 1.5- (B#-1), E=  0.0000, K= 0.5    


 Partition  2 ***
   PROJ=2H         MASS=  2.0141 Z=   1.0,        # STATES=    1T, TARG=13C_L0   MASS= 13.0034 Z=   6.0,     Q-VALUE =   9.1730 MeV.

   MIXPOT =  0: no couplings (default)

     1:  J= 1.0+ (B# 1), E=  0.0000, K= 0.0              Potl#  2       J= 1.5- (B#-1), E=  9.8940, K= 0.5    

    1    0=Coulomb       0=CHARGE (WS)  1     9.000     0.000    2.3400    0.0000    0.0000    0.0000     0.000     9.000

    1    1=Volume        0=Woods-Saxon  2  174.0000    1.2200    0.7500    5.8400    2.8100    0.6300     0.000     9.000

    2    0=Coulomb       0=CHARGE (WS)  3    13.000     0.000    1.3000    0.0000    0.0000    0.0000     0.000    13.000

    2    1=Volume        0=Woods-Saxon  4   92.4100    1.0380    0.7900    0.0000    0.0000    0.0000     0.000    13.000

    2    2=Surface       0=Woods-Saxon  5    0.0000    0.0000    0.0000    9.7500    1.4260    0.6930     0.000    13.000

    3    0=Coulomb       0=CHARGE (WS)  6     1.000     0.000    1.9000    0.0000    0.0000    0.0000     0.000     1.000

    3    1=Volume        0=Woods-Saxon  7   79.9000    1.9000    0.6500    0.0000    0.0000    0.0000     0.000     1.000

    4    0=Coulomb       0=CHARGE (WS)  8     1.000     0.000    2.7600    0.0000    0.0000    0.0000     0.000     1.000

    4    1=Volume        0=Woods-Saxon  9   50.0000    2.7600    0.6500    0.0000    0.0000    0.0000     0.000     1.000


 ************************************************************************************************************************************

 The following    real SINGLE-PARTICLE FORM FACTORS are  constructed:


 No.   P1 P2 IN KIND T N  L  S1 IA J/S  IB BIND XFER  BE    SC PC FIL AFRAC Adjust  to  Z  Mass   K     Norm    rms      D0     D   ANC/Gsp

    3:  2  1  1  0     2  0 0.0  1 0.0   0   3   0   1.4740  1  0  0 0.0000 VR  0.9698; 2. 4.001 0.3074 1.0000  4.066   68.3   67.8 -2.5409

    4:  1  2  2  0     2  2 0.0  1 2.0   0   4   0   0.7480  1  0  0 0.0000 VR  1.2561; 2. 3.991 0.3146 1.0000  3.510    5.8   -6.0-37.9503

 ************************************************************************************************************************************

 ONE-way COUPLING # 1 for partitions -2 <-  1 of KIND  7,   0 -1  0 -1 -1 & P1,P2 =    0.0000   0.0000 : for J <=    25.5 & R <  17.7 fm.


 data =  1  1  1  3  0.8307,  so  < [6Li      #  1] / [2H       #  1]  * Eigen-form #  3>  =   0.8307            BE =  1.474     3

 data = -2  1  1  4  2.3500,  so  < [13C_L0   #  1] / [9Be      #  1]  * Eigen-form #  4>  =   2.3500            BE =  0.748     4
 KNT =   4, KNP =   3: NK,NG,loc=   1   1   1      10  T  T  F
 KNT =   4, KNP =   3: NK,NG,loc=   1   1   1      10

     So FINITE-RANGE TRANSFER : IP1 = 0 (POST    ), IP2=-1 =COMPLEX     ,  for   1 pairs of bound states summed into   1 pairs
      The main coupling potential is that binding the transferred particle to the 2H       core.

          Using between 2H       & 9Be      the potential No.   2, and subtracting optical potential No.  2

   A real*8 is            8  bytes
   NLL,NLN,NLO =         112         113         189
0File   9 needs RL =   42336    REAL*8 numbers, and NR =    37. i.e.   12.53 Megabytes
   File            9  RECL =      338688
0RECOMMENDED NON-LOCAL WIDTH IS GREATER THAN    9.24 FM.,  RECOMMENDED CENTRATION  -0.28, after    0.26 secs.
0Relative non-local usages (rms) are
    0.001   0.001   0.001   0.001   0.001   0.001   0.001   0.001   0.001   0.001   0.001   0.001   0.001   0.001   0.001
    0.001   0.001   0.001   0.001   0.001   0.001   0.002   0.002   0.002   0.002   0.002   0.002   0.002   0.002   0.002
    0.002   0.002   0.002   0.002   0.002   0.003   0.003   0.003   0.003   0.003   0.003   0.003   0.003   0.003   0.003
    0.004   0.004   0.004   0.004   0.004   0.004   0.004   0.004   0.005   0.005   0.005   0.005   0.005   0.005   0.005
    0.006   0.006   0.006   0.006   0.006   0.007   0.007   0.007   0.007   0.007   0.007   0.008   0.008   0.008   0.008
    0.008   0.009   0.009   0.009   0.009   0.010   0.010   0.010   0.010   0.010   0.011   0.011   0.011   0.012   0.012
    0.012   0.012   0.013   0.013   0.013   0.014   0.014   0.014   0.015   0.015   0.015   0.016   0.016   0.016   0.017
    0.017   0.018   0.018   0.019   0.019   0.020   0.021   0.021   0.022   0.023   0.024   0.025   0.026   0.027   0.028
    0.029   0.030   0.032   0.033   0.035   0.037   0.039   0.041   0.043   0.045   0.047   0.050   0.052   0.055   0.059
    0.062   0.065   0.069   0.072   0.076   0.080   0.085   0.090   0.095   0.100   0.105   0.110   0.116   0.121   0.129
    0.137   0.144   0.152   0.159   0.166   0.173   0.181   0.192   0.203   0.214   0.225   0.235   0.245   0.255   0.264
    0.281   0.296   0.311   0.326   0.340   0.354   0.367   0.380   0.403   0.424   0.445   0.465   0.484   0.502   0.520
    0.537   0.568   0.597   0.625   0.652   0.678   0.702   0.726   0.748   0.791   0.830   0.868   0.904   0.938   0.970
    1.002   1.031   1.088   1.141   1.191   1.239   1.284   1.328   1.368   1.408   1.482   1.553   1.619   1.682   1.742
    1.798   1.852   1.903   2.001   2.093   2.179   2.261   2.339   2.412   2.482   2.548   2.674   2.793   2.905   3.010
    3.110   3.205   3.295   3.380   3.541   3.692   3.835   3.970   4.098   4.219   4.333   4.442   4.645   4.837   5.018
    5.189   5.351   5.505   5.651   5.790   6.045   6.287   6.515   6.731   6.936   7.131   7.317   7.493   7.812   8.114
    8.400   8.672   8.930   9.175   9.409   9.631  10.025  10.399  10.753  11.090  11.409  11.712  12.000  12.273  12.748
   13.197  13.623  14.025  14.406  14.766  15.107  15.428  15.969  16.478  16.959  17.410  17.834  18.231  18.601  18.946
   19.502  20.022  20.506  20.955  21.369  21.748  22.093  22.404  22.876  23.307  23.697  24.044  24.350  24.615  24.837
   25.017  25.263  25.465  25.622  25.733  25.799  25.819  25.792  25.720  25.617  25.469  25.277  25.042  24.764  24.445
   24.086  23.690  23.312  22.904  22.471  22.017  21.548  21.071  20.592  20.118  20.250  20.411  20.607  20.845  21.128
   21.461  21.845  22.279  24.313  26.236  28.069  29.824  31.507  33.124  34.678  36.172  39.452  42.463  45.245  47.823
   50.218  52.444  54.510  56.423  59.874  63.038  65.938  68.593  71.014  73.211  75.195  76.975  79.830  82.420  84.753
   86.837  88.679  90.296  91.702  92.897  94.628  96.126  97.393  98.419  99.192  99.708  99.972 100.000  99.806  99.411
   98.831  98.098  97.224  96.216  95.083  93.825  92.443  90.930  89.295  87.541  85.670  83.685  81.599  79.415  77.158
   74.827  72.444  70.019  67.570  65.103  62.623  60.136  57.655  55.184  52.730  50.298  47.897  45.531  43.204  40.923
   38.691  36.513  34.393  32.333  30.338  28.409  26.548  24.758  23.040  21.395  19.824  18.327  16.905  15.556  14.282
   13.081  11.951  10.893   9.904   8.984   8.129   7.339   6.611   5.944   5.335   4.782   4.282   3.833   3.433   3.079
    2.769   2.498   2.265   2.066   1.898   1.756   1.638   1.539   1.457   1.387   1.328   1.277   1.233   1.193   1.158
    1.125   1.096   1.070   1.046   1.024   1.005   0.988   0.973   0.959   0.948   0.938   0.929   0.920   0.913   0.906
    0.898   0.891   0.883   0.875   0.866   0.855   0.844   0.832   0.819   0.805   0.789   0.773   0.755   0.737   0.718
    0.698   0.677   0.656   0.634   0.612   0.590   0.568   0.545   0.523   0.500   0.478   0.456   0.435   0.414   0.393
    0.373   0.354   0.335   0.317   0.300   0.284   0.268   0.253   0.240   0.227   0.215   0.204   0.194   0.185   0.177
    0.169   0.163   0.157   0.152   0.148   0.145   0.142   0.139   0.137   0.135   0.134   0.133   0.132   0.131   0.130
    0.129   0.128   0.128   0.127   0.126   0.126   0.125   0.124   0.123   0.122   0.121   0.120   0.119   0.118   0.116
    0.115   0.114   0.112   0.111   0.109   0.107   0.106   0.104   0.102   0.101   0.099   0.097   0.095   0.094   0.092
    0.090   0.088   0.087   0.085   0.083   0.081   0.079   0.078   0.076   0.074   0.073   0.071   0.069   0.068   0.066
    0.065   0.063   0.061   0.060   0.058   0.057   0.056   0.054   0.053   0.051   0.050   0.049   0.048   0.046   0.045
    0.044   0.043   0.042   0.041   0.039   0.038   0.037   0.036   0.035   0.034   0.034   0.033   0.032   0.031   0.030
    0.029   0.028   0.028   0.027   0.026   0.025   0.025   0.024   0.023   0.023   0.022   0.021   0.021   0.020   0.020
    0.019   0.019   0.018   0.018   0.017   0.017   0.016   0.016   0.015   0.015   0.014   0.014   0.014   0.013   0.013
    0.013   0.012   0.012   0.012   0.011   0.011   0.011   0.010   0.010   0.010   0.009   0.009   0.009   0.009   0.008
    0.008   0.008   0.008   0.008   0.007   0.007   0.007   0.007   0.007   0.006   0.006   0.006   0.006   0.006   0.006
    0.005   0.005   0.005   0.005   0.005   0.005   0.005   0.004   0.004   0.004   0.004   0.004   0.004   0.004   0.004
    0.004   0.003   0.003   0.003   0.003   0.003   0.003   0.003   0.003   0.003   0.003   0.003   0.003   0.002   0.002
    0.002   0.002   0.002   0.002   0.002   0.002   0.002   0.002   0.002   0.002   0.002   0.002   0.002   0.002   0.002
    0.002   0.002   0.001   0.001   0.001   0.001   0.001   0.001   0.001   0.001   0.001   0.001   0.001   0.001   0.001
    0.001   0.001   0.001   0.001   0.001   0.001   0.001   0.001   0.001   0.001   0.001   0.001   0.001   0.001   0.001
    0.001   0.001   0.001   0.001   0.001   0.001   0.001   0.001   0.001   0.001   0.001   0.001   0.001   0.000   0.000
    0.000   0.000   0.000
0Binding Energies: (6Li      # 1 / 2H       # 1)(BE =  1.474)-(13C_L0   # 1 / 9Be      # 1)(BE =  0.748)- DISCREPANCY = -0.0050

 Incoming partition  1 in excitation state # 1,   Laboratory Energy given for partition  1 Nucleus 1 in Excitation pair 1


***    32.00000     MeV.
  Sig-R,T,E =   1349.2192   2322.5262    973.3070
  Out in 2 :  3.014E-01
0CUMULATIVE OUTGOING cross section               =          0.30138
     0.01 deg.: X-S =   8.736991E+15 mb/sr,
+                                         /R =   1.000002E+00

     0.50 deg.: X-S =   1.403938E+09 mb/sr,
+                                         /R =   1.004295E+00

     1.00 deg.: X-S =   8.848955E+07 mb/sr,
+                                         /R =   1.012765E+00

     1.50 deg.: X-S =   1.734646E+07 mb/sr,
+                                         /R =   1.004998E+00

     2.00 deg.: X-S =   5.333812E+06 mb/sr,
+                                         /R =   9.765812E-01

     2.50 deg.: X-S =   2.083148E+06 mb/sr,
+                                         /R =   9.310676E-01

     3.00 deg.: X-S =   9.438388E+05 mb/sr,
+                                         /R =   8.746278E-01

     3.50 deg.: X-S =   4.741040E+05 mb/sr,
+                                         /R =   8.137941E-01

     4.00 deg.: X-S =   2.577036E+05 mb/sr,
+                                         /R =   7.544780E-01

     4.50 deg.: X-S =   1.496282E+05 mb/sr,
+                                         /R =   7.015456E-01

     5.00 deg.: X-S =   9.219220E+04 mb/sr,
+                                         /R =   6.586608E-01

     5.50 deg.: X-S =   6.007857E+04 mb/sr,
+                                         /R =   6.282640E-01

     6.00 deg.: X-S =   4.130832E+04 mb/sr,
+                                         /R =   6.116283E-01

     6.50 deg.: X-S =   2.986946E+04 mb/sr,
+                                         /R =   6.089590E-01

     7.00 deg.: X-S =   2.259992E+04 mb/sr,
+                                         /R =   6.195230E-01

     7.50 deg.: X-S =   1.777271E+04 mb/sr,
+                                         /R =   6.417963E-01

     8.00 deg.: X-S =   1.441549E+04 mb/sr,
+                                         /R =   6.736228E-01

     8.50 deg.: X-S =   1.196716E+04 mb/sr,
+                                         /R =   7.123811E-01

     9.00 deg.: X-S =   1.009744E+04 mb/sr,
+                                         /R =   7.551511E-01

     9.50 deg.: X-S =    8608.721292 mb/sr,
+                                         /R =   7.988800E-01

    10.00 deg.: X-S =    7381.162437 mb/sr,
+                                         /R =   8.405396E-01

    10.50 deg.: X-S =    6341.180125 mb/sr,
+                                         /R =   8.772726E-01

    11.00 deg.: X-S =    5442.998511 mb/sr,
+                                         /R =   9.065235E-01

    11.50 deg.: X-S =    4657.660694 mb/sr,
+                                         /R =   9.261495E-01

    12.00 deg.: X-S =    3966.395667 mb/sr,
+                                         /R =   9.345094E-01

    12.50 deg.: X-S =    3356.576106 mb/sr,
+                                         /R =   9.305268E-01

    13.00 deg.: X-S =    2819.242094 mb/sr,
+                                         /R =   9.137277E-01

    13.50 deg.: X-S =    2347.584229 mb/sr,
+                                         /R =   8.842495E-01

    14.00 deg.: X-S =    1936.021013 mb/sr,
+                                         /R =   8.428248E-01

    14.50 deg.: X-S =    1579.647334 mb/sr,
+                                         /R =   7.907382E-01

    15.00 deg.: X-S =    1273.915769 mb/sr,
+                                         /R =   7.297612E-01

    15.50 deg.: X-S =    1014.463885 mb/sr,
+                                         /R =   6.620667E-01

    16.00 deg.: X-S =     797.032497 mb/sr,
+                                         /R =   5.901285E-01

    16.50 deg.: X-S =     617.439572 mb/sr,
+                                         /R =   5.166092E-01

    17.00 deg.: X-S =     471.586967 mb/sr,
+                                         /R =   4.442419E-01

    17.50 deg.: X-S =     355.485209 mb/sr,
+                                         /R =   3.757118E-01

    18.00 deg.: X-S =     265.286636 mb/sr,
+                                         /R =   3.135411E-01

    18.50 deg.: X-S =     197.320680 mb/sr,
+                                         /R =   2.599834E-01

    19.00 deg.: X-S =     148.127262 mb/sr,
+                                         /R =   2.169308E-01

    19.50 deg.: X-S =     114.485852 mb/sr,
+                                         /R =   1.858390E-01

    20.00 deg.: X-S =      93.438751 mb/sr,
+                                         /R =   1.676708E-01

    20.50 deg.: X-S =      82.307894 mb/sr,
+                                         /R =   1.628620E-01

    21.00 deg.: X-S =      78.704995 mb/sr,
+                                         /R =   1.713104E-01

    21.50 deg.: X-S =      80.535181 mb/sr,
+                                         /R =   1.923863E-01

    22.00 deg.: X-S =      85.994554 mb/sr,
+                                         /R =   2.249654E-01

    22.50 deg.: X-S =      93.562269 mb/sr,
+                                         /R =   2.674811E-01

    23.00 deg.: X-S =     101.987845 mb/sr,
+                                         /R =   3.179941E-01

    23.50 deg.: X-S =     110.274477 mb/sr,
+                                         /R =   3.742757E-01

    24.00 deg.: X-S =     117.659168 mb/sr,
+                                         /R =   4.339011E-01

    24.50 deg.: X-S =     123.590483 mb/sr,
+                                         /R =   4.943484E-01

    25.00 deg.: X-S =     127.704709 mb/sr,
+                                         /R =   5.530995E-01

    25.50 deg.: X-S =     129.801168 mb/sr,
+                                         /R =   6.077390E-01

    26.00 deg.: X-S =     129.817340 mb/sr,
+                                         /R =   6.560459E-01

    26.50 deg.: X-S =     127.804425 mb/sr,
+                                         /R =   6.960760E-01

    27.00 deg.: X-S =     123.903857 mb/sr,
+                                         /R =   7.262317E-01

    27.50 deg.: X-S =     118.325213 mb/sr,
+                                         /R =   7.453157E-01

    28.00 deg.: X-S =     111.325863 mb/sr,
+                                         /R =   7.525687E-01

    28.50 deg.: X-S =     103.192644 mb/sr,
+                                         /R =   7.476885E-01

    29.00 deg.: X-S =      94.225725 mb/sr,
+                                         /R =   7.308318E-01

    29.50 deg.: X-S =      84.724768 mb/sr,
+                                         /R =   7.025976E-01

    30.00 deg.: X-S =      74.977432 mb/sr,
+                                         /R =   6.639951E-01

    30.50 deg.: X-S =      65.250168 mb/sr,
+                                         /R =   6.163965E-01

    31.00 deg.: X-S =      55.781226 mb/sr,
+                                         /R =   5.614780E-01

    31.50 deg.: X-S =      46.775745 mb/sr,
+                                         /R =   5.011507E-01

    32.00 deg.: X-S =      38.402735 mb/sr,
+                                         /R =   4.374857E-01

    32.50 deg.: X-S =      30.793774 mb/sr,
+                                         /R =   3.726347E-01

    33.00 deg.: X-S =      24.043180 mb/sr,
+                                         /R =   3.087511E-01

    33.50 deg.: X-S =      18.209436 mb/sr,
+                                         /R =   2.479130E-01

    34.00 deg.: X-S =      13.317641 mb/sr,
+                                         /R =   1.920516E-01

    34.50 deg.: X-S =       9.362742 mb/sr,
+                                         /R =   1.428877E-01

    35.00 deg.: X-S =       6.313345 mb/sr,
+                                         /R =   1.018770E-01

    35.50 deg.: X-S =       4.115880 mb/sr,
+                                         /R =   7.016788E-02

    36.00 deg.: X-S =       2.698957 mb/sr,
+                                         /R =   4.857074E-02

    36.50 deg.: X-S =       1.977723 mb/sr,
+                                         /R =   3.754058E-02

    37.00 deg.: X-S =       1.858096 mb/sr,
+                                         /R =   3.717263E-02

    37.50 deg.: X-S =       2.240749 mb/sr,
+                                         /R =   4.721058E-02

    38.00 deg.: X-S =       3.024752 mb/sr,
+                                         /R =   6.706669E-02

    38.50 deg.: X-S =       4.110803 mb/sr,
+                                         /R =   9.585231E-02

    39.00 deg.: X-S =       5.404000 mb/sr,
+                                         /R =   1.324176E-01

    39.50 deg.: X-S =       6.816122 mb/sr,
+                                         /R =   1.753983E-01

    40.00 deg.: X-S =       8.267426 mb/sr,
+                                         /R =   2.232680E-01

    40.50 deg.: X-S =       9.687949 mb/sr,
+                                         /R =   2.743931E-01

    41.00 deg.: X-S =      11.018353 mb/sr,
+                                         /R =   3.270900E-01

    41.50 deg.: X-S =      12.210336 mb/sr,
+                                         /R =   3.796799E-01

    42.00 deg.: X-S =      13.226661 mb/sr,
+                                         /R =   4.305427E-01

    42.50 deg.: X-S =      14.040848 mb/sr,
+                                         /R =   4.781650E-01

    43.00 deg.: X-S =      14.636574 mb/sr,
+                                         /R =   5.211833E-01

    43.50 deg.: X-S =      15.006854 mb/sr,
+                                         /R =   5.584203E-01

    44.00 deg.: X-S =      15.153038 mb/sr,
+                                         /R =   5.889125E-01

    44.50 deg.: X-S =      15.083687 mb/sr,
+                                         /R =   6.119309E-01

    45.00 deg.: X-S =      14.813379 mb/sr,
+                                         /R =   6.269922E-01

    45.50 deg.: X-S =      14.361487 mb/sr,
+                                         /R =   6.338620E-01

    46.00 deg.: X-S =      13.750964 mb/sr,
+                                         /R =   6.325496E-01

    46.50 deg.: X-S =      13.007182 mb/sr,
+                                         /R =   6.232957E-01

    47.00 deg.: X-S =      12.156848 mb/sr,
+                                         /R =   6.065534E-01

    47.50 deg.: X-S =      11.227009 mb/sr,
+                                         /R =   5.829635E-01

    48.00 deg.: X-S =      10.244187 mb/sr,
+                                         /R =   5.533247E-01

    48.50 deg.: X-S =       9.233632 mb/sr,
+                                         /R =   5.185618E-01

    49.00 deg.: X-S =       8.218712 mb/sr,
+                                         /R =   4.796903E-01

    49.50 deg.: X-S =       7.220433 mb/sr,
+                                         /R =   4.377815E-01

    50.00 deg.: X-S =       6.257100 mb/sr,
+                                         /R =   3.939268E-01

    50.50 deg.: X-S =       5.344091 mb/sr,
+                                         /R =   3.492041E-01

    51.00 deg.: X-S =       4.493761 mb/sr,
+                                         /R =   3.046469E-01

    51.50 deg.: X-S =       3.715434 mb/sr,
+                                         /R =   2.612157E-01

    52.00 deg.: X-S =       3.015502 mb/sr,
+                                         /R =   2.197742E-01

    52.50 deg.: X-S =       2.397586 mb/sr,
+                                         /R =   1.810702E-01

    53.00 deg.: X-S =       1.862773 mb/sr,
+                                         /R =   1.457200E-01

    53.50 deg.: X-S =       1.409890 mb/sr,
+                                         /R =   1.141996E-01

    54.00 deg.: X-S =       1.035814 mb/sr,
+                                         /R =   8.683968E-02

    54.50 deg.: X-S =       0.735804 mb/sr,
+                                         /R =   6.382566E-02

    55.00 deg.: X-S =       0.503839 mb/sr,
+                                         /R =   4.520263E-02

    55.50 deg.: X-S =       0.332950 mb/sr,
+                                         /R =   3.088409E-02

    56.00 deg.: X-S =       0.215544 mb/sr,
+                                         /R =   2.066438E-02

    56.50 deg.: X-S =       0.143701 mb/sr,
+                                         /R =   1.423404E-02

    57.00 deg.: X-S =       0.109451 mb/sr,
+                                         /R =   1.119752E-02

    57.50 deg.: X-S =       0.105012 mb/sr,
+                                         /R =   1.109245E-02

    58.00 deg.: X-S =       0.122996 mb/sr,
+                                         /R =   1.340986E-02

    58.50 deg.: X-S =       0.156579 mb/sr,
+                                         /R =   1.761462E-02

    59.00 deg.: X-S =       0.199635 mb/sr,
+                                         /R =   2.316547E-02

    59.50 deg.: X-S =       0.246825 mb/sr,
+                                         /R =   2.953403E-02

    60.00 deg.: X-S =       0.293661 mb/sr,
+                                         /R =   3.622229E-02

    60.50 deg.: X-S =       0.336535 mb/sr,
+                                         /R =   4.277814E-02

    61.00 deg.: X-S =       0.372710 mb/sr,
+                                         /R =   4.880857E-02

    61.50 deg.: X-S =       0.400301 mb/sr,
+                                         /R =   5.399025E-02

    62.00 deg.: X-S =       0.418216 mb/sr,
+                                         /R =   5.807736E-02

    62.50 deg.: X-S =       0.426093 mb/sr,
+                                         /R =   6.090663E-02

    63.00 deg.: X-S =       0.424220 mb/sr,
+                                         /R =   6.239948E-02

    63.50 deg.: X-S =       0.413436 mb/sr,
+                                         /R =   6.256145E-02

    64.00 deg.: X-S =       0.395038 mb/sr,
+                                         /R =   6.147909E-02

    64.50 deg.: X-S =       0.370681 mb/sr,
+                                         /R =   5.931446E-02

    65.00 deg.: X-S =       0.342274 mb/sr,
+                                         /R =   5.629760E-02

    65.50 deg.: X-S =       0.311886 mb/sr,
+                                         /R =   5.271726E-02

    66.00 deg.: X-S =       0.281654 mb/sr,
+                                         /R =   4.891025E-02

    66.50 deg.: X-S =       0.253697 mb/sr,
+                                         /R =   4.524974E-02

    67.00 deg.: X-S =       0.230046 mb/sr,
+                                         /R =   4.213295E-02

    67.50 deg.: X-S =       0.212575 mb/sr,
+                                         /R =   3.996853E-02

    68.00 deg.: X-S =       0.202951 mb/sr,
+                                         /R =   3.916409E-02

    68.50 deg.: X-S =       0.202589 mb/sr,
+                                         /R =   4.011402E-02

    69.00 deg.: X-S =       0.212619 mb/sr,
+                                         /R =   4.318813E-02

    69.50 deg.: X-S =       0.233872 mb/sr,
+                                         /R =   4.872120E-02

    70.00 deg.: X-S =       0.266863 mb/sr,
+                                         /R =   5.700373E-02

    70.50 deg.: X-S =       0.311793 mb/sr,
+                                         /R =   6.827411E-02

    71.00 deg.: X-S =       0.368556 mb/sr,
+                                         /R =   8.271219E-02

    71.50 deg.: X-S =       0.436757 mb/sr,
+                                         /R =   1.004346E-01

    72.00 deg.: X-S =       0.515729 mb/sr,
+                                         /R =   1.214915E-01

    72.50 deg.: X-S =       0.604565 mb/sr,
+                                         /R =   1.458653E-01

    73.00 deg.: X-S =       0.702144 mb/sr,
+                                         /R =   1.734707E-01

    73.50 deg.: X-S =       0.807171 mb/sr,
+                                         /R =   2.041560E-01

    74.00 deg.: X-S =       0.918206 mb/sr,
+                                         /R =   2.377069E-01

    74.50 deg.: X-S =       1.033709 mb/sr,
+                                         /R =   2.738503E-01

    75.00 deg.: X-S =       1.152069 mb/sr,
+                                         /R =   3.122600E-01

    75.50 deg.: X-S =       1.271644 mb/sr,
+                                         /R =   3.525634E-01

    76.00 deg.: X-S =       1.390794 mb/sr,
+                                         /R =   3.943485E-01

    76.50 deg.: X-S =       1.507915 mb/sr,
+                                         /R =   4.371720E-01

    77.00 deg.: X-S =       1.621463 mb/sr,
+                                         /R =   4.805679E-01

    77.50 deg.: X-S =       1.729988 mb/sr,
+                                         /R =   5.240555E-01

    78.00 deg.: X-S =       1.832148 mb/sr,
+                                         /R =   5.671489E-01

    78.50 deg.: X-S =       1.926735 mb/sr,
+                                         /R =   6.093648E-01

    79.00 deg.: X-S =       2.012687 mb/sr,
+                                         /R =   6.502312E-01

    79.50 deg.: X-S =       2.089101 mb/sr,
+                                         /R =   6.892954E-01

    80.00 deg.: X-S =       2.155240 mb/sr,
+                                         /R =   7.261312E-01

    80.50 deg.: X-S =       2.210540 mb/sr,
+                                         /R =   7.603457E-01

    81.00 deg.: X-S =       2.254607 mb/sr,
+                                         /R =   7.915856E-01

    81.50 deg.: X-S =       2.287222 mb/sr,
+                                         /R =   8.195419E-01

    82.00 deg.: X-S =       2.308332 mb/sr,
+                                         /R =   8.439550E-01

    82.50 deg.: X-S =       2.318044 mb/sr,
+                                         /R =   8.646177E-01

    83.00 deg.: X-S =       2.316619 mb/sr,
+                                         /R =   8.813781E-01

    83.50 deg.: X-S =       2.304457 mb/sr,
+                                         /R =   8.941413E-01

    84.00 deg.: X-S =       2.282088 mb/sr,
+                                         /R =   9.028701E-01

    84.50 deg.: X-S =       2.250158 mb/sr,
+                                         /R =   9.075851E-01

    85.00 deg.: X-S =       2.209414 mb/sr,
+                                         /R =   9.083638E-01

    85.50 deg.: X-S =       2.160691 mb/sr,
+                                         /R =   9.053389E-01

    86.00 deg.: X-S =       2.104893 mb/sr,
+                                         /R =   8.986960E-01

    86.50 deg.: X-S =       2.042984 mb/sr,
+                                         /R =   8.886703E-01

    87.00 deg.: X-S =       1.975965 mb/sr,
+                                         /R =   8.755431E-01

    87.50 deg.: X-S =       1.904866 mb/sr,
+                                         /R =   8.596375E-01

    88.00 deg.: X-S =       1.830727 mb/sr,
+                                         /R =   8.413137E-01

    88.50 deg.: X-S =       1.754585 mb/sr,
+                                         /R =   8.209636E-01

    89.00 deg.: X-S =       1.677465 mb/sr,
+                                         /R =   7.990060E-01

    89.50 deg.: X-S =       1.600362 mb/sr,
+                                         /R =   7.758800E-01

    90.00 deg.: X-S =       1.524233 mb/sr,
+                                         /R =   7.520399E-01

    90.50 deg.: X-S =       1.449988 mb/sr,
+                                         /R =   7.279487E-01

    91.00 deg.: X-S =       1.378478 mb/sr,
+                                         /R =   7.040724E-01

    91.50 deg.: X-S =       1.310487 mb/sr,
+                                         /R =   6.808738E-01

    92.00 deg.: X-S =       1.246729 mb/sr,
+                                         /R =   6.588065E-01

    92.50 deg.: X-S =       1.187840 mb/sr,
+                                         /R =   6.383097E-01

    93.00 deg.: X-S =       1.134370 mb/sr,
+                                         /R =   6.198019E-01

    93.50 deg.: X-S =       1.086787 mb/sr,
+                                         /R =   6.036764E-01

    94.00 deg.: X-S =       1.045467 mb/sr,
+                                         /R =   5.902959E-01

    94.50 deg.: X-S =       1.010701 mb/sr,
+                                         /R =   5.799883E-01

    95.00 deg.: X-S =       0.982684 mb/sr,
+                                         /R =   5.730424E-01

    95.50 deg.: X-S =       0.961527 mb/sr,
+                                         /R =   5.697046E-01

    96.00 deg.: X-S =       0.947251 mb/sr,
+                                         /R =   5.701752E-01

    96.50 deg.: X-S =       0.939793 mb/sr,
+                                         /R =   5.746064E-01

    97.00 deg.: X-S =       0.939008 mb/sr,
+                                         /R =   5.831001E-01

    97.50 deg.: X-S =       0.944673 mb/sr,
+                                         /R =   5.957063E-01

    98.00 deg.: X-S =       0.956494 mb/sr,
+                                         /R =   6.124225E-01

    98.50 deg.: X-S =       0.974109 mb/sr,
+                                         /R =   6.331935E-01

    99.00 deg.: X-S =       0.997094 mb/sr,
+                                         /R =   6.579116E-01

    99.50 deg.: X-S =       1.024972 mb/sr,
+                                         /R =   6.864178E-01

   100.00 deg.: X-S =       1.057216 mb/sr,
+                                         /R =   7.185036E-01

   100.50 deg.: X-S =       1.093261 mb/sr,
+                                         /R =   7.539130E-01

   101.00 deg.: X-S =       1.132507 mb/sr,
+                                         /R =   7.923455E-01

   101.50 deg.: X-S =       1.174331 mb/sr,
+                                         /R =   8.334599E-01

   102.00 deg.: X-S =       1.218090 mb/sr,
+                                         /R =   8.768778E-01

   102.50 deg.: X-S =       1.263133 mb/sr,
+                                         /R =   9.221884E-01

   103.00 deg.: X-S =       1.308809 mb/sr,
+                                         /R =   9.689537E-01

   103.50 deg.: X-S =       1.354470 mb/sr,
+                                         /R =   1.016714E+00

   104.00 deg.: X-S =       1.399486 mb/sr,
+                                         /R =   1.064992E+00

   104.50 deg.: X-S =       1.443245 mb/sr,
+                                         /R =   1.113303E+00

   105.00 deg.: X-S =       1.485167 mb/sr,
+                                         /R =   1.161158E+00

   105.50 deg.: X-S =       1.524705 mb/sr,
+                                         /R =   1.208070E+00

   106.00 deg.: X-S =       1.561357 mb/sr,
+                                         /R =   1.253563E+00

   106.50 deg.: X-S =       1.594666 mb/sr,
+                                         /R =   1.297178E+00

   107.00 deg.: X-S =       1.624230 mb/sr,
+                                         /R =   1.338479E+00

   107.50 deg.: X-S =       1.649703 mb/sr,
+                                         /R =   1.377062E+00

   108.00 deg.: X-S =       1.670805 mb/sr,
+                                         /R =   1.412556E+00

   108.50 deg.: X-S =       1.687315 mb/sr,
+                                         /R =   1.444635E+00

   109.00 deg.: X-S =       1.699087 mb/sr,
+                                         /R =   1.473021E+00

   109.50 deg.: X-S =       1.706037 mb/sr,
+                                         /R =   1.497489E+00

   110.00 deg.: X-S =       1.708156 mb/sr,
+                                         /R =   1.517872E+00

   110.50 deg.: X-S =       1.705504 mb/sr,
+                                         /R =   1.534063E+00

   111.00 deg.: X-S =       1.698208 mb/sr,
+                                         /R =   1.546020E+00

   111.50 deg.: X-S =       1.686463 mb/sr,
+                                         /R =   1.553768E+00

   112.00 deg.: X-S =       1.670528 mb/sr,
+                                         /R =   1.557400E+00

   112.50 deg.: X-S =       1.650722 mb/sr,
+                                         /R =   1.557072E+00

   113.00 deg.: X-S =       1.627418 mb/sr,
+                                         /R =   1.553012E+00

   113.50 deg.: X-S =       1.601040 mb/sr,
+                                         /R =   1.545507E+00

   114.00 deg.: X-S =       1.572054 mb/sr,
+                                         /R =   1.534908E+00

   114.50 deg.: X-S =       1.540962 mb/sr,
+                                         /R =   1.521619E+00

   115.00 deg.: X-S =       1.508296 mb/sr,
+                                         /R =   1.506096E+00

   115.50 deg.: X-S =       1.474604 mb/sr,
+                                         /R =   1.488838E+00

   116.00 deg.: X-S =       1.440449 mb/sr,
+                                         /R =   1.470379E+00

   116.50 deg.: X-S =       1.406392 mb/sr,
+                                         /R =   1.451280E+00

   117.00 deg.: X-S =       1.372988 mb/sr,
+                                         /R =   1.432120E+00

   117.50 deg.: X-S =       1.340775 mb/sr,
+                                         /R =   1.413483E+00

   118.00 deg.: X-S =       1.310262 mb/sr,
+                                         /R =   1.395950E+00

   118.50 deg.: X-S =       1.281924 mb/sr,
+                                         /R =   1.380086E+00

   119.00 deg.: X-S =       1.256191 mb/sr,
+                                         /R =   1.366428E+00

   119.50 deg.: X-S =       1.233440 mb/sr,
+                                         /R =   1.355475E+00

   120.00 deg.: X-S =       1.213987 mb/sr,
+                                         /R =   1.347677E+00

   120.50 deg.: X-S =       1.198081 mb/sr,
+                                         /R =   1.343421E+00

   121.00 deg.: X-S =       1.185899 mb/sr,
+                                         /R =   1.343025E+00

   121.50 deg.: X-S =       1.177540 mb/sr,
+                                         /R =   1.346724E+00

   122.00 deg.: X-S =       1.173023 mb/sr,
+                                         /R =   1.354668E+00

   122.50 deg.: X-S =       1.172285 mb/sr,
+                                         /R =   1.366909E+00

   123.00 deg.: X-S =       1.175182 mb/sr,
+                                         /R =   1.383402E+00

   123.50 deg.: X-S =       1.181485 mb/sr,
+                                         /R =   1.403996E+00

   124.00 deg.: X-S =       1.190891 mb/sr,
+                                         /R =   1.428437E+00

   124.50 deg.: X-S =       1.203020 mb/sr,
+                                         /R =   1.456368E+00

   125.00 deg.: X-S =       1.217425 mb/sr,
+                                         /R =   1.487330E+00

   125.50 deg.: X-S =       1.233598 mb/sr,
+                                         /R =   1.520770E+00

   126.00 deg.: X-S =       1.250978 mb/sr,
+                                         /R =   1.556047E+00

   126.50 deg.: X-S =       1.268964 mb/sr,
+                                         /R =   1.592442E+00

   127.00 deg.: X-S =       1.286923 mb/sr,
+                                         /R =   1.629171E+00

   127.50 deg.: X-S =       1.304204 mb/sr,
+                                         /R =   1.665399E+00

   128.00 deg.: X-S =       1.320151 mb/sr,
+                                         /R =   1.700253E+00

   128.50 deg.: X-S =       1.334114 mb/sr,
+                                         /R =   1.732844E+00

   129.00 deg.: X-S =       1.345467 mb/sr,
+                                         /R =   1.762282E+00

   129.50 deg.: X-S =       1.353620 mb/sr,
+                                         /R =   1.787699E+00

   130.00 deg.: X-S =       1.358032 mb/sr,
+                                         /R =   1.808266E+00

   130.50 deg.: X-S =       1.358225 mb/sr,
+                                         /R =   1.823217E+00

   131.00 deg.: X-S =       1.353795 mb/sr,
+                                         /R =   1.831867E+00

   131.50 deg.: X-S =       1.344425 mb/sr,
+                                         /R =   1.833632E+00

   132.00 deg.: X-S =       1.329896 mb/sr,
+                                         /R =   1.828049E+00

   132.50 deg.: X-S =       1.310092 mb/sr,
+                                         /R =   1.814792E+00

   133.00 deg.: X-S =       1.285010 mb/sr,
+                                         /R =   1.793688E+00

   133.50 deg.: X-S =       1.254760 mb/sr,
+                                         /R =   1.764727E+00

   134.00 deg.: X-S =       1.219574 mb/sr,
+                                         /R =   1.728072E+00

   134.50 deg.: X-S =       1.179799 mb/sr,
+                                         /R =   1.684068E+00

   135.00 deg.: X-S =       1.135900 mb/sr,
+                                         /R =   1.633243E+00

   135.50 deg.: X-S =       1.088452 mb/sr,
+                                         /R =   1.576305E+00

   136.00 deg.: X-S =       1.038133 mb/sr,
+                                         /R =   1.514140E+00

   136.50 deg.: X-S =       0.985716 mb/sr,
+                                         /R =   1.447798E+00

   137.00 deg.: X-S =       0.932054 mb/sr,
+                                         /R =   1.378485E+00

   137.50 deg.: X-S =       0.878068 mb/sr,
+                                         /R =   1.307543E+00

   138.00 deg.: X-S =       0.824731 mb/sr,
+                                         /R =   1.236427E+00

   138.50 deg.: X-S =       0.773045 mb/sr,
+                                         /R =   1.166681E+00

   139.00 deg.: X-S =       0.724032 mb/sr,
+                                         /R =   1.099910E+00

   139.50 deg.: X-S =       0.678700 mb/sr,
+                                         /R =   1.037751E+00

   140.00 deg.: X-S =       0.638036 mb/sr,
+                                         /R =   9.818331E-01

   140.50 deg.: X-S =       0.602972 mb/sr,
+                                         /R =   9.337490E-01

   141.00 deg.: X-S =       0.574374 mb/sr,
+                                         /R =   8.950153E-01

   141.50 deg.: X-S =       0.553014 mb/sr,
+                                         /R =   8.670368E-01

   142.00 deg.: X-S =       0.539555 mb/sr,
+                                         /R =   8.510709E-01

   142.50 deg.: X-S =       0.534531 mb/sr,
+                                         /R =   8.481924E-01

   143.00 deg.: X-S =       0.538331 mb/sr,
+                                         /R =   8.592617E-01

   143.50 deg.: X-S =       0.551186 mb/sr,
+                                         /R =   8.848951E-01

   144.00 deg.: X-S =       0.573156 mb/sr,
+                                         /R =   9.254392E-01

   144.50 deg.: X-S =       0.604126 mb/sr,
+                                         /R =   9.809495E-01

   145.00 deg.: X-S =       0.643795 mb/sr,
+                                         /R =   1.051175E+00

   145.50 deg.: X-S =       0.691681 mb/sr,
+                                         /R =   1.135547E+00

   146.00 deg.: X-S =       0.747121 mb/sr,
+                                         /R =   1.233177E+00

   146.50 deg.: X-S =       0.809276 mb/sr,
+                                         /R =   1.342859E+00

   147.00 deg.: X-S =       0.877142 mb/sr,
+                                         /R =   1.463077E+00

   147.50 deg.: X-S =       0.949567 mb/sr,
+                                         /R =   1.592026E+00

   148.00 deg.: X-S =       1.025264 mb/sr,
+                                         /R =   1.727634E+00

   148.50 deg.: X-S =       1.102834 mb/sr,
+                                         /R =   1.867591E+00

   149.00 deg.: X-S =       1.180792 mb/sr,
+                                         /R =   2.009392E+00

   149.50 deg.: X-S =       1.257589 mb/sr,
+                                         /R =   2.150376E+00

   150.00 deg.: X-S =       1.331646 mb/sr,
+                                         /R =   2.287776E+00

   150.50 deg.: X-S =       1.401385 mb/sr,
+                                         /R =   2.418775E+00

   151.00 deg.: X-S =       1.465258 mb/sr,
+                                         /R =   2.540562E+00

   151.50 deg.: X-S =       1.521780 mb/sr,
+                                         /R =   2.650394E+00

   152.00 deg.: X-S =       1.569568 mb/sr,
+                                         /R =   2.745656E+00

   152.50 deg.: X-S =       1.607367 mb/sr,
+                                         /R =   2.823925E+00

   153.00 deg.: X-S =       1.634083 mb/sr,
+                                         /R =   2.883033E+00

   153.50 deg.: X-S =       1.648815 mb/sr,
+                                         /R =   2.921123E+00

   154.00 deg.: X-S =       1.650881 mb/sr,
+                                         /R =   2.936708E+00

   154.50 deg.: X-S =       1.639837 mb/sr,
+                                         /R =   2.928723E+00

   155.00 deg.: X-S =       1.615505 mb/sr,
+                                         /R =   2.896568E+00

   155.50 deg.: X-S =       1.577982 mb/sr,
+                                         /R =   2.840145E+00

   156.00 deg.: X-S =       1.527655 mb/sr,
+                                         /R =   2.759893E+00

   156.50 deg.: X-S =       1.465205 mb/sr,
+                                         /R =   2.656803E+00

   157.00 deg.: X-S =       1.391610 mb/sr,
+                                         /R =   2.532431E+00

   157.50 deg.: X-S =       1.308135 mb/sr,
+                                         /R =   2.388899E+00

   158.00 deg.: X-S =       1.216329 mb/sr,
+                                         /R =   2.228881E+00

   158.50 deg.: X-S =       1.118003 mb/sr,
+                                         /R =   2.055583E+00

   159.00 deg.: X-S =       1.015210 mb/sr,
+                                         /R =   1.872707E+00

   159.50 deg.: X-S =       0.910219 mb/sr,
+                                         /R =   1.684410E+00

   160.00 deg.: X-S =       0.805483 mb/sr,
+                                         /R =   1.495242E+00

   160.50 deg.: X-S =       0.703600 mb/sr,
+                                         /R =   1.310088E+00

   161.00 deg.: X-S =       0.607276 mb/sr,
+                                         /R =   1.134087E+00

   161.50 deg.: X-S =       0.519281 mb/sr,
+                                         /R =   9.725553E-01

   162.00 deg.: X-S =       0.442401 mb/sr,
+                                         /R =   8.308924E-01

   162.50 deg.: X-S =       0.379388 mb/sr,
+                                         /R =   7.144904E-01

   163.00 deg.: X-S =       0.332917 mb/sr,
+                                         /R =   6.286347E-01

   163.50 deg.: X-S =       0.305530 mb/sr,
+                                         /R =   5.784051E-01

   164.00 deg.: X-S =       0.299590 mb/sr,
+                                         /R =   5.685758E-01

   164.50 deg.: X-S =       0.317235 mb/sr,
+                                         /R =   6.035184E-01

   165.00 deg.: X-S =       0.360331 mb/sr,
+                                         /R =   6.871077E-01

   165.50 deg.: X-S =       0.430429 mb/sr,
+                                         /R =   8.226335E-01

   166.00 deg.: X-S =       0.528734 mb/sr,
+                                         /R =   1.012721E+00

   166.50 deg.: X-S =       0.656067 mb/sr,
+                                         /R =   1.259256E+00

   167.00 deg.: X-S =       0.812838 mb/sr,
+                                         /R =   1.563330E+00

   167.50 deg.: X-S =       0.999031 mb/sr,
+                                         /R =   1.925185E+00

   168.00 deg.: X-S =       1.214185 mb/sr,
+                                         /R =   2.344183E+00

   168.50 deg.: X-S =       1.457387 mb/sr,
+                                         /R =   2.818782E+00

   169.00 deg.: X-S =       1.727276 mb/sr,
+                                         /R =   3.346532E+00

   169.50 deg.: X-S =       2.022050 mb/sr,
+                                         /R =   3.924084E+00

   170.00 deg.: X-S =       2.339479 mb/sr,
+                                         /R =   4.547214E+00

   170.50 deg.: X-S =       2.676931 mb/sr,
+                                         /R =   5.210866E+00

   171.00 deg.: X-S =       3.031399 mb/sr,
+                                         /R =   5.909204E+00

   171.50 deg.: X-S =       3.399540 mb/sr,
+                                         /R =   6.635689E+00

   172.00 deg.: X-S =       3.777717 mb/sr,
+                                         /R =   7.383155E+00

   172.50 deg.: X-S =       4.162048 mb/sr,
+                                         /R =   8.143911E+00

   173.00 deg.: X-S =       4.548454 mb/sr,
+                                         /R =   8.909842E+00

   173.50 deg.: X-S =       4.932726 mb/sr,
+                                         /R =   9.672531E+00

   174.00 deg.: X-S =       5.310574 mb/sr,
+                                         /R =   1.042338E+01

   174.50 deg.: X-S =       5.677696 mb/sr,
+                                         /R =   1.115372E+01

   175.00 deg.: X-S =       6.029841 mb/sr,
+                                         /R =   1.185499E+01

   175.50 deg.: X-S =       6.362867 mb/sr,
+                                         /R =   1.251879E+01

   176.00 deg.: X-S =       6.672808 mb/sr,
+                                         /R =   1.313710E+01

   176.50 deg.: X-S =       6.955933 mb/sr,
+                                         /R =   1.370233E+01

   177.00 deg.: X-S =       7.208799 mb/sr,
+                                         /R =   1.420748E+01

   177.50 deg.: X-S =       7.428309 mb/sr,
+                                         /R =   1.464623E+01

   178.00 deg.: X-S =       7.611756 mb/sr,
+                                         /R =   1.501307E+01

   178.50 deg.: X-S =       7.756865 mb/sr,
+                                         /R =   1.530336E+01

   179.00 deg.: X-S =       7.861830 mb/sr,
+                                         /R =   1.551340E+01

   179.50 deg.: X-S =       7.925339 mb/sr,
+                                         /R =   1.564050E+01

   179.99 deg.: X-S =       7.946589 mb/sr,
+                                         /R =   1.568303E+01

                                           Integrated  8.3612E+10 mb, over [   0.000, 180.000] at    32.0000 MeV 
     0.00 deg.: X-S =       0.314056 mb/sr,
+                                         REAC   3.0138E-01 mb

     0.50 deg.: X-S =       0.313899 mb/sr,

     1.00 deg.: X-S =       0.313429 mb/sr,

     1.50 deg.: X-S =       0.312645 mb/sr,

     2.00 deg.: X-S =       0.311548 mb/sr,

     2.50 deg.: X-S =       0.310138 mb/sr,

     3.00 deg.: X-S =       0.308416 mb/sr,

     3.50 deg.: X-S =       0.306382 mb/sr,

     4.00 deg.: X-S =       0.304038 mb/sr,

     4.50 deg.: X-S =       0.301384 mb/sr,

     5.00 deg.: X-S =       0.298425 mb/sr,

     5.50 deg.: X-S =       0.295161 mb/sr,

     6.00 deg.: X-S =       0.291598 mb/sr,

     6.50 deg.: X-S =       0.287740 mb/sr,

     7.00 deg.: X-S =       0.283592 mb/sr,

     7.50 deg.: X-S =       0.279162 mb/sr,

     8.00 deg.: X-S =       0.274458 mb/sr,

     8.50 deg.: X-S =       0.269489 mb/sr,

     9.00 deg.: X-S =       0.264266 mb/sr,

     9.50 deg.: X-S =       0.258802 mb/sr,

    10.00 deg.: X-S =       0.253110 mb/sr,

    10.50 deg.: X-S =       0.247207 mb/sr,

    11.00 deg.: X-S =       0.241108 mb/sr,

    11.50 deg.: X-S =       0.234833 mb/sr,

    12.00 deg.: X-S =       0.228400 mb/sr,

    12.50 deg.: X-S =       0.221831 mb/sr,

    13.00 deg.: X-S =       0.215149 mb/sr,

    13.50 deg.: X-S =       0.208375 mb/sr,

    14.00 deg.: X-S =       0.201535 mb/sr,

    14.50 deg.: X-S =       0.194652 mb/sr,

    15.00 deg.: X-S =       0.187752 mb/sr,

    15.50 deg.: X-S =       0.180860 mb/sr,

    16.00 deg.: X-S =       0.174002 mb/sr,

    16.50 deg.: X-S =       0.167201 mb/sr,

    17.00 deg.: X-S =       0.160484 mb/sr,

    17.50 deg.: X-S =       0.153873 mb/sr,

    18.00 deg.: X-S =       0.147392 mb/sr,

    18.50 deg.: X-S =       0.141061 mb/sr,

    19.00 deg.: X-S =       0.134902 mb/sr,

    19.50 deg.: X-S =       0.128933 mb/sr,

    20.00 deg.: X-S =       0.123171 mb/sr,

    20.50 deg.: X-S =       0.117629 mb/sr,

    21.00 deg.: X-S =       0.112323 mb/sr,

    21.50 deg.: X-S =       0.107261 mb/sr,

    22.00 deg.: X-S =       0.102452 mb/sr,

    22.50 deg.: X-S =       0.097902 mb/sr,

    23.00 deg.: X-S =       0.093615 mb/sr,

    23.50 deg.: X-S =       0.089593 mb/sr,

    24.00 deg.: X-S =       0.085834 mb/sr,

    24.50 deg.: X-S =       0.082336 mb/sr,

    25.00 deg.: X-S =       0.079093 mb/sr,

    25.50 deg.: X-S =       0.076098 mb/sr,

    26.00 deg.: X-S =       0.073343 mb/sr,

    26.50 deg.: X-S =       0.070818 mb/sr,

    27.00 deg.: X-S =       0.068510 mb/sr,

    27.50 deg.: X-S =       0.066407 mb/sr,

    28.00 deg.: X-S =       0.064495 mb/sr,

    28.50 deg.: X-S =       0.062758 mb/sr,

    29.00 deg.: X-S =       0.061182 mb/sr,

    29.50 deg.: X-S =       0.059751 mb/sr,

    30.00 deg.: X-S =       0.058450 mb/sr,

    30.50 deg.: X-S =       0.057261 mb/sr,

    31.00 deg.: X-S =       0.056171 mb/sr,

    31.50 deg.: X-S =       0.055163 mb/sr,

    32.00 deg.: X-S =       0.054224 mb/sr,

    32.50 deg.: X-S =       0.053339 mb/sr,

    33.00 deg.: X-S =       0.052496 mb/sr,

    33.50 deg.: X-S =       0.051683 mb/sr,

    34.00 deg.: X-S =       0.050889 mb/sr,

    34.50 deg.: X-S =       0.050104 mb/sr,

    35.00 deg.: X-S =       0.049319 mb/sr,

    35.50 deg.: X-S =       0.048527 mb/sr,

    36.00 deg.: X-S =       0.047722 mb/sr,

    36.50 deg.: X-S =       0.046898 mb/sr,

    37.00 deg.: X-S =       0.046051 mb/sr,

    37.50 deg.: X-S =       0.045179 mb/sr,

    38.00 deg.: X-S =       0.044280 mb/sr,

    38.50 deg.: X-S =       0.043351 mb/sr,

    39.00 deg.: X-S =       0.042395 mb/sr,

    39.50 deg.: X-S =       0.041410 mb/sr,

    40.00 deg.: X-S =       0.040400 mb/sr,

    40.50 deg.: X-S =       0.039365 mb/sr,

    41.00 deg.: X-S =       0.038308 mb/sr,

    41.50 deg.: X-S =       0.037234 mb/sr,

    42.00 deg.: X-S =       0.036144 mb/sr,

    42.50 deg.: X-S =       0.035044 mb/sr,

    43.00 deg.: X-S =       0.033936 mb/sr,

    43.50 deg.: X-S =       0.032825 mb/sr,

    44.00 deg.: X-S =       0.031716 mb/sr,

    44.50 deg.: X-S =       0.030613 mb/sr,

    45.00 deg.: X-S =       0.029518 mb/sr,

    45.50 deg.: X-S =       0.028438 mb/sr,

    46.00 deg.: X-S =       0.027374 mb/sr,

    46.50 deg.: X-S =       0.026331 mb/sr,

    47.00 deg.: X-S =       0.025313 mb/sr,

    47.50 deg.: X-S =       0.024321 mb/sr,

    48.00 deg.: X-S =       0.023359 mb/sr,

    48.50 deg.: X-S =       0.022429 mb/sr,

    49.00 deg.: X-S =       0.021533 mb/sr,

    49.50 deg.: X-S =       0.020672 mb/sr,

    50.00 deg.: X-S =       0.019848 mb/sr,

    50.50 deg.: X-S =       0.019062 mb/sr,

    51.00 deg.: X-S =       0.018314 mb/sr,

    51.50 deg.: X-S =       0.017605 mb/sr,

    52.00 deg.: X-S =       0.016934 mb/sr,

    52.50 deg.: X-S =       0.016301 mb/sr,

    53.00 deg.: X-S =       0.015705 mb/sr,

    53.50 deg.: X-S =       0.015146 mb/sr,

    54.00 deg.: X-S =       0.014623 mb/sr,

    54.50 deg.: X-S =       0.014133 mb/sr,

    55.00 deg.: X-S =       0.013676 mb/sr,

    55.50 deg.: X-S =       0.013251 mb/sr,

    56.00 deg.: X-S =       0.012854 mb/sr,

    56.50 deg.: X-S =       0.012486 mb/sr,

    57.00 deg.: X-S =       0.012143 mb/sr,

    57.50 deg.: X-S =       0.011825 mb/sr,

    58.00 deg.: X-S =       0.011529 mb/sr,

    58.50 deg.: X-S =       0.011254 mb/sr,

    59.00 deg.: X-S =       0.010998 mb/sr,

    59.50 deg.: X-S =       0.010759 mb/sr,

    60.00 deg.: X-S =       0.010538 mb/sr,

    60.50 deg.: X-S =       0.010331 mb/sr,

    61.00 deg.: X-S =       0.010138 mb/sr,

    61.50 deg.: X-S =       0.009958 mb/sr,

    62.00 deg.: X-S =       0.009791 mb/sr,

    62.50 deg.: X-S =       0.009635 mb/sr,

    63.00 deg.: X-S =       0.009490 mb/sr,

    63.50 deg.: X-S =       0.009357 mb/sr,

    64.00 deg.: X-S =       0.009234 mb/sr,

    64.50 deg.: X-S =       0.009122 mb/sr,

    65.00 deg.: X-S =       0.009020 mb/sr,

    65.50 deg.: X-S =       0.008930 mb/sr,

    66.00 deg.: X-S =       0.008852 mb/sr,

    66.50 deg.: X-S =       0.008785 mb/sr,

    67.00 deg.: X-S =       0.008731 mb/sr,

    67.50 deg.: X-S =       0.008689 mb/sr,

    68.00 deg.: X-S =       0.008661 mb/sr,

    68.50 deg.: X-S =       0.008647 mb/sr,

    69.00 deg.: X-S =       0.008648 mb/sr,

    69.50 deg.: X-S =       0.008664 mb/sr,

    70.00 deg.: X-S =       0.008695 mb/sr,

    70.50 deg.: X-S =       0.008742 mb/sr,

    71.00 deg.: X-S =       0.008805 mb/sr,

    71.50 deg.: X-S =       0.008884 mb/sr,

    72.00 deg.: X-S =       0.008980 mb/sr,

    72.50 deg.: X-S =       0.009092 mb/sr,

    73.00 deg.: X-S =       0.009220 mb/sr,

    73.50 deg.: X-S =       0.009364 mb/sr,

    74.00 deg.: X-S =       0.009524 mb/sr,

    74.50 deg.: X-S =       0.009699 mb/sr,

    75.00 deg.: X-S =       0.009889 mb/sr,

    75.50 deg.: X-S =       0.010092 mb/sr,

    76.00 deg.: X-S =       0.010308 mb/sr,

    76.50 deg.: X-S =       0.010536 mb/sr,

    77.00 deg.: X-S =       0.010776 mb/sr,

    77.50 deg.: X-S =       0.011025 mb/sr,

    78.00 deg.: X-S =       0.011282 mb/sr,

    78.50 deg.: X-S =       0.011548 mb/sr,

    79.00 deg.: X-S =       0.011819 mb/sr,

    79.50 deg.: X-S =       0.012096 mb/sr,

    80.00 deg.: X-S =       0.012376 mb/sr,

    80.50 deg.: X-S =       0.012658 mb/sr,

    81.00 deg.: X-S =       0.012941 mb/sr,

    81.50 deg.: X-S =       0.013224 mb/sr,

    82.00 deg.: X-S =       0.013505 mb/sr,

    82.50 deg.: X-S =       0.013784 mb/sr,

    83.00 deg.: X-S =       0.014058 mb/sr,

    83.50 deg.: X-S =       0.014326 mb/sr,

    84.00 deg.: X-S =       0.014588 mb/sr,

    84.50 deg.: X-S =       0.014842 mb/sr,

    85.00 deg.: X-S =       0.015088 mb/sr,

    85.50 deg.: X-S =       0.015324 mb/sr,

    86.00 deg.: X-S =       0.015549 mb/sr,

    86.50 deg.: X-S =       0.015763 mb/sr,

    87.00 deg.: X-S =       0.015964 mb/sr,

    87.50 deg.: X-S =       0.016153 mb/sr,

    88.00 deg.: X-S =       0.016329 mb/sr,

    88.50 deg.: X-S =       0.016491 mb/sr,

    89.00 deg.: X-S =       0.016638 mb/sr,

    89.50 deg.: X-S =       0.016771 mb/sr,

    90.00 deg.: X-S =       0.016888 mb/sr,

    90.50 deg.: X-S =       0.016991 mb/sr,

    91.00 deg.: X-S =       0.017079 mb/sr,

    91.50 deg.: X-S =       0.017151 mb/sr,

    92.00 deg.: X-S =       0.017208 mb/sr,

    92.50 deg.: X-S =       0.017251 mb/sr,

    93.00 deg.: X-S =       0.017278 mb/sr,

    93.50 deg.: X-S =       0.017291 mb/sr,

    94.00 deg.: X-S =       0.017289 mb/sr,

    94.50 deg.: X-S =       0.017274 mb/sr,

    95.00 deg.: X-S =       0.017246 mb/sr,

    95.50 deg.: X-S =       0.017204 mb/sr,

    96.00 deg.: X-S =       0.017151 mb/sr,

    96.50 deg.: X-S =       0.017085 mb/sr,

    97.00 deg.: X-S =       0.017009 mb/sr,

    97.50 deg.: X-S =       0.016922 mb/sr,

    98.00 deg.: X-S =       0.016826 mb/sr,

    98.50 deg.: X-S =       0.016720 mb/sr,

    99.00 deg.: X-S =       0.016607 mb/sr,

    99.50 deg.: X-S =       0.016486 mb/sr,

   100.00 deg.: X-S =       0.016358 mb/sr,

   100.50 deg.: X-S =       0.016225 mb/sr,

   101.00 deg.: X-S =       0.016087 mb/sr,

   101.50 deg.: X-S =       0.015945 mb/sr,

   102.00 deg.: X-S =       0.015799 mb/sr,

   102.50 deg.: X-S =       0.015651 mb/sr,

   103.00 deg.: X-S =       0.015501 mb/sr,

   103.50 deg.: X-S =       0.015350 mb/sr,

   104.00 deg.: X-S =       0.015198 mb/sr,

   104.50 deg.: X-S =       0.015047 mb/sr,

   105.00 deg.: X-S =       0.014896 mb/sr,

   105.50 deg.: X-S =       0.014747 mb/sr,

   106.00 deg.: X-S =       0.014601 mb/sr,

   106.50 deg.: X-S =       0.014457 mb/sr,

   107.00 deg.: X-S =       0.014316 mb/sr,

   107.50 deg.: X-S =       0.014179 mb/sr,

   108.00 deg.: X-S =       0.014046 mb/sr,

   108.50 deg.: X-S =       0.013917 mb/sr,

   109.00 deg.: X-S =       0.013793 mb/sr,

   109.50 deg.: X-S =       0.013674 mb/sr,

   110.00 deg.: X-S =       0.013561 mb/sr,

   110.50 deg.: X-S =       0.013453 mb/sr,

   111.00 deg.: X-S =       0.013350 mb/sr,

   111.50 deg.: X-S =       0.013253 mb/sr,

   112.00 deg.: X-S =       0.013162 mb/sr,

   112.50 deg.: X-S =       0.013076 mb/sr,

   113.00 deg.: X-S =       0.012996 mb/sr,

   113.50 deg.: X-S =       0.012922 mb/sr,

   114.00 deg.: X-S =       0.012854 mb/sr,

   114.50 deg.: X-S =       0.012790 mb/sr,

   115.00 deg.: X-S =       0.012733 mb/sr,

   115.50 deg.: X-S =       0.012680 mb/sr,

   116.00 deg.: X-S =       0.012632 mb/sr,

   116.50 deg.: X-S =       0.012588 mb/sr,

   117.00 deg.: X-S =       0.012550 mb/sr,

   117.50 deg.: X-S =       0.012515 mb/sr,

   118.00 deg.: X-S =       0.012484 mb/sr,

   118.50 deg.: X-S =       0.012456 mb/sr,

   119.00 deg.: X-S =       0.012431 mb/sr,

   119.50 deg.: X-S =       0.012410 mb/sr,

   120.00 deg.: X-S =       0.012390 mb/sr,

   120.50 deg.: X-S =       0.012373 mb/sr,

   121.00 deg.: X-S =       0.012358 mb/sr,

   121.50 deg.: X-S =       0.012344 mb/sr,

   122.00 deg.: X-S =       0.012331 mb/sr,

   122.50 deg.: X-S =       0.012319 mb/sr,

   123.00 deg.: X-S =       0.012307 mb/sr,

   123.50 deg.: X-S =       0.012295 mb/sr,

   124.00 deg.: X-S =       0.012283 mb/sr,

   124.50 deg.: X-S =       0.012270 mb/sr,

   125.00 deg.: X-S =       0.012256 mb/sr,

   125.50 deg.: X-S =       0.012241 mb/sr,

   126.00 deg.: X-S =       0.012225 mb/sr,

   126.50 deg.: X-S =       0.012206 mb/sr,

   127.00 deg.: X-S =       0.012186 mb/sr,

   127.50 deg.: X-S =       0.012164 mb/sr,

   128.00 deg.: X-S =       0.012139 mb/sr,

   128.50 deg.: X-S =       0.012111 mb/sr,

   129.00 deg.: X-S =       0.012081 mb/sr,

   129.50 deg.: X-S =       0.012048 mb/sr,

   130.00 deg.: X-S =       0.012012 mb/sr,

   130.50 deg.: X-S =       0.011973 mb/sr,

   131.00 deg.: X-S =       0.011931 mb/sr,

   131.50 deg.: X-S =       0.011886 mb/sr,

   132.00 deg.: X-S =       0.011838 mb/sr,

   132.50 deg.: X-S =       0.011787 mb/sr,

   133.00 deg.: X-S =       0.011733 mb/sr,

   133.50 deg.: X-S =       0.011676 mb/sr,

   134.00 deg.: X-S =       0.011617 mb/sr,

   134.50 deg.: X-S =       0.011556 mb/sr,

   135.00 deg.: X-S =       0.011492 mb/sr,

   135.50 deg.: X-S =       0.011426 mb/sr,

   136.00 deg.: X-S =       0.011359 mb/sr,

   136.50 deg.: X-S =       0.011290 mb/sr,

   137.00 deg.: X-S =       0.011220 mb/sr,

   137.50 deg.: X-S =       0.011149 mb/sr,

   138.00 deg.: X-S =       0.011078 mb/sr,

   138.50 deg.: X-S =       0.011006 mb/sr,

   139.00 deg.: X-S =       0.010935 mb/sr,

   139.50 deg.: X-S =       0.010865 mb/sr,

   140.00 deg.: X-S =       0.010796 mb/sr,

   140.50 deg.: X-S =       0.010728 mb/sr,

   141.00 deg.: X-S =       0.010663 mb/sr,

   141.50 deg.: X-S =       0.010599 mb/sr,

   142.00 deg.: X-S =       0.010539 mb/sr,

   142.50 deg.: X-S =       0.010481 mb/sr,

   143.00 deg.: X-S =       0.010427 mb/sr,

   143.50 deg.: X-S =       0.010378 mb/sr,

   144.00 deg.: X-S =       0.010332 mb/sr,

   144.50 deg.: X-S =       0.010291 mb/sr,

   145.00 deg.: X-S =       0.010255 mb/sr,

   145.50 deg.: X-S =       0.010225 mb/sr,

   146.00 deg.: X-S =       0.010200 mb/sr,

   146.50 deg.: X-S =       0.010181 mb/sr,

   147.00 deg.: X-S =       0.010168 mb/sr,

   147.50 deg.: X-S =       0.010162 mb/sr,

   148.00 deg.: X-S =       0.010161 mb/sr,

   148.50 deg.: X-S =       0.010167 mb/sr,

   149.00 deg.: X-S =       0.010180 mb/sr,

   149.50 deg.: X-S =       0.010200 mb/sr,

   150.00 deg.: X-S =       0.010226 mb/sr,

   150.50 deg.: X-S =       0.010258 mb/sr,

   151.00 deg.: X-S =       0.010297 mb/sr,

   151.50 deg.: X-S =       0.010342 mb/sr,

   152.00 deg.: X-S =       0.010393 mb/sr,

   152.50 deg.: X-S =       0.010451 mb/sr,

   153.00 deg.: X-S =       0.010513 mb/sr,

   153.50 deg.: X-S =       0.010581 mb/sr,

   154.00 deg.: X-S =       0.010654 mb/sr,

   154.50 deg.: X-S =       0.010732 mb/sr,

   155.00 deg.: X-S =       0.010814 mb/sr,

   155.50 deg.: X-S =       0.010899 mb/sr,

   156.00 deg.: X-S =       0.010988 mb/sr,

   156.50 deg.: X-S =       0.011080 mb/sr,

   157.00 deg.: X-S =       0.011174 mb/sr,

   157.50 deg.: X-S =       0.011270 mb/sr,

   158.00 deg.: X-S =       0.011367 mb/sr,

   158.50 deg.: X-S =       0.011465 mb/sr,

   159.00 deg.: X-S =       0.011564 mb/sr,

   159.50 deg.: X-S =       0.011663 mb/sr,

   160.00 deg.: X-S =       0.011761 mb/sr,

   160.50 deg.: X-S =       0.011857 mb/sr,

   161.00 deg.: X-S =       0.011953 mb/sr,

   161.50 deg.: X-S =       0.012046 mb/sr,

   162.00 deg.: X-S =       0.012137 mb/sr,

   162.50 deg.: X-S =       0.012225 mb/sr,

   163.00 deg.: X-S =       0.012311 mb/sr,

   163.50 deg.: X-S =       0.012392 mb/sr,

   164.00 deg.: X-S =       0.012470 mb/sr,

   164.50 deg.: X-S =       0.012544 mb/sr,

   165.00 deg.: X-S =       0.012614 mb/sr,

   165.50 deg.: X-S =       0.012680 mb/sr,

   166.00 deg.: X-S =       0.012741 mb/sr,

   166.50 deg.: X-S =       0.012798 mb/sr,

   167.00 deg.: X-S =       0.012850 mb/sr,

   167.50 deg.: X-S =       0.012897 mb/sr,

   168.00 deg.: X-S =       0.012940 mb/sr,

   168.50 deg.: X-S =       0.012978 mb/sr,

   169.00 deg.: X-S =       0.013012 mb/sr,

   169.50 deg.: X-S =       0.013042 mb/sr,

   170.00 deg.: X-S =       0.013068 mb/sr,

   170.50 deg.: X-S =       0.013090 mb/sr,

   171.00 deg.: X-S =       0.013109 mb/sr,

   171.50 deg.: X-S =       0.013124 mb/sr,

   172.00 deg.: X-S =       0.013136 mb/sr,

   172.50 deg.: X-S =       0.013146 mb/sr,

   173.00 deg.: X-S =       0.013153 mb/sr,

   173.50 deg.: X-S =       0.013158 mb/sr,

   174.00 deg.: X-S =       0.013161 mb/sr,

   174.50 deg.: X-S =       0.013162 mb/sr,

   175.00 deg.: X-S =       0.013162 mb/sr,

   175.50 deg.: X-S =       0.013161 mb/sr,

   176.00 deg.: X-S =       0.013160 mb/sr,

   176.50 deg.: X-S =       0.013158 mb/sr,

   177.00 deg.: X-S =       0.013156 mb/sr,

   177.50 deg.: X-S =       0.013153 mb/sr,

   178.00 deg.: X-S =       0.013151 mb/sr,

   178.50 deg.: X-S =       0.013149 mb/sr,

   179.00 deg.: X-S =       0.013148 mb/sr,

   179.50 deg.: X-S =       0.013147 mb/sr,

   180.00 deg.: X-S =       0.013147 mb/sr,

    10.00 deg.: X-S =       0.253110 mb/sr,

    12.00 deg.: X-S =       0.228400 mb/sr,

    15.00 deg.: X-S =       0.187752 mb/sr,

    17.00 deg.: X-S =       0.160484 mb/sr,

    20.00 deg.: X-S =       0.123171 mb/sr,

    25.00 deg.: X-S =       0.079093 mb/sr,

                                           Integrated  3.1576E-01 mb, over [   0.000, 180.000] at    32.0000 MeV 



 Mean components of Elastic Optical Potential generated by channel couplings of type  1

     0.160     0.0000     0.0000     0.0000     0.0000     0.0000     0.0000
     0.320     0.0000     0.0000     0.0000     0.0000     0.0000     0.0000
     0.480     0.0000     0.0000     0.0000     0.0000     0.0000     0.0000
     0.640     0.0000     0.0000     0.0000     0.0000     0.0000     0.0000
     0.800     0.0000     0.0000     0.0000     0.0000     0.0000     0.0000
     0.960     0.0000     0.0000     0.0000     0.0000     0.0000     0.0000
     1.120     0.0000     0.0000     0.0000     0.0000     0.0000     0.0000
     1.280     0.0000     0.0000     0.0000     0.0000     0.0000     0.0000
     1.440     0.0000     0.0000     0.0000     0.0000     0.0000     0.0000
     1.600     0.0000     0.0000     0.0000     0.0000     0.0000     0.0000
     1.760     0.0000     0.0000     0.0000     0.0000     0.0000     0.0000
     1.920     0.0000     0.0000     0.0000     0.0000     0.0000     0.0000
     2.080     0.0000     0.0000     0.0000     0.0000     0.0000     0.0000
     2.240     0.0000     0.0000     0.0000     0.0000     0.0000     0.0000
     2.400     0.0000     0.0000     0.0000     0.0000     0.0000     0.0000
     2.560     0.0000     0.0000     0.0000     0.0000     0.0000     0.0000
     2.720     0.0000     0.0000     0.0000     0.0000     0.0000     0.0000
     2.880     0.0000     0.0000     0.0000     0.0000     0.0000     0.0000
     3.040     0.0000     0.0000     0.0000     0.0000     0.0000     0.0000
     3.200     0.0000     0.0000     0.0000     0.0000     0.0000     0.0000
     3.360     0.0000     0.0000     0.0000     0.0000     0.0000     0.0000
     3.520     0.0000     0.0000     0.0000     0.0000     0.0000     0.0000
     3.680     0.0000     0.0000     0.0000     0.0000     0.0000     0.0000
     3.840     0.0000     0.0000     0.0000     0.0000     0.0000     0.0000
     4.000     0.0000     0.0000     0.0000     0.0000     0.0000     0.0000
     4.160     0.0000     0.0000     0.0000     0.0000     0.0000     0.0000
     4.320     0.0000     0.0000     0.0000     0.0000     0.0000     0.0000
     4.480     0.0000     0.0000     0.0000     0.0000     0.0000     0.0000
     4.640     0.0000     0.0000     0.0000     0.0000     0.0000     0.0000
     4.800     0.0000     0.0000     0.0000     0.0000     0.0000     0.0000
     4.960     0.0000     0.0000     0.0000     0.0000     0.0000     0.0000
     5.120     0.0000     0.0000     0.0000     0.0000     0.0000     0.0000
     5.280     0.0000     0.0000     0.0000     0.0000     0.0000     0.0000
     5.440     0.0000     0.0000     0.0000     0.0000     0.0000     0.0000
     5.600     0.0000     0.0000     0.0000     0.0000     0.0000     0.0000
     5.760     0.0000     0.0000     0.0000     0.0000     0.0000     0.0000
     5.920     0.0000     0.0000     0.0000     0.0000     0.0000     0.0000
     6.080     0.0000     0.0000     0.0000     0.0000     0.0000     0.0000
     6.240     0.0000     0.0000     0.0000     0.0000     0.0000     0.0000
     6.400     0.0000     0.0000     0.0000     0.0000     0.0000     0.0000
     6.560     0.0000     0.0000     0.0000     0.0000     0.0000     0.0000
     6.720     0.0000     0.0000     0.0000     0.0000     0.0000     0.0000
     6.880     0.0000     0.0000     0.0000     0.0000     0.0000     0.0000
     7.040     0.0000     0.0000     0.0000     0.0000     0.0000     0.0000
     7.200     0.0000     0.0000     0.0000     0.0000     0.0000     0.0000
     7.360     0.0000     0.0000     0.0000     0.0000     0.0000     0.0000
     7.520     0.0000     0.0000     0.0000     0.0000     0.0000     0.0000
     7.680     0.0000     0.0000     0.0000     0.0000     0.0000     0.0000
     7.840     0.0000     0.0000     0.0000     0.0000     0.0000     0.0000
     8.000     0.0000     0.0000     0.0000     0.0000     0.0000     0.0000
     8.160     0.0000     0.0000     0.0000     0.0000     0.0000     0.0000
     8.320     0.0000     0.0000     0.0000     0.0000     0.0000     0.0000
     8.480     0.0000     0.0000     0.0000     0.0000     0.0000     0.0000
     8.640     0.0000     0.0000     0.0000     0.0000     0.0000     0.0000
     8.800     0.0000     0.0000     0.0000     0.0000     0.0000     0.0000
     8.960     0.0000     0.0000     0.0000     0.0000     0.0000     0.0000
     9.120     0.0000     0.0000     0.0000     0.0000     0.0000     0.0000
     9.280     0.0000     0.0000     0.0000     0.0000     0.0000     0.0000
     9.440     0.0000     0.0000     0.0000     0.0000     0.0000     0.0000
     9.600     0.0000     0.0000     0.0000     0.0000     0.0000     0.0000
     9.760     0.0000     0.0000     0.0000     0.0000     0.0000     0.0000
     9.920     0.0000     0.0000     0.0000     0.0000     0.0000     0.0000
    10.080     0.0000     0.0000     0.0000     0.0000     0.0000     0.0000
    10.240     0.0000     0.0000     0.0000     0.0000     0.0000     0.0000
    10.400     0.0000     0.0000     0.0000     0.0000     0.0000     0.0000
    10.560     0.0000     0.0000     0.0000     0.0000     0.0000     0.0000
    10.720     0.0000     0.0000     0.0000     0.0000     0.0000     0.0000
    10.880     0.0000     0.0000     0.0000     0.0000     0.0000     0.0000
    11.040     0.0000     0.0000     0.0000     0.0000     0.0000     0.0000
    11.200     0.0000     0.0000     0.0000     0.0000     0.0000     0.0000
    11.360     0.0000     0.0000     0.0000     0.0000     0.0000     0.0000
    11.520     0.0000     0.0000     0.0000     0.0000     0.0000     0.0000
    11.680     0.0000     0.0000     0.0000     0.0000     0.0000     0.0000
    11.840     0.0000     0.0000     0.0000     0.0000     0.0000     0.0000
    12.000     0.0000     0.0000     0.0000     0.0000     0.0000     0.0000
    12.160     0.0000     0.0000     0.0000     0.0000     0.0000     0.0000
    12.320     0.0000     0.0000     0.0000     0.0000     0.0000     0.0000
    12.480     0.0000     0.0000     0.0000     0.0000     0.0000     0.0000
    12.640     0.0000     0.0000     0.0000     0.0000     0.0000     0.0000
    12.800     0.0000     0.0000     0.0000     0.0000     0.0000     0.0000
    12.960     0.0000     0.0000     0.0000     0.0000     0.0000     0.0000
    13.120     0.0000     0.0000     0.0000     0.0000     0.0000     0.0000
    13.280     0.0000     0.0000     0.0000     0.0000     0.0000     0.0000
    13.440     0.0000     0.0000     0.0000     0.0000     0.0000     0.0000
    13.600     0.0000     0.0000     0.0000     0.0000     0.0000     0.0000
    13.760     0.0000     0.0000     0.0000     0.0000     0.0000     0.0000
    13.920     0.0000     0.0000     0.0000     0.0000     0.0000     0.0000
    14.080     0.0000     0.0000     0.0000     0.0000     0.0000     0.0000
    14.240     0.0000     0.0000     0.0000     0.0000     0.0000     0.0000
    14.400     0.0000     0.0000     0.0000     0.0000     0.0000     0.0000
    14.560     0.0000     0.0000     0.0000     0.0000     0.0000     0.0000
    14.720     0.0000     0.0000     0.0000     0.0000     0.0000     0.0000
    14.880     0.0000     0.0000     0.0000     0.0000     0.0000     0.0000
    15.040     0.0000     0.0000     0.0000     0.0000     0.0000     0.0000
    15.200     0.0000     0.0000     0.0000     0.0000     0.0000     0.0000
    15.360     0.0000     0.0000     0.0000     0.0000     0.0000     0.0000
    15.520     0.0000     0.0000     0.0000     0.0000     0.0000     0.0000
    15.680     0.0000     0.0000     0.0000     0.0000     0.0000     0.0000
    15.840     0.0000     0.0000     0.0000     0.0000     0.0000     0.0000
    16.000     0.0000     0.0000     0.0000     0.0000     0.0000     0.0000
    16.160     0.0000     0.0000     0.0000     0.0000     0.0000     0.0000
    16.320     0.0000     0.0000     0.0000     0.0000     0.0000     0.0000
    16.480     0.0000     0.0000     0.0000     0.0000     0.0000     0.0000
    16.640     0.0000     0.0000     0.0000     0.0000     0.0000     0.0000
    16.800     0.0000     0.0000     0.0000     0.0000     0.0000     0.0000
    16.960     0.0000     0.0000     0.0000     0.0000     0.0000     0.0000
    17.120     0.0000     0.0000     0.0000     0.0000     0.0000     0.0000
    17.280     0.0000     0.0000     0.0000     0.0000     0.0000     0.0000
    17.440     0.0000     0.0000     0.0000     0.0000     0.0000     0.0000
    17.600     0.0000     0.0000     0.0000     0.0000     0.0000     0.0000
    17.760     0.0000     0.0000     0.0000     0.0000     0.0000     0.0000
    17.920     0.0000     0.0000     0.0000     0.0000     0.0000     0.0000

 BPM: Using the real scalar part of the  Elastic Channel Potential

 Incident energy (cm) =  19.191. Fusion inside radius of   3.897 fm.

 L =  0, Barrier =  3.62-17.12, Peak @  7.52  3.62, Tl = 1.0000: Xsec-F =   9.485 mb
 L =  1, Barrier =  3.97-16.91, Peak @  7.36  3.97, Tl = 1.0000: Xsec-F =  28.454 mb
 L =  2, Barrier =  4.53-16.46, Peak @  7.12  4.53, Tl = 1.0000: Xsec-F =  47.424 mb
 L =  3, Barrier =  5.83-15.74, Peak @  6.72  5.83, Tl = 1.0000: Xsec-F =  66.393 mb
 L =  4, Barrier =  7.01-14.67, Peak @  6.40  7.01, Tl = 1.0000: Xsec-F =  85.362 mb
 L =  5, Barrier =  8.40-13.18, Peak @  6.08  8.40, Tl = 0.9999: Xsec-F = 104.326 mb
 L =  6, Barrier = 10.05-11.19, Peak @  5.76 10.05, Tl = 0.9991: Xsec-F = 123.189 mb
 L =  7, Barrier = 11.96 -8.61, Peak @  5.44 11.96, Tl = 0.9893: Xsec-F = 140.742 mb
 L =  8, Barrier = 14.06 -5.29, Peak @  5.12 14.06, Tl = 0.9142: Xsec-F = 147.398 mb
 L =  9, Barrier = 16.38 -1.08, Peak @  4.80 16.38, Tl = 0.6025: Xsec-F = 108.568 mb
 L = 10, Barrier = 16.38  4.24, Turn @  0.00  5.92, Tl = 0.0577: Xsec-F =  11.486 mb
 L = 11, Barrier = 16.38 11.10, Turn @  0.00  6.64, Tl = 0.0036: Xsec-F =   0.777 mb
 L = 12, Barrier = 16.38 20.02, Turn @  0.00  7.20, Tl = 0.0002: Xsec-F =   0.055 mb
 L = 13, Barrier = 16.38 29.82, Turn @  0.00  7.84, Tl = 0.0000: Xsec-F =   0.004 mb
0Cumulative FUSION cross section by BPM (case 1)   =  0.874E+03  <L> =     5.94  <L**2> =     40.7

 BPM: Using the real scalar part of the  Elastic Channel Potential
 Including CRC local equivalent potential.

 Incident energy (cm) =  19.191. Fusion inside radius of   3.897 fm.

 L =  0, Barrier =  3.62-17.12, Peak @  7.52  3.62, Tl = 1.0000: Xsec-F =   9.485 mb
 L =  1, Barrier =  3.97-16.91, Peak @  7.36  3.97, Tl = 1.0000: Xsec-F =  28.454 mb
 L =  2, Barrier =  4.53-16.46, Peak @  7.12  4.53, Tl = 1.0000: Xsec-F =  47.424 mb
 L =  3, Barrier =  5.83-15.74, Peak @  6.72  5.83, Tl = 1.0000: Xsec-F =  66.393 mb
 L =  4, Barrier =  7.01-14.67, Peak @  6.40  7.01, Tl = 1.0000: Xsec-F =  85.362 mb
 L =  5, Barrier =  8.40-13.18, Peak @  6.08  8.40, Tl = 0.9999: Xsec-F = 104.326 mb
 L =  6, Barrier = 10.05-11.19, Peak @  5.76 10.05, Tl = 0.9991: Xsec-F = 123.189 mb
 L =  7, Barrier = 11.96 -8.61, Peak @  5.44 11.96, Tl = 0.9893: Xsec-F = 140.742 mb
 L =  8, Barrier = 14.06 -5.29, Peak @  5.12 14.06, Tl = 0.9142: Xsec-F = 147.398 mb
 L =  9, Barrier = 16.38 -1.08, Peak @  4.80 16.38, Tl = 0.6025: Xsec-F = 108.568 mb
 L = 10, Barrier = 16.38  4.24, Turn @  0.00  5.92, Tl = 0.0577: Xsec-F =  11.486 mb
 L = 11, Barrier = 16.38 11.10, Turn @  0.00  6.64, Tl = 0.0036: Xsec-F =   0.777 mb
 L = 12, Barrier = 16.38 20.02, Turn @  0.00  7.20, Tl = 0.0002: Xsec-F =   0.055 mb
 L = 13, Barrier = 16.38 29.82, Turn @  0.00  7.84, Tl = 0.0000: Xsec-F =   0.004 mb
0Cumulative FUSION cross section by BPM (case 2)   =  0.874E+03  <L> =     5.94  <L**2> =     40.7
0Fusion at  32.000 MeV: Bare =  8.737E+02, Actual =  1.349E+03, BPM-equiv =  8.737E+02 mb
 Total CPU  0 time =       2.34 seconds
