

 Partition  1 ***
   PROJ=6Li        MASS=  6.0151 Z=   3.0,        # STATES=    1T, TARG=9Be      MASS=  9.0121 Z=   4.0,     Q-VALUE =   0.0000 MeV.

   MIXPOT =  0: no couplings (default)

     1:  J= 1.0+ (B# 1), E=  0.0000, K= 0.0              Potl#  1       J= 1.5- (B#-1), E=  0.0000, K= 0.5    


 Partition  2 ***
   PROJ=2H         MASS=  2.0141 Z=   1.0,        # STATES=    1T, TARG=13C      MASS= 13.0034 Z=   6.0,     Q-VALUE =   9.1730 MeV.

   MIXPOT =  0: no couplings (default)

     1:  J= 1.0+ (B# 1), E=  0.0000, K= 0.0              Potl#  2       J= 2.5+ (B# 1), E=  6.8600, K= 0.5    

    1    0=Coulomb       0=CHARGE (WS)  1     9.000     0.000    2.3400    0.0000    0.0000    0.0000     0.000     9.000

    1    1=Volume        0=Woods-Saxon  2  174.0000    1.2200    0.7500    5.8400    2.8100    0.6300     0.000     9.000

    2    0=Coulomb       0=CHARGE (WS)  3    13.000     0.000    1.3000    0.0000    0.0000    0.0000     0.000    13.000

    2    1=Volume        0=Woods-Saxon  4   92.4100    1.0380    0.7900    0.0000    0.0000    0.0000     0.000    13.000

    2    2=Surface       0=Woods-Saxon  5    0.0000    0.0000    0.0000    9.7500    1.4260    0.6930     0.000    13.000

    3    0=Coulomb       0=CHARGE (WS)  6     1.000     0.000    1.9000    0.0000    0.0000    0.0000     0.000     1.000

    3    1=Volume        0=Woods-Saxon  7   79.9000    1.9000    0.6500    0.0000    0.0000    0.0000     0.000     1.000

    4    0=Coulomb       0=CHARGE (WS)  8     1.000     0.000    2.7600    0.0000    0.0000    0.0000     0.000     1.000

    4    1=Volume        0=Woods-Saxon  9   50.0000    2.7600    0.6500    0.0000    0.0000    0.0000     0.000     1.000


 ************************************************************************************************************************************

 The following    real SINGLE-PARTICLE FORM FACTORS are  constructed:


 No.   P1 P2 IN KIND T N  L  S1 IA J/S  IB BIND XFER  BE    SC PC FIL AFRAC Adjust  to  Z  Mass   K     Norm    rms      D0     D   ANC/Gsp

    1:  2  1  1  0     2  0 0.0  1 0.0   0   3   0   1.4740  1  0  0 0.0000 VR  0.9698; 2. 4.001 0.3074 1.0000  4.068   68.1   61.5 -2.5409

    2:  1  2  2  0     3  1 0.0  1 1.0   0   4   0   3.7880  1  0  0 0.0000 VR  1.7863; 2. 3.991 0.7081 1.0000  3.465  -69.7  145.5 97.4537

 ************************************************************************************************************************************

 ONE-way COUPLING # 1 for partitions -2 <-  1 of KIND  7,   0 -1  0 -1 -1 & P1,P2 =    0.0000   0.0000 : for J <=    30.5 & R <  24.7 fm.


 data =  1  1  1  1  0.8307,  so  < [6Li      #  1] / [2H       #  1]  * Eigen-form #  1>  =   0.8307            BE =  1.474     1

 data =  2  1  1  2  1.2500,  so  < [13C      #  1] / [9Be      #  1]  * Eigen-form #  2>  =   1.2500            BE =  3.788     2
 KNT =   2, KNP =   1: NK,NG,loc=   1   1   1      10  T  T  F
 KNT =   2, KNP =   1: NK,NG,loc=   1   1   1      10

     So FINITE-RANGE TRANSFER : IP1 = 0 (POST    ), IP2=-1 =COMPLEX     ,  for   1 pairs of bound states summed into   1 pairs
      The main coupling potential is that binding the transferred particle to the 2H       core.

          Using between 2H       & 9Be      the potential No.   2, and subtracting optical potential No.  2

   A real*8 is            8  bytes
   NLL,NLN,NLO =         248         252         151
0File   9 needs RL =   74896    REAL*8 numbers, and NR =    42. i.e.   25.17 Megabytes
   File            9  RECL =      606416
0RECOMMENDED NON-LOCAL WIDTH IS GREATER THAN    9.80 FM.,  RECOMMENDED CENTRATION  -0.10, after    0.15 secs.
0Relative non-local usages (rms) are
    0.004   0.004   0.005   0.006   0.006   0.007   0.008   0.009   0.010   0.012   0.015   0.019   0.023   0.030   0.038
    0.047   0.059   0.072   0.088   0.106   0.126   0.147   0.171   0.197   0.223   0.252   0.281   0.311   0.343   0.377
    0.415   0.462   0.524   0.613   0.741   0.922   1.172   1.504   1.934   2.481   3.164   4.006   5.030   6.259   7.711
    9.390  11.276  13.311  15.383  17.313  18.848  19.672  19.441  17.886  15.074  12.298  13.696  21.613  33.545  47.461
   61.965  75.749  87.495  95.949 100.000  98.801  91.073  79.171  64.459  49.160  34.969  23.140  14.486   9.335   7.104
    6.149   5.256   4.199   3.162   2.347   1.827   1.534   1.364   1.262   1.204   1.163   1.107   1.020   0.902   0.765
    0.627   0.505   0.411   0.350   0.319   0.304   0.296   0.288   0.276   0.260   0.242   0.221   0.200   0.180   0.160
    0.141   0.124   0.108   0.094   0.081   0.070   0.061   0.052   0.045   0.038   0.033   0.028   0.024   0.021   0.018
    0.015   0.013   0.011   0.009   0.008   0.007   0.006   0.005   0.004   0.004   0.003   0.003   0.002   0.002   0.002
    0.001   0.001   0.001   0.001   0.001   0.001   0.001   0.000   0.000   0.000   0.000   0.000   0.000   0.000   0.000
    0.000

 Incoming partition  1 in excitation state # 1,   Laboratory Energy given for partition  1 Nucleus 1 in Excitation pair 1


***    32.00000     MeV.
0****** WARNING : ACCURACY LOSS IN ERWIN = 15.0 DIGITS, SO EXPECT ERRORS OF   0.0000 % OF UNITARITY

   941248672364947.88        686934.32693128276        2.2204460492503131E-016
0****** WARNING : ACCURACY LOSS IN ERWIN = 14.2 DIGITS, SO EXPECT ERRORS OF   0.0000 % OF UNITARITY

   174470432828256.00        39537841.546139427        2.2204460492503131E-016
0****** WARNING : ACCURACY LOSS IN ERWIN = 14.3 DIGITS, SO EXPECT ERRORS OF   0.0000 % OF UNITARITY

   199327623319720.28        8476124.1508304365        2.2204460492503131E-016
0****** WARNING : ACCURACY LOSS IN ERWIN = 14.5 DIGITS, SO EXPECT ERRORS OF   0.0000 % OF UNITARITY

   282132805328532.38        10799563.997544292        2.2204460492503131E-016
0****** WARNING : ACCURACY LOSS IN ERWIN = 14.5 DIGITS, SO EXPECT ERRORS OF   0.0000 % OF UNITARITY

   300373309845014.81        31382142.064073849        2.2204460492503131E-016
0****** WARNING : ACCURACY LOSS IN ERWIN = 14.9 DIGITS, SO EXPECT ERRORS OF   0.0000 % OF UNITARITY

   746042784448326.62        40267428.375912264        2.2204460492503131E-016
0****** WARNING : ACCURACY LOSS IN ERWIN = 14.2 DIGITS, SO EXPECT ERRORS OF   0.0000 % OF UNITARITY

   155927535994921.06        827301.58617037535        2.2204460492503131E-016
0****** WARNING : ACCURACY LOSS IN ERWIN = 14.5 DIGITS, SO EXPECT ERRORS OF   0.0000 % OF UNITARITY

   327826446365154.06        1172530.7016008729        2.2204460492503131E-016
0****** WARNING : ACCURACY LOSS IN ERWIN = 14.1 DIGITS, SO EXPECT ERRORS OF   0.0000 % OF UNITARITY

   139915485407507.69        1487226.0304553828        2.2204460492503131E-016
0****** WARNING : ACCURACY LOSS IN ERWIN = 14.3 DIGITS, SO EXPECT ERRORS OF   0.0000 % OF UNITARITY

   199986148900556.50        146047091.52874920        2.2204460492503131E-016
0****** WARNING : ACCURACY LOSS IN ERWIN = 14.9 DIGITS, SO EXPECT ERRORS OF   0.0000 % OF UNITARITY

   850254926629662.62        3844738.0812682402        2.2204460492503131E-016
0****** WARNING : ACCURACY LOSS IN ERWIN = 14.8 DIGITS, SO EXPECT ERRORS OF   0.0000 % OF UNITARITY

   625697475785380.00        5158356.2257198440        2.2204460492503131E-016
0****** WARNING : ACCURACY LOSS IN ERWIN = 14.4 DIGITS, SO EXPECT ERRORS OF   0.0000 % OF UNITARITY

   263203532856318.34        91264343.687491074        2.2204460492503131E-016
0****** WARNING : ACCURACY LOSS IN ERWIN = 14.2 DIGITS, SO EXPECT ERRORS OF   0.0000 % OF UNITARITY

   146445865242180.75        490410.19252132525        2.2204460492503131E-016
0****** WARNING : ACCURACY LOSS IN ERWIN = 14.5 DIGITS, SO EXPECT ERRORS OF   0.0000 % OF UNITARITY

   339735067582756.56        804043.23514774919        2.2204460492503131E-016
0****** WARNING : ACCURACY LOSS IN ERWIN = 14.4 DIGITS, SO EXPECT ERRORS OF   0.0000 % OF UNITARITY

   268456682189929.88        144888868.38990891        2.2204460492503131E-016
0****** WARNING : ACCURACY LOSS IN ERWIN = 14.5 DIGITS, SO EXPECT ERRORS OF   0.0000 % OF UNITARITY

   282312842529665.44        2919651.5112662250        2.2204460492503131E-016
0****** WARNING : ACCURACY LOSS IN ERWIN = 14.9 DIGITS, SO EXPECT ERRORS OF   0.0000 % OF UNITARITY

   722175081016286.50        4087064.9435124532        2.2204460492503131E-016
0****** WARNING : ACCURACY LOSS IN ERWIN = 14.9 DIGITS, SO EXPECT ERRORS OF   0.0000 % OF UNITARITY

   842680332083947.50        72708795.628333747        2.2204460492503131E-016
0****** WARNING : ACCURACY LOSS IN ERWIN = 14.9 DIGITS, SO EXPECT ERRORS OF   0.0000 % OF UNITARITY

   718538276189958.75        89392210.002897218        2.2204460492503131E-016
0****** WARNING : ACCURACY LOSS IN ERWIN = 14.7 DIGITS, SO EXPECT ERRORS OF   0.0000 % OF UNITARITY

   515062941386406.62        5140675.4858469740        2.2204460492503131E-016
0****** WARNING : ACCURACY LOSS IN ERWIN = 14.6 DIGITS, SO EXPECT ERRORS OF   0.0000 % OF UNITARITY

   437264428279573.44        7140766.3048073892        2.2204460492503131E-016
0****** WARNING : ACCURACY LOSS IN ERWIN = 14.6 DIGITS, SO EXPECT ERRORS OF   0.0000 % OF UNITARITY

   364484872960714.06        9007592.3328385316        2.2204460492503131E-016
0****** WARNING : ACCURACY LOSS IN ERWIN = 15.4 DIGITS, SO EXPECT ERRORS OF   0.0000 % OF UNITARITY

   2350448908730600.5        32797398.228097532        2.2204460492503131E-016
0****** WARNING : ACCURACY LOSS IN ERWIN = 14.8 DIGITS, SO EXPECT ERRORS OF   0.0000 % OF UNITARITY

   567472151707513.62        271252.20809795638        2.2204460492503131E-016
0****** WARNING : ACCURACY LOSS IN ERWIN = 14.2 DIGITS, SO EXPECT ERRORS OF   0.0000 % OF UNITARITY

   148274429277142.34        464077.85737871443        2.2204460492503131E-016
0****** WARNING : ACCURACY LOSS IN ERWIN = 15.1 DIGITS, SO EXPECT ERRORS OF   0.0000 % OF UNITARITY

   1382675965244410.8        9849453.9227282163        2.2204460492503131E-016
0****** WARNING : ACCURACY LOSS IN ERWIN = 15.3 DIGITS, SO EXPECT ERRORS OF   0.0000 % OF UNITARITY

   2225749333118148.0        12960572.994350052        2.2204460492503131E-016
0****** WARNING : ACCURACY LOSS IN ERWIN = 15.2 DIGITS, SO EXPECT ERRORS OF   0.0000 % OF UNITARITY

   1504023448221664.8        11982214.127792886        2.2204460492503131E-016
0****** WARNING : ACCURACY LOSS IN ERWIN = 14.5 DIGITS, SO EXPECT ERRORS OF   0.0000 % OF UNITARITY

   299658026178613.94        3018035.0216750479        2.2204460492503131E-016
0****** WARNING : ACCURACY LOSS IN ERWIN = 14.6 DIGITS, SO EXPECT ERRORS OF   0.0000 % OF UNITARITY

   376579532986251.00        5113330.3897807142        2.2204460492503131E-016
0****** WARNING : ACCURACY LOSS IN ERWIN = 14.6 DIGITS, SO EXPECT ERRORS OF   0.0000 % OF UNITARITY

   428988735051426.06        7146513.9954370195        2.2204460492503131E-016
0****** WARNING : ACCURACY LOSS IN ERWIN = 14.4 DIGITS, SO EXPECT ERRORS OF   0.0000 % OF UNITARITY

   256740017239247.75        22504800.729541708        2.2204460492503131E-016
0****** WARNING : ACCURACY LOSS IN ERWIN = 14.6 DIGITS, SO EXPECT ERRORS OF   0.0000 % OF UNITARITY

   379762182507463.31        28694470.688066654        2.2204460492503131E-016
0****** WARNING : ACCURACY LOSS IN ERWIN = 14.5 DIGITS, SO EXPECT ERRORS OF   0.0000 % OF UNITARITY

   330793859684500.50        270222.69307947456        2.2204460492503131E-016
0****** WARNING : ACCURACY LOSS IN ERWIN = 14.9 DIGITS, SO EXPECT ERRORS OF   0.0000 % OF UNITARITY

   756388448647304.00        4245615.3560838792        2.2204460492503131E-016
0****** WARNING : ACCURACY LOSS IN ERWIN = 14.3 DIGITS, SO EXPECT ERRORS OF   0.0000 % OF UNITARITY

   186046280232642.38        7397595.5174808595        2.2204460492503131E-016
0****** WARNING : ACCURACY LOSS IN ERWIN = 15.2 DIGITS, SO EXPECT ERRORS OF   0.0000 % OF UNITARITY

   1479484053712989.2        10400853.795820847        2.2204460492503131E-016
0****** WARNING : ACCURACY LOSS IN ERWIN = 14.7 DIGITS, SO EXPECT ERRORS OF   0.0000 % OF UNITARITY

   515644945402054.88        11343658.881059986        2.2204460492503131E-016
0****** WARNING : ACCURACY LOSS IN ERWIN = 14.4 DIGITS, SO EXPECT ERRORS OF   0.0000 % OF UNITARITY

   261056043021460.47        13984507.743261259        2.2204460492503131E-016
0****** WARNING : ACCURACY LOSS IN ERWIN = 14.5 DIGITS, SO EXPECT ERRORS OF   0.0000 % OF UNITARITY

   301424077287784.06        659410.55798427050        2.2204460492503131E-016
0****** WARNING : ACCURACY LOSS IN ERWIN = 14.3 DIGITS, SO EXPECT ERRORS OF   0.0000 % OF UNITARITY

   211361163956642.00        2038923.7923219691        2.2204460492503131E-016
0****** WARNING : ACCURACY LOSS IN ERWIN = 14.6 DIGITS, SO EXPECT ERRORS OF   0.0000 % OF UNITARITY

   420915869493655.00        2853062.7831421127        2.2204460492503131E-016
0****** WARNING : ACCURACY LOSS IN ERWIN = 14.6 DIGITS, SO EXPECT ERRORS OF   0.0000 % OF UNITARITY

   397800207674641.75        3624917.4909329698        2.2204460492503131E-016
0****** WARNING : ACCURACY LOSS IN ERWIN = 14.5 DIGITS, SO EXPECT ERRORS OF   0.0000 % OF UNITARITY

   295886418269351.69        20270908.500314515        2.2204460492503131E-016
0****** WARNING : ACCURACY LOSS IN ERWIN = 14.6 DIGITS, SO EXPECT ERRORS OF   0.0000 % OF UNITARITY

   417725299148786.19        1199575.3739386452        2.2204460492503131E-016
0****** WARNING : ACCURACY LOSS IN ERWIN = 14.6 DIGITS, SO EXPECT ERRORS OF   0.0000 % OF UNITARITY

   397023574420337.94        853153.00016468065        2.2204460492503131E-016
0****** WARNING : ACCURACY LOSS IN ERWIN = 14.9 DIGITS, SO EXPECT ERRORS OF   0.0000 % OF UNITARITY

   871806653796756.38        1221424.0249039475        2.2204460492503131E-016
0****** WARNING : ACCURACY LOSS IN ERWIN = 14.7 DIGITS, SO EXPECT ERRORS OF   0.0000 % OF UNITARITY

   512472526243775.88        1541627.7051328535        2.2204460492503131E-016
0****** WARNING : ACCURACY LOSS IN ERWIN = 14.8 DIGITS, SO EXPECT ERRORS OF   0.0000 % OF UNITARITY

   707159975440974.75        51116201.189497665        2.2204460492503131E-016
0****** WARNING : ACCURACY LOSS IN ERWIN = 14.6 DIGITS, SO EXPECT ERRORS OF   0.0000 % OF UNITARITY

   379051944154291.00        385919.80017601693        2.2204460492503131E-016
0****** WARNING : ACCURACY LOSS IN ERWIN = 14.3 DIGITS, SO EXPECT ERRORS OF   0.0000 % OF UNITARITY

   193298202631998.16        1206716.1689965792        2.2204460492503131E-016
0****** WARNING : ACCURACY LOSS IN ERWIN = 14.9 DIGITS, SO EXPECT ERRORS OF   0.0000 % OF UNITARITY

   762826962779243.12        2040939.6399107629        2.2204460492503131E-016
0****** WARNING : ACCURACY LOSS IN ERWIN = 14.7 DIGITS, SO EXPECT ERRORS OF   0.0000 % OF UNITARITY

   519865969732115.75        2781797.4896987858        2.2204460492503131E-016
0****** WARNING : ACCURACY LOSS IN ERWIN = 14.9 DIGITS, SO EXPECT ERRORS OF   0.0000 % OF UNITARITY

   789181646657624.75        17196706.202000633        2.2204460492503131E-016
0****** WARNING : ACCURACY LOSS IN ERWIN = 14.5 DIGITS, SO EXPECT ERRORS OF   0.0000 % OF UNITARITY

   291958704372322.88        20310751.171581265        2.2204460492503131E-016
  Sig-R,T,E =   1353.5742   2324.7942    971.2200
  Out in 2 :  1.365E-01
0CUMULATIVE OUTGOING cross section               =          0.13653
     0.01 deg.: X-S =   8.736991E+15 mb/sr,
+                                         /R =   1.000002E+00

     0.50 deg.: X-S =   1.404008E+09 mb/sr,
+                                         /R =   1.004345E+00

     1.00 deg.: X-S =   8.849012E+07 mb/sr,
+                                         /R =   1.012772E+00

     1.50 deg.: X-S =   1.734151E+07 mb/sr,
+                                         /R =   1.004711E+00

     2.00 deg.: X-S =   5.329669E+06 mb/sr,
+                                         /R =   9.758226E-01

     2.50 deg.: X-S =   2.080248E+06 mb/sr,
+                                         /R =   9.297716E-01

     3.00 deg.: X-S =   9.419036E+05 mb/sr,
+                                         /R =   8.728345E-01

     3.50 deg.: X-S =   4.728433E+05 mb/sr,
+                                         /R =   8.116301E-01

     4.00 deg.: X-S =   2.569038E+05 mb/sr,
+                                         /R =   7.521364E-01

     4.50 deg.: X-S =   1.491424E+05 mb/sr,
+                                         /R =   6.992679E-01

     5.00 deg.: X-S =   9.192056E+04 mb/sr,
+                                         /R =   6.567201E-01

     5.50 deg.: X-S =   5.995306E+04 mb/sr,
+                                         /R =   6.269515E-01

     6.00 deg.: X-S =   4.128211E+04 mb/sr,
+                                         /R =   6.112402E-01

     6.50 deg.: X-S =   2.991004E+04 mb/sr,
+                                         /R =   6.097862E-01

     7.00 deg.: X-S =   2.268449E+04 mb/sr,
+                                         /R =   6.218413E-01

     7.50 deg.: X-S =   1.788518E+04 mb/sr,
+                                         /R =   6.458576E-01

     8.00 deg.: X-S =   1.454443E+04 mb/sr,
+                                         /R =   6.796480E-01

     8.50 deg.: X-S =   1.210444E+04 mb/sr,
+                                         /R =   7.205531E-01

     9.00 deg.: X-S =   1.023729E+04 mb/sr,
+                                         /R =   7.656097E-01

     9.50 deg.: X-S =    8747.052770 mb/sr,
+                                         /R =   8.117170E-01

    10.00 deg.: X-S =    7515.129981 mb/sr,
+                                         /R =   8.557953E-01

    10.50 deg.: X-S =    6468.836380 mb/sr,
+                                         /R =   8.949333E-01

    11.00 deg.: X-S =    5563.060183 mb/sr,
+                                         /R =   9.265196E-01

    11.50 deg.: X-S =    4769.335590 mb/sr,
+                                         /R =   9.483555E-01

    12.00 deg.: X-S =    4069.255649 mb/sr,
+                                         /R =   9.587439E-01

    12.50 deg.: X-S =    3450.462942 mb/sr,
+                                         /R =   9.565546E-01

    13.00 deg.: X-S =    2904.197091 mb/sr,
+                                         /R =   9.412619E-01

    13.50 deg.: X-S =    2423.795235 mb/sr,
+                                         /R =   9.129554E-01

    14.00 deg.: X-S =    2003.782197 mb/sr,
+                                         /R =   8.723239E-01

    14.50 deg.: X-S =    1639.328482 mb/sr,
+                                         /R =   8.206134E-01

    15.00 deg.: X-S =    1325.938694 mb/sr,
+                                         /R =   7.595625E-01

    15.50 deg.: X-S =    1059.284246 mb/sr,
+                                         /R =   6.913177E-01

    16.00 deg.: X-S =     835.125731 mb/sr,
+                                         /R =   6.183330E-01

    16.50 deg.: X-S =     649.290002 mb/sr,
+                                         /R =   5.432583E-01

    17.00 deg.: X-S =     497.679398 mb/sr,
+                                         /R =   4.688214E-01

    17.50 deg.: X-S =     376.298458 mb/sr,
+                                         /R =   3.977093E-01

    18.00 deg.: X-S =     281.288611 mb/sr,
+                                         /R =   3.324538E-01

    18.50 deg.: X-S =     208.964689 mb/sr,
+                                         /R =   2.753251E-01

    19.00 deg.: X-S =     155.849310 mb/sr,
+                                         /R =   2.282397E-01

    19.50 deg.: X-S =     118.702738 mb/sr,
+                                         /R =   1.926841E-01

    20.00 deg.: X-S =      94.546802 mb/sr,
+                                         /R =   1.696591E-01

    20.50 deg.: X-S =      80.682219 mb/sr,
+                                         /R =   1.596453E-01

    21.00 deg.: X-S =      74.699145 mb/sr,
+                                         /R =   1.625913E-01

    21.50 deg.: X-S =      74.481129 mb/sr,
+                                         /R =   1.779241E-01

    22.00 deg.: X-S =      78.202927 mb/sr,
+                                         /R =   2.045822E-01

    22.50 deg.: X-S =      84.322758 mb/sr,
+                                         /R =   2.410666E-01

    23.00 deg.: X-S =      91.569746 mb/sr,
+                                         /R =   2.855109E-01

    23.50 deg.: X-S =      98.927318 mb/sr,
+                                         /R =   3.357630E-01

    24.00 deg.: X-S =     105.613382 mb/sr,
+                                         /R =   3.894789E-01

    24.50 deg.: X-S =     111.058105 mb/sr,
+                                         /R =   4.442203E-01

    25.00 deg.: X-S =     114.880066 mb/sr,
+                                         /R =   4.975549E-01

    25.50 deg.: X-S =     116.861545 mb/sr,
+                                         /R =   5.471547E-01

    26.00 deg.: X-S =     116.923622 mb/sr,
+                                         /R =   5.908861E-01

    26.50 deg.: X-S =     115.101702 mb/sr,
+                                         /R =   6.268917E-01

    27.00 deg.: X-S =     111.521982 mb/sr,
+                                         /R =   6.536584E-01

    27.50 deg.: X-S =     106.379331 mb/sr,
+                                         /R =   6.700701E-01

    28.00 deg.: X-S =      99.916909 mb/sr,
+                                         /R =   6.754436E-01

    28.50 deg.: X-S =      92.407808 mb/sr,
+                                         /R =   6.695463E-01

    29.00 deg.: X-S =      84.138910 mb/sr,
+                                         /R =   6.525966E-01

    29.50 deg.: X-S =      75.397037 mb/sr,
+                                         /R =   6.252455E-01

    30.00 deg.: X-S =      66.457456 mb/sr,
+                                         /R =   5.885427E-01

    30.50 deg.: X-S =      57.574688 mb/sr,
+                                         /R =   5.438888E-01

    31.00 deg.: X-S =      48.975537 mb/sr,
+                                         /R =   4.929738E-01

    31.50 deg.: X-S =      40.854201 mb/sr,
+                                         /R =   4.377079E-01

    32.00 deg.: X-S =      33.369298 mb/sr,
+                                         /R =   3.801445E-01

    32.50 deg.: X-S =      26.642594 mb/sr,
+                                         /R =   3.224013E-01

    33.00 deg.: X-S =      20.759216 mb/sr,
+                                         /R =   2.665800E-01

    33.50 deg.: X-S =      15.769129 mb/sr,
+                                         /R =   2.146893E-01

    34.00 deg.: X-S =      11.689617 mb/sr,
+                                         /R =   1.685742E-01

    34.50 deg.: X-S =       8.508567 mb/sr,
+                                         /R =   1.298519E-01

    35.00 deg.: X-S =       6.188308 mb/sr,
+                                         /R =   9.985929E-02

    35.50 deg.: X-S =       4.669814 mb/sr,
+                                         /R =   7.961139E-02

    36.00 deg.: X-S =       3.877082 mb/sr,
+                                         /R =   6.977242E-02

    36.50 deg.: X-S =       3.721511 mb/sr,
+                                         /R =   7.064068E-02

    37.00 deg.: X-S =       4.106141 mb/sr,
+                                         /R =   8.214649E-02

    37.50 deg.: X-S =       4.929643 mb/sr,
+                                         /R =   1.038632E-01

    38.00 deg.: X-S =       6.089950 mb/sr,
+                                         /R =   1.350302E-01

    38.50 deg.: X-S =       7.487469 mb/sr,
+                                         /R =   1.745866E-01

    39.00 deg.: X-S =       9.027825 mb/sr,
+                                         /R =   2.212145E-01

    39.50 deg.: X-S =      10.624110 mb/sr,
+                                         /R =   2.733888E-01

    40.00 deg.: X-S =      12.198624 mb/sr,
+                                         /R =   3.294329E-01

    40.50 deg.: X-S =      13.684126 mb/sr,
+                                         /R =   3.875774E-01

    41.00 deg.: X-S =      15.024615 mb/sr,
+                                         /R =   4.460195E-01

    41.50 deg.: X-S =      16.175670 mb/sr,
+                                         /R =   5.029818E-01

    42.00 deg.: X-S =      17.104405 mb/sr,
+                                         /R =   5.567677E-01

    42.50 deg.: X-S =      17.789077 mb/sr,
+                                         /R =   6.058120E-01

    43.00 deg.: X-S =      18.218406 mb/sr,
+                                         /R =   6.487263E-01

    43.50 deg.: X-S =      18.390669 mb/sr,
+                                         /R =   6.843354E-01

    44.00 deg.: X-S =      18.312609 mb/sr,
+                                         /R =   7.117071E-01

    44.50 deg.: X-S =      17.998237 mb/sr,
+                                         /R =   7.301714E-01

    45.00 deg.: X-S =      17.467545 mb/sr,
+                                         /R =   7.393326E-01

    45.50 deg.: X-S =      16.745214 mb/sr,
+                                         /R =   7.390707E-01

    46.00 deg.: X-S =      15.859327 mb/sr,
+                                         /R =   7.295351E-01

    46.50 deg.: X-S =      14.840140 mb/sr,
+                                         /R =   7.111298E-01

    47.00 deg.: X-S =      13.718938 mb/sr,
+                                         /R =   6.844924E-01

    47.50 deg.: X-S =      12.526998 mb/sr,
+                                         /R =   6.504655E-01

    48.00 deg.: X-S =      11.294668 mb/sr,
+                                         /R =   6.100649E-01

    48.50 deg.: X-S =      10.050599 mb/sr,
+                                         /R =   5.644427E-01

    49.00 deg.: X-S =       8.821097 mb/sr,
+                                         /R =   5.148489E-01

    49.50 deg.: X-S =       7.629640 mb/sr,
+                                         /R =   4.625921E-01

    50.00 deg.: X-S =       6.496515 mb/sr,
+                                         /R =   4.089996E-01

    50.50 deg.: X-S =       5.438608 mb/sr,
+                                         /R =   3.553802E-01

    51.00 deg.: X-S =       4.469296 mb/sr,
+                                         /R =   3.029883E-01

    51.50 deg.: X-S =       3.598472 mb/sr,
+                                         /R =   2.529925E-01

    52.00 deg.: X-S =       2.832645 mb/sr,
+                                         /R =   2.064474E-01

    52.50 deg.: X-S =       2.175143 mb/sr,
+                                         /R =   1.642709E-01

    53.00 deg.: X-S =       1.626367 mb/sr,
+                                         /R =   1.272265E-01

    53.50 deg.: X-S =       1.184102 mb/sr,
+                                         /R =   9.591106E-02

    54.00 deg.: X-S =       0.843868 mb/sr,
+                                         /R =   7.074744E-02

    54.50 deg.: X-S =       0.599281 mb/sr,
+                                         /R =   5.198328E-02

    55.00 deg.: X-S =       0.442441 mb/sr,
+                                         /R =   3.969420E-02

    55.50 deg.: X-S =       0.364296 mb/sr,
+                                         /R =   3.379172E-02

    56.00 deg.: X-S =       0.355013 mb/sr,
+                                         /R =   3.403536E-02

    56.50 deg.: X-S =       0.404309 mb/sr,
+                                         /R =   4.004797E-02

    57.00 deg.: X-S =       0.501770 mb/sr,
+                                         /R =   5.133404E-02

    57.50 deg.: X-S =       0.637126 mb/sr,
+                                         /R =   6.729986E-02

    58.00 deg.: X-S =       0.800491 mb/sr,
+                                         /R =   8.727515E-02

    58.50 deg.: X-S =       0.982567 mb/sr,
+                                         /R =   1.105352E-01

    59.00 deg.: X-S =       1.174803 mb/sr,
+                                         /R =   1.363232E-01

    59.50 deg.: X-S =       1.369519 mb/sr,
+                                         /R =   1.638711E-01

    60.00 deg.: X-S =       1.559991 mb/sr,
+                                         /R =   1.924205E-01

    60.50 deg.: X-S =       1.740494 mb/sr,
+                                         /R =   2.212406E-01

    61.00 deg.: X-S =       1.906327 mb/sr,
+                                         /R =   2.496447E-01

    61.50 deg.: X-S =       2.053793 mb/sr,
+                                         /R =   2.770038E-01

    62.00 deg.: X-S =       2.180164 mb/sr,
+                                         /R =   3.027581E-01

    62.50 deg.: X-S =       2.283624 mb/sr,
+                                         /R =   3.264256E-01

    63.00 deg.: X-S =       2.363192 mb/sr,
+                                         /R =   3.476072E-01

    63.50 deg.: X-S =       2.418638 mb/sr,
+                                         /R =   3.659904E-01

    64.00 deg.: X-S =       2.450386 mb/sr,
+                                         /R =   3.813491E-01

    64.50 deg.: X-S =       2.459413 mb/sr,
+                                         /R =   3.935422E-01

    65.00 deg.: X-S =       2.447150 mb/sr,
+                                         /R =   4.025094E-01

    65.50 deg.: X-S =       2.415381 mb/sr,
+                                         /R =   4.082650E-01

    66.00 deg.: X-S =       2.366149 mb/sr,
+                                         /R =   4.108910E-01

    66.50 deg.: X-S =       2.301666 mb/sr,
+                                         /R =   4.105284E-01

    67.00 deg.: X-S =       2.224231 mb/sr,
+                                         /R =   4.073683E-01

    67.50 deg.: X-S =       2.136159 mb/sr,
+                                         /R =   4.016418E-01

    68.00 deg.: X-S =       2.039719 mb/sr,
+                                         /R =   3.936102E-01

    68.50 deg.: X-S =       1.937080 mb/sr,
+                                         /R =   3.835558E-01

    69.00 deg.: X-S =       1.830272 mb/sr,
+                                         /R =   3.717724E-01

    69.50 deg.: X-S =       1.721152 mb/sr,
+                                         /R =   3.585570E-01

    70.00 deg.: X-S =       1.611383 mb/sr,
+                                         /R =   3.442020E-01

    70.50 deg.: X-S =       1.502421 mb/sr,
+                                         /R =   3.289889E-01

    71.00 deg.: X-S =       1.395507 mb/sr,
+                                         /R =   3.131825E-01

    71.50 deg.: X-S =       1.291674 mb/sr,
+                                         /R =   2.970271E-01

    72.00 deg.: X-S =       1.191748 mb/sr,
+                                         /R =   2.807427E-01

    72.50 deg.: X-S =       1.096365 mb/sr,
+                                         /R =   2.645237E-01

    73.00 deg.: X-S =       1.005987 mb/sr,
+                                         /R =   2.485375E-01

    73.50 deg.: X-S =       0.920915 mb/sr,
+                                         /R =   2.329251E-01

    74.00 deg.: X-S =       0.841317 mb/sr,
+                                         /R =   2.178016E-01

    74.50 deg.: X-S =       0.767244 mb/sr,
+                                         /R =   2.032583E-01

    75.00 deg.: X-S =       0.698652 mb/sr,
+                                         /R =   1.893647E-01

    75.50 deg.: X-S =       0.635425 mb/sr,
+                                         /R =   1.761717E-01

    76.00 deg.: X-S =       0.577389 mb/sr,
+                                         /R =   1.637139E-01

    76.50 deg.: X-S =       0.524333 mb/sr,
+                                         /R =   1.520137E-01

    77.00 deg.: X-S =       0.476024 mb/sr,
+                                         /R =   1.410837E-01

    77.50 deg.: X-S =       0.432220 mb/sr,
+                                         /R =   1.309299E-01

    78.00 deg.: X-S =       0.392677 mb/sr,
+                                         /R =   1.215546E-01

    78.50 deg.: X-S =       0.357162 mb/sr,
+                                         /R =   1.129588E-01

    79.00 deg.: X-S =       0.325456 mb/sr,
+                                         /R =   1.051439E-01

    79.50 deg.: X-S =       0.297360 mb/sr,
+                                         /R =   9.811353E-02

    80.00 deg.: X-S =       0.272695 mb/sr,
+                                         /R =   9.187473E-02

    80.50 deg.: X-S =       0.251300 mb/sr,
+                                         /R =   8.643816E-02

    81.00 deg.: X-S =       0.233037 mb/sr,
+                                         /R =   8.181844E-02

    81.50 deg.: X-S =       0.217781 mb/sr,
+                                         /R =   7.803382E-02

    82.00 deg.: X-S =       0.205424 mb/sr,
+                                         /R =   7.510544E-02

    82.50 deg.: X-S =       0.195864 mb/sr,
+                                         /R =   7.305634E-02

    83.00 deg.: X-S =       0.189009 mb/sr,
+                                         /R =   7.191022E-02

    83.50 deg.: X-S =       0.184766 mb/sr,
+                                         /R =   7.169000E-02

    84.00 deg.: X-S =       0.183039 mb/sr,
+                                         /R =   7.241633E-02

    84.50 deg.: X-S =       0.183730 mb/sr,
+                                         /R =   7.410613E-02

    85.00 deg.: X-S =       0.186730 mb/sr,
+                                         /R =   7.677113E-02

    85.50 deg.: X-S =       0.191923 mb/sr,
+                                         /R =   8.041662E-02

    86.00 deg.: X-S =       0.199179 mb/sr,
+                                         /R =   8.504043E-02

    86.50 deg.: X-S =       0.208356 mb/sr,
+                                         /R =   9.063207E-02

    87.00 deg.: X-S =       0.219303 mb/sr,
+                                         /R =   9.717230E-02

    87.50 deg.: X-S =       0.231856 mb/sr,
+                                         /R =   1.046329E-01

    88.00 deg.: X-S =       0.245842 mb/sr,
+                                         /R =   1.129770E-01

    88.50 deg.: X-S =       0.261082 mb/sr,
+                                         /R =   1.221592E-01

    89.00 deg.: X-S =       0.277392 mb/sr,
+                                         /R =   1.321268E-01

    89.50 deg.: X-S =       0.294588 mb/sr,
+                                         /R =   1.428206E-01

    90.00 deg.: X-S =       0.312484 mb/sr,
+                                         /R =   1.541762E-01

    90.50 deg.: X-S =       0.330903 mb/sr,
+                                         /R =   1.661257E-01

    91.00 deg.: X-S =       0.349672 mb/sr,
+                                         /R =   1.785988E-01

    91.50 deg.: X-S =       0.368631 mb/sr,
+                                         /R =   1.915252E-01

    92.00 deg.: X-S =       0.387632 mb/sr,
+                                         /R =   2.048355E-01

    92.50 deg.: X-S =       0.406541 mb/sr,
+                                         /R =   2.184632E-01

    93.00 deg.: X-S =       0.425243 mb/sr,
+                                         /R =   2.323458E-01

    93.50 deg.: X-S =       0.443636 mb/sr,
+                                         /R =   2.464263E-01

    94.00 deg.: X-S =       0.461641 mb/sr,
+                                         /R =   2.606536E-01

    94.50 deg.: X-S =       0.479193 mb/sr,
+                                         /R =   2.749837E-01

    95.00 deg.: X-S =       0.496244 mb/sr,
+                                         /R =   2.893796E-01

    95.50 deg.: X-S =       0.512762 mb/sr,
+                                         /R =   3.038113E-01

    96.00 deg.: X-S =       0.528728 mb/sr,
+                                         /R =   3.182553E-01

    96.50 deg.: X-S =       0.544135 mb/sr,
+                                         /R =   3.326938E-01

    97.00 deg.: X-S =       0.558982 mb/sr,
+                                         /R =   3.471137E-01

    97.50 deg.: X-S =       0.573276 mb/sr,
+                                         /R =   3.615049E-01

    98.00 deg.: X-S =       0.587024 mb/sr,
+                                         /R =   3.758588E-01

    98.50 deg.: X-S =       0.600234 mb/sr,
+                                         /R =   3.901664E-01

    99.00 deg.: X-S =       0.612911 mb/sr,
+                                         /R =   4.044165E-01

    99.50 deg.: X-S =       0.625051 mb/sr,
+                                         /R =   4.185932E-01

   100.00 deg.: X-S =       0.636643 mb/sr,
+                                         /R =   4.326744E-01

   100.50 deg.: X-S =       0.647665 mb/sr,
+                                         /R =   4.466297E-01

   101.00 deg.: X-S =       0.658082 mb/sr,
+                                         /R =   4.604191E-01

   101.50 deg.: X-S =       0.667846 mb/sr,
+                                         /R =   4.739912E-01

   102.00 deg.: X-S =       0.676895 mb/sr,
+                                         /R =   4.872827E-01

   102.50 deg.: X-S =       0.685154 mb/sr,
+                                         /R =   5.002174E-01

   103.00 deg.: X-S =       0.692536 mb/sr,
+                                         /R =   5.127069E-01

   103.50 deg.: X-S =       0.698941 mb/sr,
+                                         /R =   5.246503E-01

   104.00 deg.: X-S =       0.704263 mb/sr,
+                                         /R =   5.359360E-01

   104.50 deg.: X-S =       0.708388 mb/sr,
+                                         /R =   5.464427E-01

   105.00 deg.: X-S =       0.711200 mb/sr,
+                                         /R =   5.560423E-01

   105.50 deg.: X-S =       0.712584 mb/sr,
+                                         /R =   5.646020E-01

   106.00 deg.: X-S =       0.712431 mb/sr,
+                                         /R =   5.719880E-01

   106.50 deg.: X-S =       0.710640 mb/sr,
+                                         /R =   5.780689E-01

   107.00 deg.: X-S =       0.707124 mb/sr,
+                                         /R =   5.827201E-01

   107.50 deg.: X-S =       0.701814 mb/sr,
+                                         /R =   5.858273E-01

   108.00 deg.: X-S =       0.694663 mb/sr,
+                                         /R =   5.872919E-01

   108.50 deg.: X-S =       0.685649 mb/sr,
+                                         /R =   5.870345E-01

   109.00 deg.: X-S =       0.674780 mb/sr,
+                                         /R =   5.850000E-01

   109.50 deg.: X-S =       0.662096 mb/sr,
+                                         /R =   5.811610E-01

   110.00 deg.: X-S =       0.647671 mb/sr,
+                                         /R =   5.755222E-01

   110.50 deg.: X-S =       0.631614 mb/sr,
+                                         /R =   5.681230E-01

   111.00 deg.: X-S =       0.614071 mb/sr,
+                                         /R =   5.590403E-01

   111.50 deg.: X-S =       0.595224 mb/sr,
+                                         /R =   5.483906E-01

   112.00 deg.: X-S =       0.575289 mb/sr,
+                                         /R =   5.363306E-01

   112.50 deg.: X-S =       0.554516 mb/sr,
+                                         /R =   5.230574E-01

   113.00 deg.: X-S =       0.533185 mb/sr,
+                                         /R =   5.088075E-01

   113.50 deg.: X-S =       0.511600 mb/sr,
+                                         /R =   4.938551E-01

   114.00 deg.: X-S =       0.490089 mb/sr,
+                                         /R =   4.785086E-01

   114.50 deg.: X-S =       0.468994 mb/sr,
+                                         /R =   4.631069E-01

   115.00 deg.: X-S =       0.448668 mb/sr,
+                                         /R =   4.480138E-01

   115.50 deg.: X-S =       0.429467 mb/sr,
+                                         /R =   4.336127E-01

   116.00 deg.: X-S =       0.411744 mb/sr,
+                                         /R =   4.202987E-01

   116.50 deg.: X-S =       0.395838 mb/sr,
+                                         /R =   4.084718E-01

   117.00 deg.: X-S =       0.382073 mb/sr,
+                                         /R =   3.985280E-01

   117.50 deg.: X-S =       0.370746 mb/sr,
+                                         /R =   3.908508E-01

   118.00 deg.: X-S =       0.362120 mb/sr,
+                                         /R =   3.858023E-01

   118.50 deg.: X-S =       0.356422 mb/sr,
+                                         /R =   3.837141E-01

   119.00 deg.: X-S =       0.353828 mb/sr,
+                                         /R =   3.848779E-01

   119.50 deg.: X-S =       0.354467 mb/sr,
+                                         /R =   3.895380E-01

   120.00 deg.: X-S =       0.358412 mb/sr,
+                                         /R =   3.978822E-01

   120.50 deg.: X-S =       0.365675 mb/sr,
+                                         /R =   4.100354E-01

   121.00 deg.: X-S =       0.376207 mb/sr,
+                                         /R =   4.260530E-01

   121.50 deg.: X-S =       0.389897 mb/sr,
+                                         /R =   4.459160E-01

   122.00 deg.: X-S =       0.406569 mb/sr,
+                                         /R =   4.695276E-01

   122.50 deg.: X-S =       0.425988 mb/sr,
+                                         /R =   4.967105E-01

   123.00 deg.: X-S =       0.447855 mb/sr,
+                                         /R =   5.272071E-01

   123.50 deg.: X-S =       0.471821 mb/sr,
+                                         /R =   5.606802E-01

   124.00 deg.: X-S =       0.497483 mb/sr,
+                                         /R =   5.967160E-01

   124.50 deg.: X-S =       0.524395 mb/sr,
+                                         /R =   6.348290E-01

   125.00 deg.: X-S =       0.552073 mb/sr,
+                                         /R =   6.744687E-01

   125.50 deg.: X-S =       0.580006 mb/sr,
+                                         /R =   7.150273E-01

   126.00 deg.: X-S =       0.607663 mb/sr,
+                                         /R =   7.558500E-01

   126.50 deg.: X-S =       0.634502 mb/sr,
+                                         /R =   7.962461E-01

   127.00 deg.: X-S =       0.659983 mb/sr,
+                                         /R =   8.355014E-01

   127.50 deg.: X-S =       0.683577 mb/sr,
+                                         /R =   8.728918E-01

   128.00 deg.: X-S =       0.704776 mb/sr,
+                                         /R =   9.076978E-01

   128.50 deg.: X-S =       0.723104 mb/sr,
+                                         /R =   9.392195E-01

   129.00 deg.: X-S =       0.738126 mb/sr,
+                                         /R =   9.667914E-01

   129.50 deg.: X-S =       0.749461 mb/sr,
+                                         /R =   9.897978E-01

   130.00 deg.: X-S =       0.756787 mb/sr,
+                                         /R =   1.007687E+00

   130.50 deg.: X-S =       0.759849 mb/sr,
+                                         /R =   1.019986E+00

   131.00 deg.: X-S =       0.758470 mb/sr,
+                                         /R =   1.026312E+00

   131.50 deg.: X-S =       0.752550 mb/sr,
+                                         /R =   1.026386E+00

   132.00 deg.: X-S =       0.742074 mb/sr,
+                                         /R =   1.020039E+00

   132.50 deg.: X-S =       0.727113 mb/sr,
+                                         /R =   1.007226E+00

   133.00 deg.: X-S =       0.707827 mb/sr,
+                                         /R =   9.880239E-01

   133.50 deg.: X-S =       0.684459 mb/sr,
+                                         /R =   9.626409E-01

   134.00 deg.: X-S =       0.657339 mb/sr,
+                                         /R =   9.314147E-01

   134.50 deg.: X-S =       0.626873 mb/sr,
+                                         /R =   8.948110E-01

   135.00 deg.: X-S =       0.593542 mb/sr,
+                                         /R =   8.534190E-01

   135.50 deg.: X-S =       0.557892 mb/sr,
+                                         /R =   8.079443E-01

   136.00 deg.: X-S =       0.520526 mb/sr,
+                                         /R =   7.591984E-01

   136.50 deg.: X-S =       0.482093 mb/sr,
+                                         /R =   7.080870E-01

   137.00 deg.: X-S =       0.443276 mb/sr,
+                                         /R =   6.555945E-01

   137.50 deg.: X-S =       0.404783 mb/sr,
+                                         /R =   6.027674E-01

   138.00 deg.: X-S =       0.367329 mb/sr,
+                                         /R =   5.506954E-01

   138.50 deg.: X-S =       0.331626 mb/sr,
+                                         /R =   5.004906E-01

   139.00 deg.: X-S =       0.298369 mb/sr,
+                                         /R =   4.532667E-01

   139.50 deg.: X-S =       0.268220 mb/sr,
+                                         /R =   4.101157E-01

   140.00 deg.: X-S =       0.241797 mb/sr,
+                                         /R =   3.720860E-01

   140.50 deg.: X-S =       0.219659 mb/sr,
+                                         /R =   3.401591E-01

   141.00 deg.: X-S =       0.202297 mb/sr,
+                                         /R =   3.152284E-01

   141.50 deg.: X-S =       0.190120 mb/sr,
+                                         /R =   2.980770E-01

   142.00 deg.: X-S =       0.183446 mb/sr,
+                                         /R =   2.893596E-01

   142.50 deg.: X-S =       0.182496 mb/sr,
+                                         /R =   2.895836E-01

   143.00 deg.: X-S =       0.187384 mb/sr,
+                                         /R =   2.990951E-01

   143.50 deg.: X-S =       0.198118 mb/sr,
+                                         /R =   3.180654E-01

   144.00 deg.: X-S =       0.214589 mb/sr,
+                                         /R =   3.464825E-01

   144.50 deg.: X-S =       0.236579 mb/sr,
+                                         /R =   3.841447E-01

   145.00 deg.: X-S =       0.263758 mb/sr,
+                                         /R =   4.306584E-01

   145.50 deg.: X-S =       0.295690 mb/sr,
+                                         /R =   4.854395E-01

   146.00 deg.: X-S =       0.331836 mb/sr,
+                                         /R =   5.477189E-01

   146.50 deg.: X-S =       0.371565 mb/sr,
+                                         /R =   6.165514E-01

   147.00 deg.: X-S =       0.414165 mb/sr,
+                                         /R =   6.908294E-01

   147.50 deg.: X-S =       0.458850 mb/sr,
+                                         /R =   7.692991E-01

   148.00 deg.: X-S =       0.504777 mb/sr,
+                                         /R =   8.505810E-01

   148.50 deg.: X-S =       0.551062 mb/sr,
+                                         /R =   9.331940E-01

   149.00 deg.: X-S =       0.596792 mb/sr,
+                                         /R =   1.015581E+00

   149.50 deg.: X-S =       0.641047 mb/sr,
+                                         /R =   1.096138E+00

   150.00 deg.: X-S =       0.682912 mb/sr,
+                                         /R =   1.173246E+00

   150.50 deg.: X-S =       0.721500 mb/sr,
+                                         /R =   1.245301E+00

   151.00 deg.: X-S =       0.755969 mb/sr,
+                                         /R =   1.310750E+00

   151.50 deg.: X-S =       0.785536 mb/sr,
+                                         /R =   1.368120E+00

   152.00 deg.: X-S =       0.809497 mb/sr,
+                                         /R =   1.416058E+00

   152.50 deg.: X-S =       0.827243 mb/sr,
+                                         /R =   1.453354E+00

   153.00 deg.: X-S =       0.838275 mb/sr,
+                                         /R =   1.478979E+00

   153.50 deg.: X-S =       0.842214 mb/sr,
+                                         /R =   1.492107E+00

   154.00 deg.: X-S =       0.838815 mb/sr,
+                                         /R =   1.492145E+00

   154.50 deg.: X-S =       0.827975 mb/sr,
+                                         /R =   1.478750E+00

   155.00 deg.: X-S =       0.809740 mb/sr,
+                                         /R =   1.451848E+00

   155.50 deg.: X-S =       0.784311 mb/sr,
+                                         /R =   1.411648E+00

   156.00 deg.: X-S =       0.752040 mb/sr,
+                                         /R =   1.358651E+00

   156.50 deg.: X-S =       0.713437 mb/sr,
+                                         /R =   1.293649E+00

   157.00 deg.: X-S =       0.669159 mb/sr,
+                                         /R =   1.217725E+00

   157.50 deg.: X-S =       0.620007 mb/sr,
+                                         /R =   1.132248E+00

   158.00 deg.: X-S =       0.566916 mb/sr,
+                                         /R =   1.038854E+00

   158.50 deg.: X-S =       0.510945 mb/sr,
+                                         /R =   9.394327E-01

   159.00 deg.: X-S =       0.453257 mb/sr,
+                                         /R =   8.361003E-01

   159.50 deg.: X-S =       0.395110 mb/sr,
+                                         /R =   7.311722E-01

   160.00 deg.: X-S =       0.337833 mb/sr,
+                                         /R =   6.271297E-01

   160.50 deg.: X-S =       0.282808 mb/sr,
+                                         /R =   5.265824E-01

   161.00 deg.: X-S =       0.231447 mb/sr,
+                                         /R =   4.322275E-01

   161.50 deg.: X-S =       0.185172 mb/sr,
+                                         /R =   3.468060E-01

   162.00 deg.: X-S =       0.145387 mb/sr,
+                                         /R =   2.730573E-01

   162.50 deg.: X-S =       0.113458 mb/sr,
+                                         /R =   2.136717E-01

   163.00 deg.: X-S =       0.090688 mb/sr,
+                                         /R =   1.712427E-01

   163.50 deg.: X-S =       0.078294 mb/sr,
+                                         /R =   1.482193E-01

   164.00 deg.: X-S =       0.077383 mb/sr,
+                                         /R =   1.468599E-01

   164.50 deg.: X-S =       0.088932 mb/sr,
+                                         /R =   1.691875E-01

   165.00 deg.: X-S =       0.113771 mb/sr,
+                                         /R =   2.169477E-01

   165.50 deg.: X-S =       0.152560 mb/sr,
+                                         /R =   2.915708E-01

   166.00 deg.: X-S =       0.205776 mb/sr,
+                                         /R =   3.941373E-01

   166.50 deg.: X-S =       0.273704 mb/sr,
+                                         /R =   5.253490E-01

   167.00 deg.: X-S =       0.356422 mb/sr,
+                                         /R =   6.855055E-01

   167.50 deg.: X-S =       0.453795 mb/sr,
+                                         /R =   8.744864E-01

   168.00 deg.: X-S =       0.565474 mb/sr,
+                                         /R =   1.091740E+00

   168.50 deg.: X-S =       0.690893 mb/sr,
+                                         /R =   1.336281E+00

   169.00 deg.: X-S =       0.829274 mb/sr,
+                                         /R =   1.606688E+00

   169.50 deg.: X-S =       0.979633 mb/sr,
+                                         /R =   1.901121E+00

   170.00 deg.: X-S =       1.140786 mb/sr,
+                                         /R =   2.217330E+00

   170.50 deg.: X-S =       1.311368 mb/sr,
+                                         /R =   2.552685E+00

   171.00 deg.: X-S =       1.489845 mb/sr,
+                                         /R =   2.904203E+00

   171.50 deg.: X-S =       1.674533 mb/sr,
+                                         /R =   3.268584E+00

   172.00 deg.: X-S =       1.863621 mb/sr,
+                                         /R =   3.642254E+00

   172.50 deg.: X-S =       2.055193 mb/sr,
+                                         /R =   4.021413E+00

   173.00 deg.: X-S =       2.247253 mb/sr,
+                                         /R =   4.402082E+00

   173.50 deg.: X-S =       2.437753 mb/sr,
+                                         /R =   4.780165E+00

   174.00 deg.: X-S =       2.624621 mb/sr,
+                                         /R =   5.151498E+00

   174.50 deg.: X-S =       2.805788 mb/sr,
+                                         /R =   5.511915E+00

   175.00 deg.: X-S =       2.979220 mb/sr,
+                                         /R =   5.857303E+00

   175.50 deg.: X-S =       3.142943 mb/sr,
+                                         /R =   6.183667E+00

   176.00 deg.: X-S =       3.295075 mb/sr,
+                                         /R =   6.487183E+00

   176.50 deg.: X-S =       3.433849 mb/sr,
+                                         /R =   6.764257E+00

   177.00 deg.: X-S =       3.557640 mb/sr,
+                                         /R =   7.011581E+00

   177.50 deg.: X-S =       3.664989 mb/sr,
+                                         /R =   7.226177E+00

   178.00 deg.: X-S =       3.754624 mb/sr,
+                                         /R =   7.405446E+00

   178.50 deg.: X-S =       3.825478 mb/sr,
+                                         /R =   7.547206E+00

   179.00 deg.: X-S =       3.876703 mb/sr,
+                                         /R =   7.649723E+00

   179.50 deg.: X-S =       3.907686 mb/sr,
+                                         /R =   7.711742E+00

   179.99 deg.: X-S =       3.918051 mb/sr,
+                                         /R =   7.732492E+00

                                           Integrated  8.3612E+10 mb, over [   0.000, 180.000] at    32.0000 MeV 
     0.00 deg.: X-S =       0.088707 mb/sr,
+                                         REAC   1.3653E-01 mb

     0.50 deg.: X-S =       0.088650 mb/sr,

     1.00 deg.: X-S =       0.088480 mb/sr,

     1.50 deg.: X-S =       0.088196 mb/sr,

     2.00 deg.: X-S =       0.087798 mb/sr,

     2.50 deg.: X-S =       0.087288 mb/sr,

     3.00 deg.: X-S =       0.086664 mb/sr,

     3.50 deg.: X-S =       0.085930 mb/sr,

     4.00 deg.: X-S =       0.085085 mb/sr,

     4.50 deg.: X-S =       0.084132 mb/sr,

     5.00 deg.: X-S =       0.083073 mb/sr,

     5.50 deg.: X-S =       0.081912 mb/sr,

     6.00 deg.: X-S =       0.080652 mb/sr,

     6.50 deg.: X-S =       0.079298 mb/sr,

     7.00 deg.: X-S =       0.077857 mb/sr,

     7.50 deg.: X-S =       0.076335 mb/sr,

     8.00 deg.: X-S =       0.074741 mb/sr,

     8.50 deg.: X-S =       0.073084 mb/sr,

     9.00 deg.: X-S =       0.071373 mb/sr,

     9.50 deg.: X-S =       0.069621 mb/sr,

    10.00 deg.: X-S =       0.067838 mb/sr,

    10.50 deg.: X-S =       0.066038 mb/sr,

    11.00 deg.: X-S =       0.064234 mb/sr,

    11.50 deg.: X-S =       0.062440 mb/sr,

    12.00 deg.: X-S =       0.060669 mb/sr,

    12.50 deg.: X-S =       0.058936 mb/sr,

    13.00 deg.: X-S =       0.057255 mb/sr,

    13.50 deg.: X-S =       0.055638 mb/sr,

    14.00 deg.: X-S =       0.054100 mb/sr,

    14.50 deg.: X-S =       0.052651 mb/sr,

    15.00 deg.: X-S =       0.051302 mb/sr,

    15.50 deg.: X-S =       0.050064 mb/sr,

    16.00 deg.: X-S =       0.048944 mb/sr,

    16.50 deg.: X-S =       0.047949 mb/sr,

    17.00 deg.: X-S =       0.047083 mb/sr,

    17.50 deg.: X-S =       0.046350 mb/sr,

    18.00 deg.: X-S =       0.045751 mb/sr,

    18.50 deg.: X-S =       0.045284 mb/sr,

    19.00 deg.: X-S =       0.044948 mb/sr,

    19.50 deg.: X-S =       0.044737 mb/sr,

    20.00 deg.: X-S =       0.044644 mb/sr,

    20.50 deg.: X-S =       0.044663 mb/sr,

    21.00 deg.: X-S =       0.044783 mb/sr,

    21.50 deg.: X-S =       0.044992 mb/sr,

    22.00 deg.: X-S =       0.045280 mb/sr,

    22.50 deg.: X-S =       0.045632 mb/sr,

    23.00 deg.: X-S =       0.046035 mb/sr,

    23.50 deg.: X-S =       0.046474 mb/sr,

    24.00 deg.: X-S =       0.046935 mb/sr,

    24.50 deg.: X-S =       0.047402 mb/sr,

    25.00 deg.: X-S =       0.047862 mb/sr,

    25.50 deg.: X-S =       0.048299 mb/sr,

    26.00 deg.: X-S =       0.048700 mb/sr,

    26.50 deg.: X-S =       0.049054 mb/sr,

    27.00 deg.: X-S =       0.049347 mb/sr,

    27.50 deg.: X-S =       0.049569 mb/sr,

    28.00 deg.: X-S =       0.049712 mb/sr,

    28.50 deg.: X-S =       0.049767 mb/sr,

    29.00 deg.: X-S =       0.049728 mb/sr,

    29.50 deg.: X-S =       0.049590 mb/sr,

    30.00 deg.: X-S =       0.049350 mb/sr,

    30.50 deg.: X-S =       0.049005 mb/sr,

    31.00 deg.: X-S =       0.048555 mb/sr,

    31.50 deg.: X-S =       0.048001 mb/sr,

    32.00 deg.: X-S =       0.047346 mb/sr,

    32.50 deg.: X-S =       0.046593 mb/sr,

    33.00 deg.: X-S =       0.045747 mb/sr,

    33.50 deg.: X-S =       0.044813 mb/sr,

    34.00 deg.: X-S =       0.043799 mb/sr,

    34.50 deg.: X-S =       0.042711 mb/sr,

    35.00 deg.: X-S =       0.041557 mb/sr,

    35.50 deg.: X-S =       0.040347 mb/sr,

    36.00 deg.: X-S =       0.039088 mb/sr,

    36.50 deg.: X-S =       0.037790 mb/sr,

    37.00 deg.: X-S =       0.036461 mb/sr,

    37.50 deg.: X-S =       0.035111 mb/sr,

    38.00 deg.: X-S =       0.033748 mb/sr,

    38.50 deg.: X-S =       0.032380 mb/sr,

    39.00 deg.: X-S =       0.031016 mb/sr,

    39.50 deg.: X-S =       0.029663 mb/sr,

    40.00 deg.: X-S =       0.028329 mb/sr,

    40.50 deg.: X-S =       0.027019 mb/sr,

    41.00 deg.: X-S =       0.025739 mb/sr,

    41.50 deg.: X-S =       0.024494 mb/sr,

    42.00 deg.: X-S =       0.023290 mb/sr,

    42.50 deg.: X-S =       0.022130 mb/sr,

    43.00 deg.: X-S =       0.021017 mb/sr,

    43.50 deg.: X-S =       0.019953 mb/sr,

    44.00 deg.: X-S =       0.018941 mb/sr,

    44.50 deg.: X-S =       0.017982 mb/sr,

    45.00 deg.: X-S =       0.017077 mb/sr,

    45.50 deg.: X-S =       0.016226 mb/sr,

    46.00 deg.: X-S =       0.015429 mb/sr,

    46.50 deg.: X-S =       0.014686 mb/sr,

    47.00 deg.: X-S =       0.013995 mb/sr,

    47.50 deg.: X-S =       0.013357 mb/sr,

    48.00 deg.: X-S =       0.012768 mb/sr,

    48.50 deg.: X-S =       0.012229 mb/sr,

    49.00 deg.: X-S =       0.011737 mb/sr,

    49.50 deg.: X-S =       0.011290 mb/sr,

    50.00 deg.: X-S =       0.010886 mb/sr,

    50.50 deg.: X-S =       0.010524 mb/sr,

    51.00 deg.: X-S =       0.010201 mb/sr,

    51.50 deg.: X-S =       0.009915 mb/sr,

    52.00 deg.: X-S =       0.009664 mb/sr,

    52.50 deg.: X-S =       0.009447 mb/sr,

    53.00 deg.: X-S =       0.009262 mb/sr,

    53.50 deg.: X-S =       0.009106 mb/sr,

    54.00 deg.: X-S =       0.008978 mb/sr,

    54.50 deg.: X-S =       0.008876 mb/sr,

    55.00 deg.: X-S =       0.008799 mb/sr,

    55.50 deg.: X-S =       0.008745 mb/sr,

    56.00 deg.: X-S =       0.008712 mb/sr,

    56.50 deg.: X-S =       0.008700 mb/sr,

    57.00 deg.: X-S =       0.008706 mb/sr,

    57.50 deg.: X-S =       0.008730 mb/sr,

    58.00 deg.: X-S =       0.008770 mb/sr,

    58.50 deg.: X-S =       0.008825 mb/sr,

    59.00 deg.: X-S =       0.008894 mb/sr,

    59.50 deg.: X-S =       0.008975 mb/sr,

    60.00 deg.: X-S =       0.009068 mb/sr,

    60.50 deg.: X-S =       0.009171 mb/sr,

    61.00 deg.: X-S =       0.009283 mb/sr,

    61.50 deg.: X-S =       0.009403 mb/sr,

    62.00 deg.: X-S =       0.009529 mb/sr,

    62.50 deg.: X-S =       0.009661 mb/sr,

    63.00 deg.: X-S =       0.009798 mb/sr,

    63.50 deg.: X-S =       0.009938 mb/sr,

    64.00 deg.: X-S =       0.010079 mb/sr,

    64.50 deg.: X-S =       0.010222 mb/sr,

    65.00 deg.: X-S =       0.010364 mb/sr,

    65.50 deg.: X-S =       0.010505 mb/sr,

    66.00 deg.: X-S =       0.010644 mb/sr,

    66.50 deg.: X-S =       0.010779 mb/sr,

    67.00 deg.: X-S =       0.010909 mb/sr,

    67.50 deg.: X-S =       0.011034 mb/sr,

    68.00 deg.: X-S =       0.011153 mb/sr,

    68.50 deg.: X-S =       0.011264 mb/sr,

    69.00 deg.: X-S =       0.011367 mb/sr,

    69.50 deg.: X-S =       0.011461 mb/sr,

    70.00 deg.: X-S =       0.011545 mb/sr,

    70.50 deg.: X-S =       0.011619 mb/sr,

    71.00 deg.: X-S =       0.011682 mb/sr,

    71.50 deg.: X-S =       0.011733 mb/sr,

    72.00 deg.: X-S =       0.011772 mb/sr,

    72.50 deg.: X-S =       0.011799 mb/sr,

    73.00 deg.: X-S =       0.011814 mb/sr,

    73.50 deg.: X-S =       0.011816 mb/sr,

    74.00 deg.: X-S =       0.011804 mb/sr,

    74.50 deg.: X-S =       0.011780 mb/sr,

    75.00 deg.: X-S =       0.011742 mb/sr,

    75.50 deg.: X-S =       0.011692 mb/sr,

    76.00 deg.: X-S =       0.011629 mb/sr,

    76.50 deg.: X-S =       0.011553 mb/sr,

    77.00 deg.: X-S =       0.011464 mb/sr,

    77.50 deg.: X-S =       0.011364 mb/sr,

    78.00 deg.: X-S =       0.011251 mb/sr,

    78.50 deg.: X-S =       0.011128 mb/sr,

    79.00 deg.: X-S =       0.010993 mb/sr,

    79.50 deg.: X-S =       0.010848 mb/sr,

    80.00 deg.: X-S =       0.010693 mb/sr,

    80.50 deg.: X-S =       0.010529 mb/sr,

    81.00 deg.: X-S =       0.010355 mb/sr,

    81.50 deg.: X-S =       0.010174 mb/sr,

    82.00 deg.: X-S =       0.009985 mb/sr,

    82.50 deg.: X-S =       0.009789 mb/sr,

    83.00 deg.: X-S =       0.009586 mb/sr,

    83.50 deg.: X-S =       0.009377 mb/sr,

    84.00 deg.: X-S =       0.009164 mb/sr,

    84.50 deg.: X-S =       0.008945 mb/sr,

    85.00 deg.: X-S =       0.008722 mb/sr,

    85.50 deg.: X-S =       0.008496 mb/sr,

    86.00 deg.: X-S =       0.008267 mb/sr,

    86.50 deg.: X-S =       0.008036 mb/sr,

    87.00 deg.: X-S =       0.007803 mb/sr,

    87.50 deg.: X-S =       0.007569 mb/sr,

    88.00 deg.: X-S =       0.007334 mb/sr,

    88.50 deg.: X-S =       0.007099 mb/sr,

    89.00 deg.: X-S =       0.006865 mb/sr,

    89.50 deg.: X-S =       0.006631 mb/sr,

    90.00 deg.: X-S =       0.006399 mb/sr,

    90.50 deg.: X-S =       0.006169 mb/sr,

    91.00 deg.: X-S =       0.005942 mb/sr,

    91.50 deg.: X-S =       0.005717 mb/sr,

    92.00 deg.: X-S =       0.005495 mb/sr,

    92.50 deg.: X-S =       0.005278 mb/sr,

    93.00 deg.: X-S =       0.005064 mb/sr,

    93.50 deg.: X-S =       0.004855 mb/sr,

    94.00 deg.: X-S =       0.004651 mb/sr,

    94.50 deg.: X-S =       0.004452 mb/sr,

    95.00 deg.: X-S =       0.004259 mb/sr,

    95.50 deg.: X-S =       0.004072 mb/sr,

    96.00 deg.: X-S =       0.003891 mb/sr,

    96.50 deg.: X-S =       0.003716 mb/sr,

    97.00 deg.: X-S =       0.003548 mb/sr,

    97.50 deg.: X-S =       0.003387 mb/sr,

    98.00 deg.: X-S =       0.003233 mb/sr,

    98.50 deg.: X-S =       0.003087 mb/sr,

    99.00 deg.: X-S =       0.002948 mb/sr,

    99.50 deg.: X-S =       0.002816 mb/sr,

   100.00 deg.: X-S =       0.002692 mb/sr,

   100.50 deg.: X-S =       0.002577 mb/sr,

   101.00 deg.: X-S =       0.002469 mb/sr,

   101.50 deg.: X-S =       0.002368 mb/sr,

   102.00 deg.: X-S =       0.002276 mb/sr,

   102.50 deg.: X-S =       0.002192 mb/sr,

   103.00 deg.: X-S =       0.002115 mb/sr,

   103.50 deg.: X-S =       0.002046 mb/sr,

   104.00 deg.: X-S =       0.001985 mb/sr,

   104.50 deg.: X-S =       0.001931 mb/sr,

   105.00 deg.: X-S =       0.001884 mb/sr,

   105.50 deg.: X-S =       0.001844 mb/sr,

   106.00 deg.: X-S =       0.001811 mb/sr,

   106.50 deg.: X-S =       0.001784 mb/sr,

   107.00 deg.: X-S =       0.001764 mb/sr,

   107.50 deg.: X-S =       0.001750 mb/sr,

   108.00 deg.: X-S =       0.001741 mb/sr,

   108.50 deg.: X-S =       0.001737 mb/sr,

   109.00 deg.: X-S =       0.001738 mb/sr,

   109.50 deg.: X-S =       0.001744 mb/sr,

   110.00 deg.: X-S =       0.001754 mb/sr,

   110.50 deg.: X-S =       0.001767 mb/sr,

   111.00 deg.: X-S =       0.001784 mb/sr,

   111.50 deg.: X-S =       0.001804 mb/sr,

   112.00 deg.: X-S =       0.001826 mb/sr,

   112.50 deg.: X-S =       0.001850 mb/sr,

   113.00 deg.: X-S =       0.001876 mb/sr,

   113.50 deg.: X-S =       0.001904 mb/sr,

   114.00 deg.: X-S =       0.001933 mb/sr,

   114.50 deg.: X-S =       0.001962 mb/sr,

   115.00 deg.: X-S =       0.001991 mb/sr,

   115.50 deg.: X-S =       0.002021 mb/sr,

   116.00 deg.: X-S =       0.002050 mb/sr,

   116.50 deg.: X-S =       0.002078 mb/sr,

   117.00 deg.: X-S =       0.002105 mb/sr,

   117.50 deg.: X-S =       0.002132 mb/sr,

   118.00 deg.: X-S =       0.002157 mb/sr,

   118.50 deg.: X-S =       0.002180 mb/sr,

   119.00 deg.: X-S =       0.002201 mb/sr,

   119.50 deg.: X-S =       0.002221 mb/sr,

   120.00 deg.: X-S =       0.002238 mb/sr,

   120.50 deg.: X-S =       0.002254 mb/sr,

   121.00 deg.: X-S =       0.002267 mb/sr,

   121.50 deg.: X-S =       0.002277 mb/sr,

   122.00 deg.: X-S =       0.002286 mb/sr,

   122.50 deg.: X-S =       0.002292 mb/sr,

   123.00 deg.: X-S =       0.002296 mb/sr,

   123.50 deg.: X-S =       0.002297 mb/sr,

   124.00 deg.: X-S =       0.002296 mb/sr,

   124.50 deg.: X-S =       0.002293 mb/sr,

   125.00 deg.: X-S =       0.002288 mb/sr,

   125.50 deg.: X-S =       0.002281 mb/sr,

   126.00 deg.: X-S =       0.002272 mb/sr,

   126.50 deg.: X-S =       0.002261 mb/sr,

   127.00 deg.: X-S =       0.002248 mb/sr,

   127.50 deg.: X-S =       0.002233 mb/sr,

   128.00 deg.: X-S =       0.002217 mb/sr,

   128.50 deg.: X-S =       0.002199 mb/sr,

   129.00 deg.: X-S =       0.002179 mb/sr,

   129.50 deg.: X-S =       0.002158 mb/sr,

   130.00 deg.: X-S =       0.002136 mb/sr,

   130.50 deg.: X-S =       0.002112 mb/sr,

   131.00 deg.: X-S =       0.002087 mb/sr,

   131.50 deg.: X-S =       0.002061 mb/sr,

   132.00 deg.: X-S =       0.002033 mb/sr,

   132.50 deg.: X-S =       0.002004 mb/sr,

   133.00 deg.: X-S =       0.001974 mb/sr,

   133.50 deg.: X-S =       0.001943 mb/sr,

   134.00 deg.: X-S =       0.001911 mb/sr,

   134.50 deg.: X-S =       0.001877 mb/sr,

   135.00 deg.: X-S =       0.001843 mb/sr,

   135.50 deg.: X-S =       0.001807 mb/sr,

   136.00 deg.: X-S =       0.001769 mb/sr,

   136.50 deg.: X-S =       0.001731 mb/sr,

   137.00 deg.: X-S =       0.001691 mb/sr,

   137.50 deg.: X-S =       0.001649 mb/sr,

   138.00 deg.: X-S =       0.001607 mb/sr,

   138.50 deg.: X-S =       0.001563 mb/sr,

   139.00 deg.: X-S =       0.001517 mb/sr,

   139.50 deg.: X-S =       0.001470 mb/sr,

   140.00 deg.: X-S =       0.001422 mb/sr,

   140.50 deg.: X-S =       0.001372 mb/sr,

   141.00 deg.: X-S =       0.001321 mb/sr,

   141.50 deg.: X-S =       0.001269 mb/sr,

   142.00 deg.: X-S =       0.001216 mb/sr,

   142.50 deg.: X-S =       0.001162 mb/sr,

   143.00 deg.: X-S =       0.001107 mb/sr,

   143.50 deg.: X-S =       0.001051 mb/sr,

   144.00 deg.: X-S =       0.000995 mb/sr,

   144.50 deg.: X-S =       0.000938 mb/sr,

   145.00 deg.: X-S =       0.000881 mb/sr,

   145.50 deg.: X-S =       0.000824 mb/sr,

   146.00 deg.: X-S =       0.000767 mb/sr,

   146.50 deg.: X-S =       0.000711 mb/sr,

   147.00 deg.: X-S =       0.000656 mb/sr,

   147.50 deg.: X-S =       0.000601 mb/sr,

   148.00 deg.: X-S =       0.000548 mb/sr,

   148.50 deg.: X-S =       0.000497 mb/sr,

   149.00 deg.: X-S =       0.000447 mb/sr,

   149.50 deg.: X-S =       0.000399 mb/sr,

   150.00 deg.: X-S =       0.000354 mb/sr,

   150.50 deg.: X-S =       0.000312 mb/sr,

   151.00 deg.: X-S =       0.000272 mb/sr,

   151.50 deg.: X-S =       0.000235 mb/sr,

   152.00 deg.: X-S =       0.000202 mb/sr,

   152.50 deg.: X-S =       0.000173 mb/sr,

   153.00 deg.: X-S =       0.000147 mb/sr,

   153.50 deg.: X-S =       0.000125 mb/sr,

   154.00 deg.: X-S =       0.000107 mb/sr,

   154.50 deg.: X-S =   9.363209E-05 mb/sr,

   155.00 deg.: X-S =   8.441417E-05 mb/sr,

   155.50 deg.: X-S =   7.956270E-05 mb/sr,

   156.00 deg.: X-S =   7.910776E-05 mb/sr,

   156.50 deg.: X-S =   8.304871E-05 mb/sr,

   157.00 deg.: X-S =   9.135411E-05 mb/sr,

   157.50 deg.: X-S =       0.000104 mb/sr,

   158.00 deg.: X-S =       0.000121 mb/sr,

   158.50 deg.: X-S =       0.000142 mb/sr,

   159.00 deg.: X-S =       0.000167 mb/sr,

   159.50 deg.: X-S =       0.000195 mb/sr,

   160.00 deg.: X-S =       0.000227 mb/sr,

   160.50 deg.: X-S =       0.000263 mb/sr,

   161.00 deg.: X-S =       0.000302 mb/sr,

   161.50 deg.: X-S =       0.000343 mb/sr,

   162.00 deg.: X-S =       0.000387 mb/sr,

   162.50 deg.: X-S =       0.000434 mb/sr,

   163.00 deg.: X-S =       0.000482 mb/sr,

   163.50 deg.: X-S =       0.000532 mb/sr,

   164.00 deg.: X-S =       0.000584 mb/sr,

   164.50 deg.: X-S =       0.000636 mb/sr,

   165.00 deg.: X-S =       0.000690 mb/sr,

   165.50 deg.: X-S =       0.000743 mb/sr,

   166.00 deg.: X-S =       0.000797 mb/sr,

   166.50 deg.: X-S =       0.000851 mb/sr,

   167.00 deg.: X-S =       0.000905 mb/sr,

   167.50 deg.: X-S =       0.000958 mb/sr,

   168.00 deg.: X-S =       0.001010 mb/sr,

   168.50 deg.: X-S =       0.001061 mb/sr,

   169.00 deg.: X-S =       0.001111 mb/sr,

   169.50 deg.: X-S =       0.001159 mb/sr,

   170.00 deg.: X-S =       0.001206 mb/sr,

   170.50 deg.: X-S =       0.001251 mb/sr,

   171.00 deg.: X-S =       0.001293 mb/sr,

   171.50 deg.: X-S =       0.001334 mb/sr,

   172.00 deg.: X-S =       0.001373 mb/sr,

   172.50 deg.: X-S =       0.001410 mb/sr,

   173.00 deg.: X-S =       0.001444 mb/sr,

   173.50 deg.: X-S =       0.001476 mb/sr,

   174.00 deg.: X-S =       0.001505 mb/sr,

   174.50 deg.: X-S =       0.001533 mb/sr,

   175.00 deg.: X-S =       0.001558 mb/sr,

   175.50 deg.: X-S =       0.001580 mb/sr,

   176.00 deg.: X-S =       0.001600 mb/sr,

   176.50 deg.: X-S =       0.001618 mb/sr,

   177.00 deg.: X-S =       0.001634 mb/sr,

   177.50 deg.: X-S =       0.001647 mb/sr,

   178.00 deg.: X-S =       0.001657 mb/sr,

   178.50 deg.: X-S =       0.001665 mb/sr,

   179.00 deg.: X-S =       0.001671 mb/sr,

   179.50 deg.: X-S =       0.001675 mb/sr,

   180.00 deg.: X-S =       0.001676 mb/sr,

    10.00 deg.: X-S =       0.067838 mb/sr,

    12.00 deg.: X-S =       0.060669 mb/sr,

    15.00 deg.: X-S =       0.051302 mb/sr,

    17.00 deg.: X-S =       0.047083 mb/sr,

    20.00 deg.: X-S =       0.044644 mb/sr,

    25.00 deg.: X-S =       0.047862 mb/sr,

    35.00 deg.: X-S =       0.041557 mb/sr,

    40.00 deg.: X-S =       0.028329 mb/sr,

                                           Integrated  1.4360E-01 mb, over [   0.000, 180.000] at    32.0000 MeV 



 Mean components of Elastic Optical Potential generated by channel couplings of type  1

     0.100     0.0000     0.0000     0.0000     0.0000     0.0000     0.0000
     0.200     0.0000     0.0000     0.0000     0.0000     0.0000     0.0000
     0.300     0.0000     0.0000     0.0000     0.0000     0.0000     0.0000
     0.400     0.0000     0.0000     0.0000     0.0000     0.0000     0.0000
     0.500     0.0000     0.0000     0.0000     0.0000     0.0000     0.0000
     0.600     0.0000     0.0000     0.0000     0.0000     0.0000     0.0000
     0.700     0.0000     0.0000     0.0000     0.0000     0.0000     0.0000
     0.800     0.0000     0.0000     0.0000     0.0000     0.0000     0.0000
     0.900     0.0000     0.0000     0.0000     0.0000     0.0000     0.0000
     1.000     0.0000     0.0000     0.0000     0.0000     0.0000     0.0000
     1.100     0.0000     0.0000     0.0000     0.0000     0.0000     0.0000
     1.200     0.0000     0.0000     0.0000     0.0000     0.0000     0.0000
     1.300     0.0000     0.0000     0.0000     0.0000     0.0000     0.0000
     1.400     0.0000     0.0000     0.0000     0.0000     0.0000     0.0000
     1.500     0.0000     0.0000     0.0000     0.0000     0.0000     0.0000
     1.600     0.0000     0.0000     0.0000     0.0000     0.0000     0.0000
     1.700     0.0000     0.0000     0.0000     0.0000     0.0000     0.0000
     1.800     0.0000     0.0000     0.0000     0.0000     0.0000     0.0000
     1.900     0.0000     0.0000     0.0000     0.0000     0.0000     0.0000
     2.000     0.0000     0.0000     0.0000     0.0000     0.0000     0.0000
     2.100     0.0000     0.0000     0.0000     0.0000     0.0000     0.0000
     2.200     0.0000     0.0000     0.0000     0.0000     0.0000     0.0000
     2.300     0.0000     0.0000     0.0000     0.0000     0.0000     0.0000
     2.400     0.0000     0.0000     0.0000     0.0000     0.0000     0.0000
     2.500     0.0000     0.0000     0.0000     0.0000     0.0000     0.0000
     2.600     0.0000     0.0000     0.0000     0.0000     0.0000     0.0000
     2.700     0.0000     0.0000     0.0000     0.0000     0.0000     0.0000
     2.800     0.0000     0.0000     0.0000     0.0000     0.0000     0.0000
     2.900     0.0000     0.0000     0.0000     0.0000     0.0000     0.0000
     3.000     0.0000     0.0000     0.0000     0.0000     0.0000     0.0000
     3.100     0.0000     0.0000     0.0000     0.0000     0.0000     0.0000
     3.200     0.0000     0.0000     0.0000     0.0000     0.0000     0.0000
     3.300     0.0000     0.0000     0.0000     0.0000     0.0000     0.0000
     3.400     0.0000     0.0000     0.0000     0.0000     0.0000     0.0000
     3.500     0.0000     0.0000     0.0000     0.0000     0.0000     0.0000
     3.600     0.0000     0.0000     0.0000     0.0000     0.0000     0.0000
     3.700     0.0000     0.0000     0.0000     0.0000     0.0000     0.0000
     3.800     0.0000     0.0000     0.0000     0.0000     0.0000     0.0000
     3.900     0.0000     0.0000     0.0000     0.0000     0.0000     0.0000
     4.000     0.0000     0.0000     0.0000     0.0000     0.0000     0.0000
     4.100     0.0000     0.0000     0.0000     0.0000     0.0000     0.0000
     4.200     0.0000     0.0000     0.0000     0.0000     0.0000     0.0000
     4.300     0.0000     0.0000     0.0000     0.0000     0.0000     0.0000
     4.400     0.0000     0.0000     0.0000     0.0000     0.0000     0.0000
     4.500     0.0000     0.0000     0.0000     0.0000     0.0000     0.0000
     4.600     0.0000     0.0000     0.0000     0.0000     0.0000     0.0000
     4.700     0.0000     0.0000     0.0000     0.0000     0.0000     0.0000
     4.800     0.0000     0.0000     0.0000     0.0000     0.0000     0.0000
     4.900     0.0000     0.0000     0.0000     0.0000     0.0000     0.0000
     5.000     0.0000     0.0000     0.0000     0.0000     0.0000     0.0000
     5.100     0.0000     0.0000     0.0000     0.0000     0.0000     0.0000
     5.200     0.0000     0.0000     0.0000     0.0000     0.0000     0.0000
     5.300     0.0000     0.0000     0.0000     0.0000     0.0000     0.0000
     5.400     0.0000     0.0000     0.0000     0.0000     0.0000     0.0000
     5.500     0.0000     0.0000     0.0000     0.0000     0.0000     0.0000
     5.600     0.0000     0.0000     0.0000     0.0000     0.0000     0.0000
     5.700     0.0000     0.0000     0.0000     0.0000     0.0000     0.0000
     5.800     0.0000     0.0000     0.0000     0.0000     0.0000     0.0000
     5.900     0.0000     0.0000     0.0000     0.0000     0.0000     0.0000
     6.000     0.0000     0.0000     0.0000     0.0000     0.0000     0.0000
     6.100     0.0000     0.0000     0.0000     0.0000     0.0000     0.0000
     6.200     0.0000     0.0000     0.0000     0.0000     0.0000     0.0000
     6.300     0.0000     0.0000     0.0000     0.0000     0.0000     0.0000
     6.400     0.0000     0.0000     0.0000     0.0000     0.0000     0.0000
     6.500     0.0000     0.0000     0.0000     0.0000     0.0000     0.0000
     6.600     0.0000     0.0000     0.0000     0.0000     0.0000     0.0000
     6.700     0.0000     0.0000     0.0000     0.0000     0.0000     0.0000
     6.800     0.0000     0.0000     0.0000     0.0000     0.0000     0.0000
     6.900     0.0000     0.0000     0.0000     0.0000     0.0000     0.0000
     7.000     0.0000     0.0000     0.0000     0.0000     0.0000     0.0000
     7.100     0.0000     0.0000     0.0000     0.0000     0.0000     0.0000
     7.200     0.0000     0.0000     0.0000     0.0000     0.0000     0.0000
     7.300     0.0000     0.0000     0.0000     0.0000     0.0000     0.0000
     7.400     0.0000     0.0000     0.0000     0.0000     0.0000     0.0000
     7.500     0.0000     0.0000     0.0000     0.0000     0.0000     0.0000
     7.600     0.0000     0.0000     0.0000     0.0000     0.0000     0.0000
     7.700     0.0000     0.0000     0.0000     0.0000     0.0000     0.0000
     7.800     0.0000     0.0000     0.0000     0.0000     0.0000     0.0000
     7.900     0.0000     0.0000     0.0000     0.0000     0.0000     0.0000
     8.000     0.0000     0.0000     0.0000     0.0000     0.0000     0.0000
     8.100     0.0000     0.0000     0.0000     0.0000     0.0000     0.0000
     8.200     0.0000     0.0000     0.0000     0.0000     0.0000     0.0000
     8.300     0.0000     0.0000     0.0000     0.0000     0.0000     0.0000
     8.400     0.0000     0.0000     0.0000     0.0000     0.0000     0.0000
     8.500     0.0000     0.0000     0.0000     0.0000     0.0000     0.0000
     8.600     0.0000     0.0000     0.0000     0.0000     0.0000     0.0000
     8.700     0.0000     0.0000     0.0000     0.0000     0.0000     0.0000
     8.800     0.0000     0.0000     0.0000     0.0000     0.0000     0.0000
     8.900     0.0000     0.0000     0.0000     0.0000     0.0000     0.0000
     9.000     0.0000     0.0000     0.0000     0.0000     0.0000     0.0000
     9.100     0.0000     0.0000     0.0000     0.0000     0.0000     0.0000
     9.200     0.0000     0.0000     0.0000     0.0000     0.0000     0.0000
     9.300     0.0000     0.0000     0.0000     0.0000     0.0000     0.0000
     9.400     0.0000     0.0000     0.0000     0.0000     0.0000     0.0000
     9.500     0.0000     0.0000     0.0000     0.0000     0.0000     0.0000
     9.600     0.0000     0.0000     0.0000     0.0000     0.0000     0.0000
     9.700     0.0000     0.0000     0.0000     0.0000     0.0000     0.0000
     9.800     0.0000     0.0000     0.0000     0.0000     0.0000     0.0000
     9.900     0.0000     0.0000     0.0000     0.0000     0.0000     0.0000
    10.000     0.0000     0.0000     0.0000     0.0000     0.0000     0.0000
    10.100     0.0000     0.0000     0.0000     0.0000     0.0000     0.0000
    10.200     0.0000     0.0000     0.0000     0.0000     0.0000     0.0000
    10.300     0.0000     0.0000     0.0000     0.0000     0.0000     0.0000
    10.400     0.0000     0.0000     0.0000     0.0000     0.0000     0.0000
    10.500     0.0000     0.0000     0.0000     0.0000     0.0000     0.0000
    10.600     0.0000     0.0000     0.0000     0.0000     0.0000     0.0000
    10.700     0.0000     0.0000     0.0000     0.0000     0.0000     0.0000
    10.800     0.0000     0.0000     0.0000     0.0000     0.0000     0.0000
    10.900     0.0000     0.0000     0.0000     0.0000     0.0000     0.0000
    11.000     0.0000     0.0000     0.0000     0.0000     0.0000     0.0000
    11.100     0.0000     0.0000     0.0000     0.0000     0.0000     0.0000
    11.200     0.0000     0.0000     0.0000     0.0000     0.0000     0.0000
    11.300     0.0000     0.0000     0.0000     0.0000     0.0000     0.0000
    11.400     0.0000     0.0000     0.0000     0.0000     0.0000     0.0000
    11.500     0.0000     0.0000     0.0000     0.0000     0.0000     0.0000
    11.600     0.0000     0.0000     0.0000     0.0000     0.0000     0.0000
    11.700     0.0000     0.0000     0.0000     0.0000     0.0000     0.0000
    11.800     0.0000     0.0000     0.0000     0.0000     0.0000     0.0000
    11.900     0.0000     0.0000     0.0000     0.0000     0.0000     0.0000
    12.000     0.0000     0.0000     0.0000     0.0000     0.0000     0.0000
    12.100     0.0000     0.0000     0.0000     0.0000     0.0000     0.0000
    12.200     0.0000     0.0000     0.0000     0.0000     0.0000     0.0000
    12.300     0.0000     0.0000     0.0000     0.0000     0.0000     0.0000
    12.400     0.0000     0.0000     0.0000     0.0000     0.0000     0.0000
    12.500     0.0000     0.0000     0.0000     0.0000     0.0000     0.0000
    12.600     0.0000     0.0000     0.0000     0.0000     0.0000     0.0000
    12.700     0.0000     0.0000     0.0000     0.0000     0.0000     0.0000
    12.800     0.0000     0.0000     0.0000     0.0000     0.0000     0.0000
    12.900     0.0000     0.0000     0.0000     0.0000     0.0000     0.0000
    13.000     0.0000     0.0000     0.0000     0.0000     0.0000     0.0000
    13.100     0.0000     0.0000     0.0000     0.0000     0.0000     0.0000
    13.200     0.0000     0.0000     0.0000     0.0000     0.0000     0.0000
    13.300     0.0000     0.0000     0.0000     0.0000     0.0000     0.0000
    13.400     0.0000     0.0000     0.0000     0.0000     0.0000     0.0000
    13.500     0.0000     0.0000     0.0000     0.0000     0.0000     0.0000
    13.600     0.0000     0.0000     0.0000     0.0000     0.0000     0.0000
    13.700     0.0000     0.0000     0.0000     0.0000     0.0000     0.0000
    13.800     0.0000     0.0000     0.0000     0.0000     0.0000     0.0000
    13.900     0.0000     0.0000     0.0000     0.0000     0.0000     0.0000
    14.000     0.0000     0.0000     0.0000     0.0000     0.0000     0.0000
    14.100     0.0000     0.0000     0.0000     0.0000     0.0000     0.0000
    14.200     0.0000     0.0000     0.0000     0.0000     0.0000     0.0000
    14.300     0.0000     0.0000     0.0000     0.0000     0.0000     0.0000
    14.400     0.0000     0.0000     0.0000     0.0000     0.0000     0.0000
    14.500     0.0000     0.0000     0.0000     0.0000     0.0000     0.0000
    14.600     0.0000     0.0000     0.0000     0.0000     0.0000     0.0000
    14.700     0.0000     0.0000     0.0000     0.0000     0.0000     0.0000
    14.800     0.0000     0.0000     0.0000     0.0000     0.0000     0.0000
    14.900     0.0000     0.0000     0.0000     0.0000     0.0000     0.0000
    15.000     0.0000     0.0000     0.0000     0.0000     0.0000     0.0000
    15.100     0.0000     0.0000     0.0000     0.0000     0.0000     0.0000
    15.200     0.0000     0.0000     0.0000     0.0000     0.0000     0.0000
    15.300     0.0000     0.0000     0.0000     0.0000     0.0000     0.0000
    15.400     0.0000     0.0000     0.0000     0.0000     0.0000     0.0000
    15.500     0.0000     0.0000     0.0000     0.0000     0.0000     0.0000
    15.600     0.0000     0.0000     0.0000     0.0000     0.0000     0.0000
    15.700     0.0000     0.0000     0.0000     0.0000     0.0000     0.0000
    15.800     0.0000     0.0000     0.0000     0.0000     0.0000     0.0000
    15.900     0.0000     0.0000     0.0000     0.0000     0.0000     0.0000
    16.000     0.0000     0.0000     0.0000     0.0000     0.0000     0.0000
    16.100     0.0000     0.0000     0.0000     0.0000     0.0000     0.0000
    16.200     0.0000     0.0000     0.0000     0.0000     0.0000     0.0000
    16.300     0.0000     0.0000     0.0000     0.0000     0.0000     0.0000
    16.400     0.0000     0.0000     0.0000     0.0000     0.0000     0.0000
    16.500     0.0000     0.0000     0.0000     0.0000     0.0000     0.0000
    16.600     0.0000     0.0000     0.0000     0.0000     0.0000     0.0000
    16.700     0.0000     0.0000     0.0000     0.0000     0.0000     0.0000
    16.800     0.0000     0.0000     0.0000     0.0000     0.0000     0.0000
    16.900     0.0000     0.0000     0.0000     0.0000     0.0000     0.0000
    17.000     0.0000     0.0000     0.0000     0.0000     0.0000     0.0000
    17.100     0.0000     0.0000     0.0000     0.0000     0.0000     0.0000
    17.200     0.0000     0.0000     0.0000     0.0000     0.0000     0.0000
    17.300     0.0000     0.0000     0.0000     0.0000     0.0000     0.0000
    17.400     0.0000     0.0000     0.0000     0.0000     0.0000     0.0000
    17.500     0.0000     0.0000     0.0000     0.0000     0.0000     0.0000
    17.600     0.0000     0.0000     0.0000     0.0000     0.0000     0.0000
    17.700     0.0000     0.0000     0.0000     0.0000     0.0000     0.0000
    17.800     0.0000     0.0000     0.0000     0.0000     0.0000     0.0000
    17.900     0.0000     0.0000     0.0000     0.0000     0.0000     0.0000
    18.000     0.0000     0.0000     0.0000     0.0000     0.0000     0.0000
    18.100     0.0000     0.0000     0.0000     0.0000     0.0000     0.0000
    18.200     0.0000     0.0000     0.0000     0.0000     0.0000     0.0000
    18.300     0.0000     0.0000     0.0000     0.0000     0.0000     0.0000
    18.400     0.0000     0.0000     0.0000     0.0000     0.0000     0.0000
    18.500     0.0000     0.0000     0.0000     0.0000     0.0000     0.0000
    18.600     0.0000     0.0000     0.0000     0.0000     0.0000     0.0000
    18.700     0.0000     0.0000     0.0000     0.0000     0.0000     0.0000
    18.800     0.0000     0.0000     0.0000     0.0000     0.0000     0.0000
    18.900     0.0000     0.0000     0.0000     0.0000     0.0000     0.0000
    19.000     0.0000     0.0000     0.0000     0.0000     0.0000     0.0000
    19.100     0.0000     0.0000     0.0000     0.0000     0.0000     0.0000
    19.200     0.0000     0.0000     0.0000     0.0000     0.0000     0.0000
    19.300     0.0000     0.0000     0.0000     0.0000     0.0000     0.0000
    19.400     0.0000     0.0000     0.0000     0.0000     0.0000     0.0000
    19.500     0.0000     0.0000     0.0000     0.0000     0.0000     0.0000
    19.600     0.0000     0.0000     0.0000     0.0000     0.0000     0.0000
    19.700     0.0000     0.0000     0.0000     0.0000     0.0000     0.0000
    19.800     0.0000     0.0000     0.0000     0.0000     0.0000     0.0000
    19.900     0.0000     0.0000     0.0000     0.0000     0.0000     0.0000
    20.000     0.0000     0.0000     0.0000     0.0000     0.0000     0.0000
    20.100     0.0000     0.0000     0.0000     0.0000     0.0000     0.0000
    20.200     0.0000     0.0000     0.0000     0.0000     0.0000     0.0000
    20.300     0.0000     0.0000     0.0000     0.0000     0.0000     0.0000
    20.400     0.0000     0.0000     0.0000     0.0000     0.0000     0.0000
    20.500     0.0000     0.0000     0.0000     0.0000     0.0000     0.0000
    20.600     0.0000     0.0000     0.0000     0.0000     0.0000     0.0000
    20.700     0.0000     0.0000     0.0000     0.0000     0.0000     0.0000
    20.800     0.0000     0.0000     0.0000     0.0000     0.0000     0.0000
    20.900     0.0000     0.0000     0.0000     0.0000     0.0000     0.0000
    21.000     0.0000     0.0000     0.0000     0.0000     0.0000     0.0000
    21.100     0.0000     0.0000     0.0000     0.0000     0.0000     0.0000
    21.200     0.0000     0.0000     0.0000     0.0000     0.0000     0.0000
    21.300     0.0000     0.0000     0.0000     0.0000     0.0000     0.0000
    21.400     0.0000     0.0000     0.0000     0.0000     0.0000     0.0000
    21.500     0.0000     0.0000     0.0000     0.0000     0.0000     0.0000
    21.600     0.0000     0.0000     0.0000     0.0000     0.0000     0.0000
    21.700     0.0000     0.0000     0.0000     0.0000     0.0000     0.0000
    21.800     0.0000     0.0000     0.0000     0.0000     0.0000     0.0000
    21.900     0.0000     0.0000     0.0000     0.0000     0.0000     0.0000
    22.000     0.0000     0.0000     0.0000     0.0000     0.0000     0.0000
    22.100     0.0000     0.0000     0.0000     0.0000     0.0000     0.0000
    22.200     0.0000     0.0000     0.0000     0.0000     0.0000     0.0000
    22.300     0.0000     0.0000     0.0000     0.0000     0.0000     0.0000
    22.400     0.0000     0.0000     0.0000     0.0000     0.0000     0.0000
    22.500     0.0000     0.0000     0.0000     0.0000     0.0000     0.0000
    22.600     0.0000     0.0000     0.0000     0.0000     0.0000     0.0000
    22.700     0.0000     0.0000     0.0000     0.0000     0.0000     0.0000
    22.800     0.0000     0.0000     0.0000     0.0000     0.0000     0.0000
    22.900     0.0000     0.0000     0.0000     0.0000     0.0000     0.0000
    23.000     0.0000     0.0000     0.0000     0.0000     0.0000     0.0000
    23.100     0.0000     0.0000     0.0000     0.0000     0.0000     0.0000
    23.200     0.0000     0.0000     0.0000     0.0000     0.0000     0.0000
    23.300     0.0000     0.0000     0.0000     0.0000     0.0000     0.0000
    23.400     0.0000     0.0000     0.0000     0.0000     0.0000     0.0000
    23.500     0.0000     0.0000     0.0000     0.0000     0.0000     0.0000
    23.600     0.0000     0.0000     0.0000     0.0000     0.0000     0.0000
    23.700     0.0000     0.0000     0.0000     0.0000     0.0000     0.0000
    23.800     0.0000     0.0000     0.0000     0.0000     0.0000     0.0000
    23.900     0.0000     0.0000     0.0000     0.0000     0.0000     0.0000
    24.000     0.0000     0.0000     0.0000     0.0000     0.0000     0.0000
    24.100     0.0000     0.0000     0.0000     0.0000     0.0000     0.0000
    24.200     0.0000     0.0000     0.0000     0.0000     0.0000     0.0000
    24.300     0.0000     0.0000     0.0000     0.0000     0.0000     0.0000
    24.400     0.0000     0.0000     0.0000     0.0000     0.0000     0.0000
    24.500     0.0000     0.0000     0.0000     0.0000     0.0000     0.0000
    24.600     0.0000     0.0000     0.0000     0.0000     0.0000     0.0000
    24.700     0.0000     0.0000     0.0000     0.0000     0.0000     0.0000
    24.800     0.0000     0.0000     0.0000     0.0000     0.0000     0.0000
    24.900     0.0000     0.0000     0.0000     0.0000     0.0000     0.0000
    25.000     0.0000     0.0000     0.0000     0.0000     0.0000     0.0000
    25.100     0.0000     0.0000     0.0000     0.0000     0.0000     0.0000

 BPM: Using the real scalar part of the  Elastic Channel Potential

 Incident energy (cm) =  19.191. Fusion inside radius of   3.897 fm.

 L =  0, Barrier =  3.62-17.12, Peak @  7.50  3.62, Tl = 1.0000: Xsec-F =   9.485 mb
 L =  1, Barrier =  3.78-16.91, Peak @  7.40  3.78, Tl = 1.0000: Xsec-F =  28.454 mb
 L =  2, Barrier =  4.53-16.46, Peak @  7.10  4.53, Tl = 1.0000: Xsec-F =  47.424 mb
 L =  3, Barrier =  5.37-15.74, Peak @  6.80  5.37, Tl = 1.0000: Xsec-F =  66.393 mb
 L =  4, Barrier =  6.89-14.67, Peak @  6.40  6.89, Tl = 1.0000: Xsec-F =  85.362 mb
 L =  5, Barrier =  8.13-13.18, Peak @  6.10  8.13, Tl = 1.0000: Xsec-F = 104.328 mb
 L =  6, Barrier =  9.56-11.20, Peak @  5.80  9.56, Tl = 0.9994: Xsec-F = 123.223 mb
 L =  7, Barrier = 12.16 -8.61, Peak @  5.40 12.16, Tl = 0.9885: Xsec-F = 140.630 mb
 L =  8, Barrier = 14.06 -5.30, Peak @  5.10 14.06, Tl = 0.9142: Xsec-F = 147.406 mb
 L =  9, Barrier = 16.08 -1.08, Peak @  4.80 16.08, Tl = 0.6043: Xsec-F = 108.908 mb
 L = 10, Barrier = 16.08  4.24, Turn @  0.00  5.90, Tl = 0.0553: Xsec-F =  11.023 mb
 L = 11, Barrier = 16.08 11.10, Turn @  0.00  6.60, Tl = 0.0033: Xsec-F =   0.713 mb
 L = 12, Barrier = 16.08 20.08, Turn @  0.00  7.20, Tl = 0.0002: Xsec-F =   0.049 mb
 L = 13, Barrier = 16.08 29.99, Turn @  0.00  7.80, Tl = 0.0000: Xsec-F =   0.003 mb
0Cumulative FUSION cross section by BPM (case 1)   =  0.873E+03  <L> =     5.94  <L**2> =     40.7

 BPM: Using the real scalar part of the  Elastic Channel Potential
 Including CRC local equivalent potential.

 Incident energy (cm) =  19.191. Fusion inside radius of   3.897 fm.

 L =  0, Barrier =  3.62-17.12, Peak @  7.50  3.62, Tl = 1.0000: Xsec-F =   9.485 mb
 L =  1, Barrier =  3.78-16.91, Peak @  7.40  3.78, Tl = 1.0000: Xsec-F =  28.454 mb
 L =  2, Barrier =  4.53-16.46, Peak @  7.10  4.53, Tl = 1.0000: Xsec-F =  47.424 mb
 L =  3, Barrier =  5.37-15.74, Peak @  6.80  5.37, Tl = 1.0000: Xsec-F =  66.393 mb
 L =  4, Barrier =  6.89-14.67, Peak @  6.40  6.89, Tl = 1.0000: Xsec-F =  85.362 mb
 L =  5, Barrier =  8.13-13.18, Peak @  6.10  8.13, Tl = 1.0000: Xsec-F = 104.328 mb
 L =  6, Barrier =  9.56-11.20, Peak @  5.80  9.56, Tl = 0.9994: Xsec-F = 123.223 mb
 L =  7, Barrier = 12.16 -8.61, Peak @  5.40 12.16, Tl = 0.9885: Xsec-F = 140.630 mb
 L =  8, Barrier = 14.06 -5.30, Peak @  5.10 14.06, Tl = 0.9142: Xsec-F = 147.406 mb
 L =  9, Barrier = 16.08 -1.08, Peak @  4.80 16.08, Tl = 0.6043: Xsec-F = 108.908 mb
 L = 10, Barrier = 16.08  4.24, Turn @  0.00  5.90, Tl = 0.0553: Xsec-F =  11.023 mb
 L = 11, Barrier = 16.08 11.10, Turn @  0.00  6.60, Tl = 0.0033: Xsec-F =   0.713 mb
 L = 12, Barrier = 16.08 20.08, Turn @  0.00  7.20, Tl = 0.0002: Xsec-F =   0.049 mb
 L = 13, Barrier = 16.08 29.99, Turn @  0.00  7.80, Tl = 0.0000: Xsec-F =   0.003 mb
0Cumulative FUSION cross section by BPM (case 2)   =  0.873E+03  <L> =     5.94  <L**2> =     40.7
0Fusion at  32.000 MeV: Bare =  8.734E+02, Actual =  1.353E+03, BPM-equiv =  8.734E+02 mb
 Total CPU  0 time =       3.86 seconds
