

 Partition  1 ***
   PROJ=6Li        MASS=  6.0151 Z=   3.0,        # STATES=    1T, TARG=9Be      MASS=  9.0121 Z=   4.0,     Q-VALUE =   0.0000 MeV.

   MIXPOT =  0: no couplings (default)

     1:  J= 1.0+ (B# 1), E=  0.0000, K= 0.0              Potl#  1       J= 1.5- (B#-1), E=  0.0000, K= 0.5    


 Partition  2 ***
   PROJ=2H         MASS=  2.0141 Z=   1.0,        # STATES=    1T, TARG=13C_L0   MASS= 13.0034 Z=   6.0,     Q-VALUE =   9.1730 MeV.

   MIXPOT =  0: no couplings (default)

     1:  J= 1.0+ (B# 1), E=  0.0000, K= 0.0              Potl#  2       J= 1.5- (B#-1), E=  9.8940, K= 0.5    

    1    0=Coulomb       0=CHARGE (WS)  1     9.000     0.000    2.3400    0.0000    0.0000    0.0000     0.000     9.000

    1    1=Volume        0=Woods-Saxon  2  174.0000    1.2200    0.7500    5.8400    2.8100    0.6300     0.000     9.000

    2    0=Coulomb       0=CHARGE (WS)  3    13.000     0.000    1.3000    0.0000    0.0000    0.0000     0.000    13.000

    2    1=Volume        0=Woods-Saxon  4   92.4100    1.0380    0.7900    0.0000    0.0000    0.0000     0.000    13.000

    2    2=Surface       0=Woods-Saxon  5    0.0000    0.0000    0.0000    9.7500    1.4260    0.6930     0.000    13.000

    3    0=Coulomb       0=CHARGE (WS)  6     1.000     0.000    1.9000    0.0000    0.0000    0.0000     0.000     1.000

    3    1=Volume        0=Woods-Saxon  7   79.9000    1.9000    0.6500    0.0000    0.0000    0.0000     0.000     1.000

    4    0=Coulomb       0=CHARGE (WS)  8     1.000     0.000    2.7600    0.0000    0.0000    0.0000     0.000     1.000

    4    1=Volume        0=Woods-Saxon  9   50.0000    2.7600    0.6500    0.0000    0.0000    0.0000     0.000     1.000


 ************************************************************************************************************************************

 The following    real SINGLE-PARTICLE FORM FACTORS are  constructed:


 No.   P1 P2 IN KIND T N  L  S1 IA J/S  IB BIND XFER  BE    SC PC FIL AFRAC Adjust  to  Z  Mass   K     Norm    rms      D0     D   ANC/Gsp

    1:  2  1  1  0     2  0 0.0  1 0.0   0   3   0   1.4740  1  0  0 0.0000 VR  0.9698; 2. 4.001 0.3074 1.0000  4.066   68.3   67.8 -2.5409

    2:  1  2  2  0     3  0 0.0  1 0.0   0   4   0   0.7480  1  0  0 0.0000 VR  1.2105; 2. 3.991 0.3146 1.0000  3.921  -24.8   -7.3  1.48E+02

 ************************************************************************************************************************************

 ONE-way COUPLING # 1 for partitions -2 <-  1 of KIND  7,   0 -1  0 -1 -1 & P1,P2 =    0.0000   0.0000 : for J <=    25.5 & R <  17.7 fm.


 data =  1  1  1  1  0.8307,  so  < [6Li      #  1] / [2H       #  1]  * Eigen-form #  1>  =   0.8307            BE =  1.474     1

 data = -2  1  1  2  7.0000,  so  < [13C_L0   #  1] / [9Be      #  1]  * Eigen-form #  2>  =   7.0000            BE =  0.748     2
 KNT =   2, KNP =   1: NK,NG,loc=   1   1   1      10  T  T  F
 KNT =   2, KNP =   1: NK,NG,loc=   1   1   1      10

     So FINITE-RANGE TRANSFER : IP1 = 0 (POST    ), IP2=-1 =COMPLEX     ,  for   1 pairs of bound states summed into   1 pairs
      The main coupling potential is that binding the transferred particle to the 2H       core.

          Using between 2H       & 9Be      the potential No.   2, and subtracting optical potential No.  2

   A real*8 is            8  bytes
   NLL,NLN,NLO =         112         113         189
0File   9 needs RL =   42336    REAL*8 numbers, and NR =    37. i.e.   12.53 Megabytes
   File            9  RECL =      338688
0RECOMMENDED NON-LOCAL WIDTH IS GREATER THAN   14.04 FM.,  RECOMMENDED CENTRATION   1.22, after    0.26 secs.
0Relative non-local usages (rms) are
    0.005   0.005   0.005   0.005   0.005   0.006   0.006   0.006   0.006   0.006   0.007   0.007   0.007   0.007   0.007
    0.008   0.008   0.008   0.008   0.009   0.009   0.009   0.009   0.010   0.010   0.010   0.011   0.011   0.011   0.011
    0.012   0.012   0.012   0.013   0.013   0.013   0.014   0.014   0.015   0.015   0.015   0.016   0.016   0.016   0.017
    0.017   0.018   0.018   0.019   0.019   0.020   0.020   0.020   0.021   0.021   0.022   0.023   0.023   0.024   0.024
    0.024   0.025   0.026   0.026   0.027   0.027   0.028   0.029   0.029   0.030   0.030   0.031   0.032   0.032   0.033
    0.034   0.035   0.035   0.036   0.037   0.038   0.038   0.039   0.040   0.041   0.042   0.043   0.044   0.045   0.046
    0.047   0.048   0.050   0.051   0.053   0.054   0.055   0.057   0.059   0.060   0.062   0.064   0.066   0.069   0.071
    0.073   0.075   0.078   0.080   0.083   0.087   0.090   0.094   0.097   0.100   0.103   0.106   0.112   0.117   0.122
    0.127   0.132   0.136   0.140   0.144   0.152   0.160   0.167   0.173   0.179   0.185   0.191   0.195   0.206   0.217
    0.226   0.235   0.243   0.250   0.257   0.263   0.277   0.290   0.302   0.313   0.323   0.332   0.340   0.347   0.365
    0.381   0.396   0.410   0.422   0.432   0.442   0.451   0.472   0.491   0.509   0.525   0.539   0.552   0.563   0.573
    0.598   0.620   0.641   0.659   0.676   0.690   0.703   0.714   0.742   0.768   0.791   0.812   0.831   0.847   0.861
    0.873   0.905   0.933   0.959   0.982   1.003   1.021   1.036   1.050   1.083   1.114   1.142   1.167   1.189   1.208
    1.225   1.239   1.274   1.305   1.334   1.360   1.383   1.403   1.421   1.437   1.470   1.501   1.529   1.555   1.578
    1.599   1.618   1.636   1.666   1.695   1.722   1.747   1.770   1.793   1.814   1.834   1.862   1.889   1.915   1.941
    1.967   1.993   2.019   2.046   2.075   2.106   2.137   2.170   2.204   2.241   2.280   2.321   2.364   2.411   2.460
    2.513   2.569   2.630   2.694   2.761   2.843   2.928   3.017   3.109   3.206   3.307   3.412   3.521   3.670   3.821
    3.973   4.128   4.284   4.442   4.602   4.763   5.008   5.247   5.483   5.714   5.943   6.169   6.392   6.612   6.966
    7.306   7.632   7.947   8.251   8.544   8.825   9.096   9.551   9.980  10.385  10.766  11.124  11.459  11.772  12.062
   12.564  13.028  13.455  13.844  14.195  14.510  14.786  15.025  15.455  15.835  16.165  16.445  16.674  16.851  16.976
   17.048  17.219  17.334  17.392  17.393  17.335  17.220  17.048  16.820  16.560  16.247  15.884  15.473  15.018  14.524
   13.995  13.439  12.983  12.534  12.110  11.733  11.425  11.208  11.105  11.132  12.615  14.063  15.492  16.911  18.323
   19.727  21.122  22.503  25.968  29.054  31.854  34.421  36.787  38.973  40.992  42.850  46.908  50.540  53.804  56.736
   59.361  61.696  63.753  65.542  69.382  72.789  75.794  78.415  80.671  82.572  84.130  85.352  88.157  90.557  92.567
   94.199  95.462  96.371  96.955  97.220  98.445  99.325  99.850 100.000  99.774  99.179  98.239  96.987  95.454  93.676
   91.687  89.545  87.272  84.882  82.384  79.786  77.100  74.315  71.445  68.502  65.498  62.447  59.380  56.314  53.288
   50.325  47.457  44.713  42.118  39.690  37.435  35.367  33.497  31.831  30.367  29.104  28.034  27.145  26.420  25.838
   25.376  25.011  24.721  24.484  24.278  24.088  23.898  23.698  23.476  23.227  22.946  22.630  22.277  21.889  21.465
   21.011  20.528  20.020  19.491  18.947  18.391  17.831  17.268  16.710  16.159  15.619  15.095  14.589  14.105  13.642
   13.203  12.789  12.400  12.035  11.694  11.375  11.076  10.796  10.534  10.287  10.052   9.830   9.617   9.414   9.218
    9.029   8.847   8.670   8.499   8.334   8.175   8.022   7.875   7.734   7.600   7.472   7.351   7.237   7.130   7.029
    6.933   6.843   6.758   6.677   6.600   6.525   6.452   6.381   6.310   6.239   6.168   6.095   6.021   5.945   5.866
    5.785   5.702   5.616   5.528   5.437   5.345   5.250   5.154   5.058   4.960   4.863   4.766   4.670   4.575   4.483
    4.393   4.306   4.223   4.143   4.068   3.998   3.932   3.872   3.817   3.767   3.723   3.685   3.652   3.624   3.600
    3.582   3.567   3.557   3.550   3.546   3.544   3.545   3.548   3.553   3.559   3.565   3.572   3.579   3.586   3.593
    3.599   3.604   3.609   3.612   3.614   3.615   3.614   3.612   3.609   3.604   3.597   3.589   3.579   3.568   3.555
    3.541   3.525   3.507   3.488   3.468   3.446   3.423   3.399   3.374   3.348   3.320   3.292   3.262   3.232   3.201
    3.169   3.136   3.103   3.069   3.035   3.000   2.964   2.928   2.892   2.856   2.819   2.782   2.745   2.708   2.670
    2.633   2.595   2.558   2.521   2.483   2.446   2.409   2.372   2.335   2.298   2.262   2.226   2.190   2.154   2.119
    2.083   2.049   2.014   1.980   1.946   1.913   1.880   1.847   1.814   1.782   1.751   1.720   1.689   1.659   1.629
    1.599   1.570   1.541   1.513   1.485   1.457   1.430   1.403   1.377   1.351   1.326   1.301   1.276   1.252   1.228
    1.205   1.181   1.159   1.136   1.115   1.093   1.072   1.051   1.031   1.011   0.991   0.971   0.952   0.934   0.915
    0.897   0.880   0.862   0.845   0.829   0.812   0.796   0.780   0.765   0.750   0.735   0.720   0.706   0.692   0.678
    0.664   0.651   0.638   0.625   0.613   0.601   0.589   0.577   0.565   0.554   0.543   0.532   0.521   0.511   0.500
    0.490   0.480   0.471   0.461   0.452   0.443   0.434   0.425   0.417   0.408   0.400   0.392   0.384   0.376   0.369
    0.361   0.354   0.347   0.340   0.333   0.326   0.320   0.313   0.307   0.301   0.295   0.289   0.283   0.277   0.271
    0.266   0.261   0.255   0.250   0.245   0.240   0.235   0.231   0.226   0.221   0.217   0.213   0.208   0.204   0.200
    0.196   0.192   0.188   0.184   0.181   0.177   0.173   0.170   0.166   0.163   0.160   0.157   0.153   0.150   0.147
    0.144   0.141   0.139   0.136   0.133   0.130   0.128   0.125   0.123   0.120   0.118   0.115   0.113   0.111   0.109
    0.106   0.104   0.102   0.100   0.098   0.096   0.094   0.092   0.090   0.089   0.087   0.085   0.083   0.082   0.080
    0.078   0.077   0.075
0Binding Energies: (6Li      # 1 / 2H       # 1)(BE =  1.474)-(13C_L0   # 1 / 9Be      # 1)(BE =  0.748)- DISCREPANCY = -0.0050

 Incoming partition  1 in excitation state # 1,   Laboratory Energy given for partition  1 Nucleus 1 in Excitation pair 1


***    32.00000     MeV.
  Sig-R,T,E =   1349.2192   2322.5262    973.3070
  Out in 2 :  1.150E+00
0CUMULATIVE OUTGOING cross section               =          1.15013
     0.01 deg.: X-S =   8.736991E+15 mb/sr,
+                                         /R =   1.000002E+00

     0.50 deg.: X-S =   1.403938E+09 mb/sr,
+                                         /R =   1.004295E+00

     1.00 deg.: X-S =   8.848955E+07 mb/sr,
+                                         /R =   1.012765E+00

     1.50 deg.: X-S =   1.734646E+07 mb/sr,
+                                         /R =   1.004998E+00

     2.00 deg.: X-S =   5.333812E+06 mb/sr,
+                                         /R =   9.765812E-01

     2.50 deg.: X-S =   2.083148E+06 mb/sr,
+                                         /R =   9.310676E-01

     3.00 deg.: X-S =   9.438388E+05 mb/sr,
+                                         /R =   8.746278E-01

     3.50 deg.: X-S =   4.741040E+05 mb/sr,
+                                         /R =   8.137941E-01

     4.00 deg.: X-S =   2.577036E+05 mb/sr,
+                                         /R =   7.544780E-01

     4.50 deg.: X-S =   1.496282E+05 mb/sr,
+                                         /R =   7.015456E-01

     5.00 deg.: X-S =   9.219220E+04 mb/sr,
+                                         /R =   6.586608E-01

     5.50 deg.: X-S =   6.007857E+04 mb/sr,
+                                         /R =   6.282640E-01

     6.00 deg.: X-S =   4.130832E+04 mb/sr,
+                                         /R =   6.116283E-01

     6.50 deg.: X-S =   2.986946E+04 mb/sr,
+                                         /R =   6.089590E-01

     7.00 deg.: X-S =   2.259992E+04 mb/sr,
+                                         /R =   6.195230E-01

     7.50 deg.: X-S =   1.777271E+04 mb/sr,
+                                         /R =   6.417963E-01

     8.00 deg.: X-S =   1.441549E+04 mb/sr,
+                                         /R =   6.736228E-01

     8.50 deg.: X-S =   1.196716E+04 mb/sr,
+                                         /R =   7.123811E-01

     9.00 deg.: X-S =   1.009744E+04 mb/sr,
+                                         /R =   7.551511E-01

     9.50 deg.: X-S =    8608.721292 mb/sr,
+                                         /R =   7.988800E-01

    10.00 deg.: X-S =    7381.162437 mb/sr,
+                                         /R =   8.405396E-01

    10.50 deg.: X-S =    6341.180125 mb/sr,
+                                         /R =   8.772726E-01

    11.00 deg.: X-S =    5442.998511 mb/sr,
+                                         /R =   9.065235E-01

    11.50 deg.: X-S =    4657.660694 mb/sr,
+                                         /R =   9.261495E-01

    12.00 deg.: X-S =    3966.395667 mb/sr,
+                                         /R =   9.345094E-01

    12.50 deg.: X-S =    3356.576106 mb/sr,
+                                         /R =   9.305268E-01

    13.00 deg.: X-S =    2819.242094 mb/sr,
+                                         /R =   9.137277E-01

    13.50 deg.: X-S =    2347.584229 mb/sr,
+                                         /R =   8.842495E-01

    14.00 deg.: X-S =    1936.021013 mb/sr,
+                                         /R =   8.428248E-01

    14.50 deg.: X-S =    1579.647334 mb/sr,
+                                         /R =   7.907382E-01

    15.00 deg.: X-S =    1273.915769 mb/sr,
+                                         /R =   7.297612E-01

    15.50 deg.: X-S =    1014.463885 mb/sr,
+                                         /R =   6.620667E-01

    16.00 deg.: X-S =     797.032497 mb/sr,
+                                         /R =   5.901285E-01

    16.50 deg.: X-S =     617.439572 mb/sr,
+                                         /R =   5.166092E-01

    17.00 deg.: X-S =     471.586967 mb/sr,
+                                         /R =   4.442419E-01

    17.50 deg.: X-S =     355.485209 mb/sr,
+                                         /R =   3.757118E-01

    18.00 deg.: X-S =     265.286636 mb/sr,
+                                         /R =   3.135411E-01

    18.50 deg.: X-S =     197.320680 mb/sr,
+                                         /R =   2.599834E-01

    19.00 deg.: X-S =     148.127262 mb/sr,
+                                         /R =   2.169308E-01

    19.50 deg.: X-S =     114.485852 mb/sr,
+                                         /R =   1.858390E-01

    20.00 deg.: X-S =      93.438751 mb/sr,
+                                         /R =   1.676708E-01

    20.50 deg.: X-S =      82.307894 mb/sr,
+                                         /R =   1.628620E-01

    21.00 deg.: X-S =      78.704995 mb/sr,
+                                         /R =   1.713104E-01

    21.50 deg.: X-S =      80.535181 mb/sr,
+                                         /R =   1.923863E-01

    22.00 deg.: X-S =      85.994554 mb/sr,
+                                         /R =   2.249654E-01

    22.50 deg.: X-S =      93.562269 mb/sr,
+                                         /R =   2.674811E-01

    23.00 deg.: X-S =     101.987845 mb/sr,
+                                         /R =   3.179941E-01

    23.50 deg.: X-S =     110.274477 mb/sr,
+                                         /R =   3.742757E-01

    24.00 deg.: X-S =     117.659168 mb/sr,
+                                         /R =   4.339011E-01

    24.50 deg.: X-S =     123.590483 mb/sr,
+                                         /R =   4.943484E-01

    25.00 deg.: X-S =     127.704709 mb/sr,
+                                         /R =   5.530995E-01

    25.50 deg.: X-S =     129.801168 mb/sr,
+                                         /R =   6.077390E-01

    26.00 deg.: X-S =     129.817340 mb/sr,
+                                         /R =   6.560459E-01

    26.50 deg.: X-S =     127.804425 mb/sr,
+                                         /R =   6.960760E-01

    27.00 deg.: X-S =     123.903857 mb/sr,
+                                         /R =   7.262317E-01

    27.50 deg.: X-S =     118.325213 mb/sr,
+                                         /R =   7.453157E-01

    28.00 deg.: X-S =     111.325863 mb/sr,
+                                         /R =   7.525687E-01

    28.50 deg.: X-S =     103.192644 mb/sr,
+                                         /R =   7.476885E-01

    29.00 deg.: X-S =      94.225725 mb/sr,
+                                         /R =   7.308318E-01

    29.50 deg.: X-S =      84.724768 mb/sr,
+                                         /R =   7.025976E-01

    30.00 deg.: X-S =      74.977432 mb/sr,
+                                         /R =   6.639951E-01

    30.50 deg.: X-S =      65.250168 mb/sr,
+                                         /R =   6.163965E-01

    31.00 deg.: X-S =      55.781226 mb/sr,
+                                         /R =   5.614780E-01

    31.50 deg.: X-S =      46.775745 mb/sr,
+                                         /R =   5.011507E-01

    32.00 deg.: X-S =      38.402735 mb/sr,
+                                         /R =   4.374857E-01

    32.50 deg.: X-S =      30.793774 mb/sr,
+                                         /R =   3.726347E-01

    33.00 deg.: X-S =      24.043180 mb/sr,
+                                         /R =   3.087511E-01

    33.50 deg.: X-S =      18.209436 mb/sr,
+                                         /R =   2.479130E-01

    34.00 deg.: X-S =      13.317641 mb/sr,
+                                         /R =   1.920516E-01

    34.50 deg.: X-S =       9.362742 mb/sr,
+                                         /R =   1.428877E-01

    35.00 deg.: X-S =       6.313345 mb/sr,
+                                         /R =   1.018770E-01

    35.50 deg.: X-S =       4.115880 mb/sr,
+                                         /R =   7.016788E-02

    36.00 deg.: X-S =       2.698957 mb/sr,
+                                         /R =   4.857074E-02

    36.50 deg.: X-S =       1.977723 mb/sr,
+                                         /R =   3.754058E-02

    37.00 deg.: X-S =       1.858096 mb/sr,
+                                         /R =   3.717263E-02

    37.50 deg.: X-S =       2.240749 mb/sr,
+                                         /R =   4.721058E-02

    38.00 deg.: X-S =       3.024752 mb/sr,
+                                         /R =   6.706669E-02

    38.50 deg.: X-S =       4.110803 mb/sr,
+                                         /R =   9.585231E-02

    39.00 deg.: X-S =       5.404000 mb/sr,
+                                         /R =   1.324176E-01

    39.50 deg.: X-S =       6.816122 mb/sr,
+                                         /R =   1.753983E-01

    40.00 deg.: X-S =       8.267426 mb/sr,
+                                         /R =   2.232680E-01

    40.50 deg.: X-S =       9.687949 mb/sr,
+                                         /R =   2.743931E-01

    41.00 deg.: X-S =      11.018353 mb/sr,
+                                         /R =   3.270900E-01

    41.50 deg.: X-S =      12.210336 mb/sr,
+                                         /R =   3.796799E-01

    42.00 deg.: X-S =      13.226661 mb/sr,
+                                         /R =   4.305427E-01

    42.50 deg.: X-S =      14.040848 mb/sr,
+                                         /R =   4.781650E-01

    43.00 deg.: X-S =      14.636574 mb/sr,
+                                         /R =   5.211833E-01

    43.50 deg.: X-S =      15.006854 mb/sr,
+                                         /R =   5.584203E-01

    44.00 deg.: X-S =      15.153038 mb/sr,
+                                         /R =   5.889125E-01

    44.50 deg.: X-S =      15.083687 mb/sr,
+                                         /R =   6.119309E-01

    45.00 deg.: X-S =      14.813379 mb/sr,
+                                         /R =   6.269922E-01

    45.50 deg.: X-S =      14.361487 mb/sr,
+                                         /R =   6.338620E-01

    46.00 deg.: X-S =      13.750964 mb/sr,
+                                         /R =   6.325496E-01

    46.50 deg.: X-S =      13.007182 mb/sr,
+                                         /R =   6.232957E-01

    47.00 deg.: X-S =      12.156848 mb/sr,
+                                         /R =   6.065534E-01

    47.50 deg.: X-S =      11.227009 mb/sr,
+                                         /R =   5.829635E-01

    48.00 deg.: X-S =      10.244187 mb/sr,
+                                         /R =   5.533247E-01

    48.50 deg.: X-S =       9.233632 mb/sr,
+                                         /R =   5.185618E-01

    49.00 deg.: X-S =       8.218712 mb/sr,
+                                         /R =   4.796903E-01

    49.50 deg.: X-S =       7.220433 mb/sr,
+                                         /R =   4.377815E-01

    50.00 deg.: X-S =       6.257100 mb/sr,
+                                         /R =   3.939268E-01

    50.50 deg.: X-S =       5.344091 mb/sr,
+                                         /R =   3.492041E-01

    51.00 deg.: X-S =       4.493761 mb/sr,
+                                         /R =   3.046469E-01

    51.50 deg.: X-S =       3.715434 mb/sr,
+                                         /R =   2.612157E-01

    52.00 deg.: X-S =       3.015502 mb/sr,
+                                         /R =   2.197742E-01

    52.50 deg.: X-S =       2.397586 mb/sr,
+                                         /R =   1.810702E-01

    53.00 deg.: X-S =       1.862773 mb/sr,
+                                         /R =   1.457200E-01

    53.50 deg.: X-S =       1.409890 mb/sr,
+                                         /R =   1.141996E-01

    54.00 deg.: X-S =       1.035814 mb/sr,
+                                         /R =   8.683968E-02

    54.50 deg.: X-S =       0.735804 mb/sr,
+                                         /R =   6.382566E-02

    55.00 deg.: X-S =       0.503839 mb/sr,
+                                         /R =   4.520263E-02

    55.50 deg.: X-S =       0.332950 mb/sr,
+                                         /R =   3.088409E-02

    56.00 deg.: X-S =       0.215544 mb/sr,
+                                         /R =   2.066438E-02

    56.50 deg.: X-S =       0.143701 mb/sr,
+                                         /R =   1.423404E-02

    57.00 deg.: X-S =       0.109451 mb/sr,
+                                         /R =   1.119752E-02

    57.50 deg.: X-S =       0.105012 mb/sr,
+                                         /R =   1.109245E-02

    58.00 deg.: X-S =       0.122996 mb/sr,
+                                         /R =   1.340986E-02

    58.50 deg.: X-S =       0.156579 mb/sr,
+                                         /R =   1.761462E-02

    59.00 deg.: X-S =       0.199635 mb/sr,
+                                         /R =   2.316547E-02

    59.50 deg.: X-S =       0.246825 mb/sr,
+                                         /R =   2.953403E-02

    60.00 deg.: X-S =       0.293661 mb/sr,
+                                         /R =   3.622229E-02

    60.50 deg.: X-S =       0.336535 mb/sr,
+                                         /R =   4.277814E-02

    61.00 deg.: X-S =       0.372710 mb/sr,
+                                         /R =   4.880857E-02

    61.50 deg.: X-S =       0.400301 mb/sr,
+                                         /R =   5.399025E-02

    62.00 deg.: X-S =       0.418216 mb/sr,
+                                         /R =   5.807736E-02

    62.50 deg.: X-S =       0.426093 mb/sr,
+                                         /R =   6.090663E-02

    63.00 deg.: X-S =       0.424220 mb/sr,
+                                         /R =   6.239948E-02

    63.50 deg.: X-S =       0.413436 mb/sr,
+                                         /R =   6.256145E-02

    64.00 deg.: X-S =       0.395038 mb/sr,
+                                         /R =   6.147909E-02

    64.50 deg.: X-S =       0.370681 mb/sr,
+                                         /R =   5.931446E-02

    65.00 deg.: X-S =       0.342274 mb/sr,
+                                         /R =   5.629760E-02

    65.50 deg.: X-S =       0.311886 mb/sr,
+                                         /R =   5.271726E-02

    66.00 deg.: X-S =       0.281654 mb/sr,
+                                         /R =   4.891025E-02

    66.50 deg.: X-S =       0.253697 mb/sr,
+                                         /R =   4.524974E-02

    67.00 deg.: X-S =       0.230046 mb/sr,
+                                         /R =   4.213295E-02

    67.50 deg.: X-S =       0.212575 mb/sr,
+                                         /R =   3.996853E-02

    68.00 deg.: X-S =       0.202951 mb/sr,
+                                         /R =   3.916409E-02

    68.50 deg.: X-S =       0.202589 mb/sr,
+                                         /R =   4.011402E-02

    69.00 deg.: X-S =       0.212619 mb/sr,
+                                         /R =   4.318813E-02

    69.50 deg.: X-S =       0.233872 mb/sr,
+                                         /R =   4.872120E-02

    70.00 deg.: X-S =       0.266863 mb/sr,
+                                         /R =   5.700373E-02

    70.50 deg.: X-S =       0.311793 mb/sr,
+                                         /R =   6.827411E-02

    71.00 deg.: X-S =       0.368556 mb/sr,
+                                         /R =   8.271219E-02

    71.50 deg.: X-S =       0.436757 mb/sr,
+                                         /R =   1.004346E-01

    72.00 deg.: X-S =       0.515729 mb/sr,
+                                         /R =   1.214915E-01

    72.50 deg.: X-S =       0.604565 mb/sr,
+                                         /R =   1.458653E-01

    73.00 deg.: X-S =       0.702144 mb/sr,
+                                         /R =   1.734707E-01

    73.50 deg.: X-S =       0.807171 mb/sr,
+                                         /R =   2.041560E-01

    74.00 deg.: X-S =       0.918206 mb/sr,
+                                         /R =   2.377069E-01

    74.50 deg.: X-S =       1.033709 mb/sr,
+                                         /R =   2.738503E-01

    75.00 deg.: X-S =       1.152069 mb/sr,
+                                         /R =   3.122600E-01

    75.50 deg.: X-S =       1.271644 mb/sr,
+                                         /R =   3.525634E-01

    76.00 deg.: X-S =       1.390794 mb/sr,
+                                         /R =   3.943485E-01

    76.50 deg.: X-S =       1.507915 mb/sr,
+                                         /R =   4.371720E-01

    77.00 deg.: X-S =       1.621463 mb/sr,
+                                         /R =   4.805679E-01

    77.50 deg.: X-S =       1.729988 mb/sr,
+                                         /R =   5.240555E-01

    78.00 deg.: X-S =       1.832148 mb/sr,
+                                         /R =   5.671489E-01

    78.50 deg.: X-S =       1.926735 mb/sr,
+                                         /R =   6.093648E-01

    79.00 deg.: X-S =       2.012687 mb/sr,
+                                         /R =   6.502312E-01

    79.50 deg.: X-S =       2.089101 mb/sr,
+                                         /R =   6.892954E-01

    80.00 deg.: X-S =       2.155240 mb/sr,
+                                         /R =   7.261312E-01

    80.50 deg.: X-S =       2.210540 mb/sr,
+                                         /R =   7.603457E-01

    81.00 deg.: X-S =       2.254607 mb/sr,
+                                         /R =   7.915856E-01

    81.50 deg.: X-S =       2.287222 mb/sr,
+                                         /R =   8.195419E-01

    82.00 deg.: X-S =       2.308332 mb/sr,
+                                         /R =   8.439550E-01

    82.50 deg.: X-S =       2.318044 mb/sr,
+                                         /R =   8.646177E-01

    83.00 deg.: X-S =       2.316619 mb/sr,
+                                         /R =   8.813781E-01

    83.50 deg.: X-S =       2.304457 mb/sr,
+                                         /R =   8.941413E-01

    84.00 deg.: X-S =       2.282088 mb/sr,
+                                         /R =   9.028701E-01

    84.50 deg.: X-S =       2.250158 mb/sr,
+                                         /R =   9.075851E-01

    85.00 deg.: X-S =       2.209414 mb/sr,
+                                         /R =   9.083638E-01

    85.50 deg.: X-S =       2.160691 mb/sr,
+                                         /R =   9.053389E-01

    86.00 deg.: X-S =       2.104893 mb/sr,
+                                         /R =   8.986960E-01

    86.50 deg.: X-S =       2.042984 mb/sr,
+                                         /R =   8.886703E-01

    87.00 deg.: X-S =       1.975965 mb/sr,
+                                         /R =   8.755431E-01

    87.50 deg.: X-S =       1.904866 mb/sr,
+                                         /R =   8.596375E-01

    88.00 deg.: X-S =       1.830727 mb/sr,
+                                         /R =   8.413137E-01

    88.50 deg.: X-S =       1.754585 mb/sr,
+                                         /R =   8.209636E-01

    89.00 deg.: X-S =       1.677465 mb/sr,
+                                         /R =   7.990060E-01

    89.50 deg.: X-S =       1.600362 mb/sr,
+                                         /R =   7.758800E-01

    90.00 deg.: X-S =       1.524233 mb/sr,
+                                         /R =   7.520399E-01

    90.50 deg.: X-S =       1.449988 mb/sr,
+                                         /R =   7.279487E-01

    91.00 deg.: X-S =       1.378478 mb/sr,
+                                         /R =   7.040724E-01

    91.50 deg.: X-S =       1.310487 mb/sr,
+                                         /R =   6.808738E-01

    92.00 deg.: X-S =       1.246729 mb/sr,
+                                         /R =   6.588065E-01

    92.50 deg.: X-S =       1.187840 mb/sr,
+                                         /R =   6.383097E-01

    93.00 deg.: X-S =       1.134370 mb/sr,
+                                         /R =   6.198019E-01

    93.50 deg.: X-S =       1.086787 mb/sr,
+                                         /R =   6.036764E-01

    94.00 deg.: X-S =       1.045467 mb/sr,
+                                         /R =   5.902959E-01

    94.50 deg.: X-S =       1.010701 mb/sr,
+                                         /R =   5.799883E-01

    95.00 deg.: X-S =       0.982684 mb/sr,
+                                         /R =   5.730424E-01

    95.50 deg.: X-S =       0.961527 mb/sr,
+                                         /R =   5.697046E-01

    96.00 deg.: X-S =       0.947251 mb/sr,
+                                         /R =   5.701752E-01

    96.50 deg.: X-S =       0.939793 mb/sr,
+                                         /R =   5.746064E-01

    97.00 deg.: X-S =       0.939008 mb/sr,
+                                         /R =   5.831001E-01

    97.50 deg.: X-S =       0.944673 mb/sr,
+                                         /R =   5.957063E-01

    98.00 deg.: X-S =       0.956494 mb/sr,
+                                         /R =   6.124225E-01

    98.50 deg.: X-S =       0.974109 mb/sr,
+                                         /R =   6.331935E-01

    99.00 deg.: X-S =       0.997094 mb/sr,
+                                         /R =   6.579116E-01

    99.50 deg.: X-S =       1.024972 mb/sr,
+                                         /R =   6.864178E-01

   100.00 deg.: X-S =       1.057216 mb/sr,
+                                         /R =   7.185036E-01

   100.50 deg.: X-S =       1.093261 mb/sr,
+                                         /R =   7.539130E-01

   101.00 deg.: X-S =       1.132507 mb/sr,
+                                         /R =   7.923455E-01

   101.50 deg.: X-S =       1.174331 mb/sr,
+                                         /R =   8.334599E-01

   102.00 deg.: X-S =       1.218090 mb/sr,
+                                         /R =   8.768778E-01

   102.50 deg.: X-S =       1.263133 mb/sr,
+                                         /R =   9.221884E-01

   103.00 deg.: X-S =       1.308809 mb/sr,
+                                         /R =   9.689537E-01

   103.50 deg.: X-S =       1.354470 mb/sr,
+                                         /R =   1.016714E+00

   104.00 deg.: X-S =       1.399486 mb/sr,
+                                         /R =   1.064992E+00

   104.50 deg.: X-S =       1.443245 mb/sr,
+                                         /R =   1.113303E+00

   105.00 deg.: X-S =       1.485167 mb/sr,
+                                         /R =   1.161158E+00

   105.50 deg.: X-S =       1.524705 mb/sr,
+                                         /R =   1.208070E+00

   106.00 deg.: X-S =       1.561357 mb/sr,
+                                         /R =   1.253563E+00

   106.50 deg.: X-S =       1.594666 mb/sr,
+                                         /R =   1.297178E+00

   107.00 deg.: X-S =       1.624230 mb/sr,
+                                         /R =   1.338479E+00

   107.50 deg.: X-S =       1.649703 mb/sr,
+                                         /R =   1.377062E+00

   108.00 deg.: X-S =       1.670805 mb/sr,
+                                         /R =   1.412556E+00

   108.50 deg.: X-S =       1.687315 mb/sr,
+                                         /R =   1.444635E+00

   109.00 deg.: X-S =       1.699087 mb/sr,
+                                         /R =   1.473021E+00

   109.50 deg.: X-S =       1.706037 mb/sr,
+                                         /R =   1.497489E+00

   110.00 deg.: X-S =       1.708156 mb/sr,
+                                         /R =   1.517872E+00

   110.50 deg.: X-S =       1.705504 mb/sr,
+                                         /R =   1.534063E+00

   111.00 deg.: X-S =       1.698208 mb/sr,
+                                         /R =   1.546020E+00

   111.50 deg.: X-S =       1.686463 mb/sr,
+                                         /R =   1.553768E+00

   112.00 deg.: X-S =       1.670528 mb/sr,
+                                         /R =   1.557400E+00

   112.50 deg.: X-S =       1.650722 mb/sr,
+                                         /R =   1.557072E+00

   113.00 deg.: X-S =       1.627418 mb/sr,
+                                         /R =   1.553012E+00

   113.50 deg.: X-S =       1.601040 mb/sr,
+                                         /R =   1.545507E+00

   114.00 deg.: X-S =       1.572054 mb/sr,
+                                         /R =   1.534908E+00

   114.50 deg.: X-S =       1.540962 mb/sr,
+                                         /R =   1.521619E+00

   115.00 deg.: X-S =       1.508296 mb/sr,
+                                         /R =   1.506096E+00

   115.50 deg.: X-S =       1.474604 mb/sr,
+                                         /R =   1.488838E+00

   116.00 deg.: X-S =       1.440449 mb/sr,
+                                         /R =   1.470379E+00

   116.50 deg.: X-S =       1.406392 mb/sr,
+                                         /R =   1.451280E+00

   117.00 deg.: X-S =       1.372988 mb/sr,
+                                         /R =   1.432120E+00

   117.50 deg.: X-S =       1.340775 mb/sr,
+                                         /R =   1.413483E+00

   118.00 deg.: X-S =       1.310262 mb/sr,
+                                         /R =   1.395950E+00

   118.50 deg.: X-S =       1.281924 mb/sr,
+                                         /R =   1.380086E+00

   119.00 deg.: X-S =       1.256191 mb/sr,
+                                         /R =   1.366428E+00

   119.50 deg.: X-S =       1.233440 mb/sr,
+                                         /R =   1.355475E+00

   120.00 deg.: X-S =       1.213987 mb/sr,
+                                         /R =   1.347677E+00

   120.50 deg.: X-S =       1.198081 mb/sr,
+                                         /R =   1.343421E+00

   121.00 deg.: X-S =       1.185899 mb/sr,
+                                         /R =   1.343025E+00

   121.50 deg.: X-S =       1.177540 mb/sr,
+                                         /R =   1.346724E+00

   122.00 deg.: X-S =       1.173023 mb/sr,
+                                         /R =   1.354668E+00

   122.50 deg.: X-S =       1.172285 mb/sr,
+                                         /R =   1.366909E+00

   123.00 deg.: X-S =       1.175182 mb/sr,
+                                         /R =   1.383402E+00

   123.50 deg.: X-S =       1.181485 mb/sr,
+                                         /R =   1.403996E+00

   124.00 deg.: X-S =       1.190891 mb/sr,
+                                         /R =   1.428437E+00

   124.50 deg.: X-S =       1.203020 mb/sr,
+                                         /R =   1.456368E+00

   125.00 deg.: X-S =       1.217425 mb/sr,
+                                         /R =   1.487330E+00

   125.50 deg.: X-S =       1.233598 mb/sr,
+                                         /R =   1.520770E+00

   126.00 deg.: X-S =       1.250978 mb/sr,
+                                         /R =   1.556047E+00

   126.50 deg.: X-S =       1.268964 mb/sr,
+                                         /R =   1.592442E+00

   127.00 deg.: X-S =       1.286923 mb/sr,
+                                         /R =   1.629171E+00

   127.50 deg.: X-S =       1.304204 mb/sr,
+                                         /R =   1.665399E+00

   128.00 deg.: X-S =       1.320151 mb/sr,
+                                         /R =   1.700253E+00

   128.50 deg.: X-S =       1.334114 mb/sr,
+                                         /R =   1.732844E+00

   129.00 deg.: X-S =       1.345467 mb/sr,
+                                         /R =   1.762282E+00

   129.50 deg.: X-S =       1.353620 mb/sr,
+                                         /R =   1.787699E+00

   130.00 deg.: X-S =       1.358032 mb/sr,
+                                         /R =   1.808266E+00

   130.50 deg.: X-S =       1.358225 mb/sr,
+                                         /R =   1.823217E+00

   131.00 deg.: X-S =       1.353795 mb/sr,
+                                         /R =   1.831867E+00

   131.50 deg.: X-S =       1.344425 mb/sr,
+                                         /R =   1.833632E+00

   132.00 deg.: X-S =       1.329896 mb/sr,
+                                         /R =   1.828049E+00

   132.50 deg.: X-S =       1.310092 mb/sr,
+                                         /R =   1.814792E+00

   133.00 deg.: X-S =       1.285010 mb/sr,
+                                         /R =   1.793688E+00

   133.50 deg.: X-S =       1.254760 mb/sr,
+                                         /R =   1.764727E+00

   134.00 deg.: X-S =       1.219574 mb/sr,
+                                         /R =   1.728072E+00

   134.50 deg.: X-S =       1.179799 mb/sr,
+                                         /R =   1.684068E+00

   135.00 deg.: X-S =       1.135900 mb/sr,
+                                         /R =   1.633243E+00

   135.50 deg.: X-S =       1.088452 mb/sr,
+                                         /R =   1.576305E+00

   136.00 deg.: X-S =       1.038133 mb/sr,
+                                         /R =   1.514140E+00

   136.50 deg.: X-S =       0.985716 mb/sr,
+                                         /R =   1.447798E+00

   137.00 deg.: X-S =       0.932054 mb/sr,
+                                         /R =   1.378485E+00

   137.50 deg.: X-S =       0.878068 mb/sr,
+                                         /R =   1.307543E+00

   138.00 deg.: X-S =       0.824731 mb/sr,
+                                         /R =   1.236427E+00

   138.50 deg.: X-S =       0.773045 mb/sr,
+                                         /R =   1.166681E+00

   139.00 deg.: X-S =       0.724032 mb/sr,
+                                         /R =   1.099910E+00

   139.50 deg.: X-S =       0.678700 mb/sr,
+                                         /R =   1.037751E+00

   140.00 deg.: X-S =       0.638036 mb/sr,
+                                         /R =   9.818331E-01

   140.50 deg.: X-S =       0.602972 mb/sr,
+                                         /R =   9.337490E-01

   141.00 deg.: X-S =       0.574374 mb/sr,
+                                         /R =   8.950153E-01

   141.50 deg.: X-S =       0.553014 mb/sr,
+                                         /R =   8.670368E-01

   142.00 deg.: X-S =       0.539555 mb/sr,
+                                         /R =   8.510709E-01

   142.50 deg.: X-S =       0.534531 mb/sr,
+                                         /R =   8.481924E-01

   143.00 deg.: X-S =       0.538331 mb/sr,
+                                         /R =   8.592617E-01

   143.50 deg.: X-S =       0.551186 mb/sr,
+                                         /R =   8.848951E-01

   144.00 deg.: X-S =       0.573156 mb/sr,
+                                         /R =   9.254392E-01

   144.50 deg.: X-S =       0.604126 mb/sr,
+                                         /R =   9.809495E-01

   145.00 deg.: X-S =       0.643795 mb/sr,
+                                         /R =   1.051175E+00

   145.50 deg.: X-S =       0.691681 mb/sr,
+                                         /R =   1.135547E+00

   146.00 deg.: X-S =       0.747121 mb/sr,
+                                         /R =   1.233177E+00

   146.50 deg.: X-S =       0.809276 mb/sr,
+                                         /R =   1.342859E+00

   147.00 deg.: X-S =       0.877142 mb/sr,
+                                         /R =   1.463077E+00

   147.50 deg.: X-S =       0.949567 mb/sr,
+                                         /R =   1.592026E+00

   148.00 deg.: X-S =       1.025264 mb/sr,
+                                         /R =   1.727634E+00

   148.50 deg.: X-S =       1.102834 mb/sr,
+                                         /R =   1.867591E+00

   149.00 deg.: X-S =       1.180792 mb/sr,
+                                         /R =   2.009392E+00

   149.50 deg.: X-S =       1.257589 mb/sr,
+                                         /R =   2.150376E+00

   150.00 deg.: X-S =       1.331646 mb/sr,
+                                         /R =   2.287776E+00

   150.50 deg.: X-S =       1.401385 mb/sr,
+                                         /R =   2.418775E+00

   151.00 deg.: X-S =       1.465258 mb/sr,
+                                         /R =   2.540562E+00

   151.50 deg.: X-S =       1.521780 mb/sr,
+                                         /R =   2.650394E+00

   152.00 deg.: X-S =       1.569568 mb/sr,
+                                         /R =   2.745656E+00

   152.50 deg.: X-S =       1.607367 mb/sr,
+                                         /R =   2.823925E+00

   153.00 deg.: X-S =       1.634083 mb/sr,
+                                         /R =   2.883033E+00

   153.50 deg.: X-S =       1.648815 mb/sr,
+                                         /R =   2.921123E+00

   154.00 deg.: X-S =       1.650881 mb/sr,
+                                         /R =   2.936708E+00

   154.50 deg.: X-S =       1.639837 mb/sr,
+                                         /R =   2.928723E+00

   155.00 deg.: X-S =       1.615505 mb/sr,
+                                         /R =   2.896568E+00

   155.50 deg.: X-S =       1.577982 mb/sr,
+                                         /R =   2.840145E+00

   156.00 deg.: X-S =       1.527655 mb/sr,
+                                         /R =   2.759893E+00

   156.50 deg.: X-S =       1.465205 mb/sr,
+                                         /R =   2.656803E+00

   157.00 deg.: X-S =       1.391610 mb/sr,
+                                         /R =   2.532431E+00

   157.50 deg.: X-S =       1.308135 mb/sr,
+                                         /R =   2.388899E+00

   158.00 deg.: X-S =       1.216329 mb/sr,
+                                         /R =   2.228881E+00

   158.50 deg.: X-S =       1.118003 mb/sr,
+                                         /R =   2.055583E+00

   159.00 deg.: X-S =       1.015210 mb/sr,
+                                         /R =   1.872707E+00

   159.50 deg.: X-S =       0.910219 mb/sr,
+                                         /R =   1.684410E+00

   160.00 deg.: X-S =       0.805483 mb/sr,
+                                         /R =   1.495242E+00

   160.50 deg.: X-S =       0.703600 mb/sr,
+                                         /R =   1.310088E+00

   161.00 deg.: X-S =       0.607276 mb/sr,
+                                         /R =   1.134087E+00

   161.50 deg.: X-S =       0.519281 mb/sr,
+                                         /R =   9.725553E-01

   162.00 deg.: X-S =       0.442401 mb/sr,
+                                         /R =   8.308924E-01

   162.50 deg.: X-S =       0.379388 mb/sr,
+                                         /R =   7.144904E-01

   163.00 deg.: X-S =       0.332917 mb/sr,
+                                         /R =   6.286347E-01

   163.50 deg.: X-S =       0.305530 mb/sr,
+                                         /R =   5.784051E-01

   164.00 deg.: X-S =       0.299590 mb/sr,
+                                         /R =   5.685758E-01

   164.50 deg.: X-S =       0.317235 mb/sr,
+                                         /R =   6.035184E-01

   165.00 deg.: X-S =       0.360331 mb/sr,
+                                         /R =   6.871077E-01

   165.50 deg.: X-S =       0.430429 mb/sr,
+                                         /R =   8.226335E-01

   166.00 deg.: X-S =       0.528734 mb/sr,
+                                         /R =   1.012721E+00

   166.50 deg.: X-S =       0.656067 mb/sr,
+                                         /R =   1.259256E+00

   167.00 deg.: X-S =       0.812838 mb/sr,
+                                         /R =   1.563330E+00

   167.50 deg.: X-S =       0.999031 mb/sr,
+                                         /R =   1.925185E+00

   168.00 deg.: X-S =       1.214185 mb/sr,
+                                         /R =   2.344183E+00

   168.50 deg.: X-S =       1.457387 mb/sr,
+                                         /R =   2.818782E+00

   169.00 deg.: X-S =       1.727276 mb/sr,
+                                         /R =   3.346532E+00

   169.50 deg.: X-S =       2.022050 mb/sr,
+                                         /R =   3.924084E+00

   170.00 deg.: X-S =       2.339479 mb/sr,
+                                         /R =   4.547214E+00

   170.50 deg.: X-S =       2.676931 mb/sr,
+                                         /R =   5.210866E+00

   171.00 deg.: X-S =       3.031399 mb/sr,
+                                         /R =   5.909204E+00

   171.50 deg.: X-S =       3.399540 mb/sr,
+                                         /R =   6.635689E+00

   172.00 deg.: X-S =       3.777717 mb/sr,
+                                         /R =   7.383155E+00

   172.50 deg.: X-S =       4.162048 mb/sr,
+                                         /R =   8.143911E+00

   173.00 deg.: X-S =       4.548454 mb/sr,
+                                         /R =   8.909842E+00

   173.50 deg.: X-S =       4.932726 mb/sr,
+                                         /R =   9.672531E+00

   174.00 deg.: X-S =       5.310574 mb/sr,
+                                         /R =   1.042338E+01

   174.50 deg.: X-S =       5.677696 mb/sr,
+                                         /R =   1.115372E+01

   175.00 deg.: X-S =       6.029841 mb/sr,
+                                         /R =   1.185499E+01

   175.50 deg.: X-S =       6.362867 mb/sr,
+                                         /R =   1.251879E+01

   176.00 deg.: X-S =       6.672808 mb/sr,
+                                         /R =   1.313710E+01

   176.50 deg.: X-S =       6.955933 mb/sr,
+                                         /R =   1.370233E+01

   177.00 deg.: X-S =       7.208799 mb/sr,
+                                         /R =   1.420748E+01

   177.50 deg.: X-S =       7.428309 mb/sr,
+                                         /R =   1.464623E+01

   178.00 deg.: X-S =       7.611756 mb/sr,
+                                         /R =   1.501307E+01

   178.50 deg.: X-S =       7.756865 mb/sr,
+                                         /R =   1.530336E+01

   179.00 deg.: X-S =       7.861830 mb/sr,
+                                         /R =   1.551340E+01

   179.50 deg.: X-S =       7.925339 mb/sr,
+                                         /R =   1.564050E+01

   179.99 deg.: X-S =       7.946589 mb/sr,
+                                         /R =   1.568303E+01

                                           Integrated  8.3612E+10 mb, over [   0.000, 180.000] at    32.0000 MeV 
     0.00 deg.: X-S =       1.186809 mb/sr,
+                                         REAC   1.1501E+00 mb

     0.50 deg.: X-S =       1.183745 mb/sr,

     1.00 deg.: X-S =       1.174594 mb/sr,

     1.50 deg.: X-S =       1.159476 mb/sr,

     2.00 deg.: X-S =       1.138589 mb/sr,

     2.50 deg.: X-S =       1.112205 mb/sr,

     3.00 deg.: X-S =       1.080668 mb/sr,

     3.50 deg.: X-S =       1.044381 mb/sr,

     4.00 deg.: X-S =       1.003805 mb/sr,

     4.50 deg.: X-S =       0.959452 mb/sr,

     5.00 deg.: X-S =       0.911868 mb/sr,

     5.50 deg.: X-S =       0.861633 mb/sr,

     6.00 deg.: X-S =       0.809345 mb/sr,

     6.50 deg.: X-S =       0.755613 mb/sr,

     7.00 deg.: X-S =       0.701048 mb/sr,

     7.50 deg.: X-S =       0.646250 mb/sr,

     8.00 deg.: X-S =       0.591803 mb/sr,

     8.50 deg.: X-S =       0.538261 mb/sr,

     9.00 deg.: X-S =       0.486148 mb/sr,

     9.50 deg.: X-S =       0.435944 mb/sr,

    10.00 deg.: X-S =       0.388084 mb/sr,

    10.50 deg.: X-S =       0.342950 mb/sr,

    11.00 deg.: X-S =       0.300868 mb/sr,

    11.50 deg.: X-S =       0.262109 mb/sr,

    12.00 deg.: X-S =       0.226881 mb/sr,

    12.50 deg.: X-S =       0.195335 mb/sr,

    13.00 deg.: X-S =       0.167563 mb/sr,

    13.50 deg.: X-S =       0.143599 mb/sr,

    14.00 deg.: X-S =       0.123424 mb/sr,

    14.50 deg.: X-S =       0.106967 mb/sr,

    15.00 deg.: X-S =       0.094112 mb/sr,

    15.50 deg.: X-S =       0.084699 mb/sr,

    16.00 deg.: X-S =       0.078535 mb/sr,

    16.50 deg.: X-S =       0.075392 mb/sr,

    17.00 deg.: X-S =       0.075019 mb/sr,

    17.50 deg.: X-S =       0.077144 mb/sr,

    18.00 deg.: X-S =       0.081480 mb/sr,

    18.50 deg.: X-S =       0.087734 mb/sr,

    19.00 deg.: X-S =       0.095607 mb/sr,

    19.50 deg.: X-S =       0.104802 mb/sr,

    20.00 deg.: X-S =       0.115027 mb/sr,

    20.50 deg.: X-S =       0.126000 mb/sr,

    21.00 deg.: X-S =       0.137451 mb/sr,

    21.50 deg.: X-S =       0.149129 mb/sr,

    22.00 deg.: X-S =       0.160796 mb/sr,

    22.50 deg.: X-S =       0.172240 mb/sr,

    23.00 deg.: X-S =       0.183267 mb/sr,

    23.50 deg.: X-S =       0.193705 mb/sr,

    24.00 deg.: X-S =       0.203407 mb/sr,

    24.50 deg.: X-S =       0.212248 mb/sr,

    25.00 deg.: X-S =       0.220125 mb/sr,

    25.50 deg.: X-S =       0.226957 mb/sr,

    26.00 deg.: X-S =       0.232685 mb/sr,

    26.50 deg.: X-S =       0.237270 mb/sr,

    27.00 deg.: X-S =       0.240689 mb/sr,

    27.50 deg.: X-S =       0.242939 mb/sr,

    28.00 deg.: X-S =       0.244030 mb/sr,

    28.50 deg.: X-S =       0.243987 mb/sr,

    29.00 deg.: X-S =       0.242849 mb/sr,

    29.50 deg.: X-S =       0.240663 mb/sr,

    30.00 deg.: X-S =       0.237487 mb/sr,

    30.50 deg.: X-S =       0.233384 mb/sr,

    31.00 deg.: X-S =       0.228426 mb/sr,

    31.50 deg.: X-S =       0.222689 mb/sr,

    32.00 deg.: X-S =       0.216251 mb/sr,

    32.50 deg.: X-S =       0.209195 mb/sr,

    33.00 deg.: X-S =       0.201602 mb/sr,

    33.50 deg.: X-S =       0.193557 mb/sr,

    34.00 deg.: X-S =       0.185141 mb/sr,

    34.50 deg.: X-S =       0.176436 mb/sr,

    35.00 deg.: X-S =       0.167520 mb/sr,

    35.50 deg.: X-S =       0.158471 mb/sr,

    36.00 deg.: X-S =       0.149361 mb/sr,

    36.50 deg.: X-S =       0.140260 mb/sr,

    37.00 deg.: X-S =       0.131235 mb/sr,

    37.50 deg.: X-S =       0.122346 mb/sr,

    38.00 deg.: X-S =       0.113652 mb/sr,

    38.50 deg.: X-S =       0.105204 mb/sr,

    39.00 deg.: X-S =       0.097052 mb/sr,

    39.50 deg.: X-S =       0.089239 mb/sr,

    40.00 deg.: X-S =       0.081803 mb/sr,

    40.50 deg.: X-S =       0.074780 mb/sr,

    41.00 deg.: X-S =       0.068200 mb/sr,

    41.50 deg.: X-S =       0.062087 mb/sr,

    42.00 deg.: X-S =       0.056464 mb/sr,

    42.50 deg.: X-S =       0.051348 mb/sr,

    43.00 deg.: X-S =       0.046754 mb/sr,

    43.50 deg.: X-S =       0.042691 mb/sr,

    44.00 deg.: X-S =       0.039166 mb/sr,

    44.50 deg.: X-S =       0.036184 mb/sr,

    45.00 deg.: X-S =       0.033746 mb/sr,

    45.50 deg.: X-S =       0.031851 mb/sr,

    46.00 deg.: X-S =       0.030494 mb/sr,

    46.50 deg.: X-S =       0.029671 mb/sr,

    47.00 deg.: X-S =       0.029373 mb/sr,

    47.50 deg.: X-S =       0.029591 mb/sr,

    48.00 deg.: X-S =       0.030313 mb/sr,

    48.50 deg.: X-S =       0.031528 mb/sr,

    49.00 deg.: X-S =       0.033220 mb/sr,

    49.50 deg.: X-S =       0.035374 mb/sr,

    50.00 deg.: X-S =       0.037974 mb/sr,

    50.50 deg.: X-S =       0.041001 mb/sr,

    51.00 deg.: X-S =       0.044437 mb/sr,

    51.50 deg.: X-S =       0.048260 mb/sr,

    52.00 deg.: X-S =       0.052449 mb/sr,

    52.50 deg.: X-S =       0.056981 mb/sr,

    53.00 deg.: X-S =       0.061832 mb/sr,

    53.50 deg.: X-S =       0.066975 mb/sr,

    54.00 deg.: X-S =       0.072385 mb/sr,

    54.50 deg.: X-S =       0.078032 mb/sr,

    55.00 deg.: X-S =       0.083888 mb/sr,

    55.50 deg.: X-S =       0.089921 mb/sr,

    56.00 deg.: X-S =       0.096099 mb/sr,

    56.50 deg.: X-S =       0.102390 mb/sr,

    57.00 deg.: X-S =       0.108759 mb/sr,

    57.50 deg.: X-S =       0.115171 mb/sr,

    58.00 deg.: X-S =       0.121590 mb/sr,

    58.50 deg.: X-S =       0.127981 mb/sr,

    59.00 deg.: X-S =       0.134306 mb/sr,

    59.50 deg.: X-S =       0.140531 mb/sr,

    60.00 deg.: X-S =       0.146617 mb/sr,

    60.50 deg.: X-S =       0.152530 mb/sr,

    61.00 deg.: X-S =       0.158235 mb/sr,

    61.50 deg.: X-S =       0.163698 mb/sr,

    62.00 deg.: X-S =       0.168886 mb/sr,

    62.50 deg.: X-S =       0.173770 mb/sr,

    63.00 deg.: X-S =       0.178321 mb/sr,

    63.50 deg.: X-S =       0.182512 mb/sr,

    64.00 deg.: X-S =       0.186320 mb/sr,

    64.50 deg.: X-S =       0.189723 mb/sr,

    65.00 deg.: X-S =       0.192704 mb/sr,

    65.50 deg.: X-S =       0.195248 mb/sr,

    66.00 deg.: X-S =       0.197342 mb/sr,

    66.50 deg.: X-S =       0.198979 mb/sr,

    67.00 deg.: X-S =       0.200153 mb/sr,

    67.50 deg.: X-S =       0.200862 mb/sr,

    68.00 deg.: X-S =       0.201108 mb/sr,

    68.50 deg.: X-S =       0.200896 mb/sr,

    69.00 deg.: X-S =       0.200233 mb/sr,

    69.50 deg.: X-S =       0.199130 mb/sr,

    70.00 deg.: X-S =       0.197600 mb/sr,

    70.50 deg.: X-S =       0.195660 mb/sr,

    71.00 deg.: X-S =       0.193328 mb/sr,

    71.50 deg.: X-S =       0.190624 mb/sr,

    72.00 deg.: X-S =       0.187570 mb/sr,

    72.50 deg.: X-S =       0.184192 mb/sr,

    73.00 deg.: X-S =       0.180512 mb/sr,

    73.50 deg.: X-S =       0.176559 mb/sr,

    74.00 deg.: X-S =       0.172358 mb/sr,

    74.50 deg.: X-S =       0.167937 mb/sr,

    75.00 deg.: X-S =       0.163323 mb/sr,

    75.50 deg.: X-S =       0.158545 mb/sr,

    76.00 deg.: X-S =       0.153630 mb/sr,

    76.50 deg.: X-S =       0.148604 mb/sr,

    77.00 deg.: X-S =       0.143495 mb/sr,

    77.50 deg.: X-S =       0.138328 mb/sr,

    78.00 deg.: X-S =       0.133128 mb/sr,

    78.50 deg.: X-S =       0.127920 mb/sr,

    79.00 deg.: X-S =       0.122726 mb/sr,

    79.50 deg.: X-S =       0.117568 mb/sr,

    80.00 deg.: X-S =       0.112467 mb/sr,

    80.50 deg.: X-S =       0.107444 mb/sr,

    81.00 deg.: X-S =       0.102515 mb/sr,

    81.50 deg.: X-S =       0.097699 mb/sr,

    82.00 deg.: X-S =       0.093011 mb/sr,

    82.50 deg.: X-S =       0.088467 mb/sr,

    83.00 deg.: X-S =       0.084081 mb/sr,

    83.50 deg.: X-S =       0.079864 mb/sr,

    84.00 deg.: X-S =       0.075828 mb/sr,

    84.50 deg.: X-S =       0.071984 mb/sr,

    85.00 deg.: X-S =       0.068340 mb/sr,

    85.50 deg.: X-S =       0.064906 mb/sr,

    86.00 deg.: X-S =       0.061689 mb/sr,

    86.50 deg.: X-S =       0.058694 mb/sr,

    87.00 deg.: X-S =       0.055927 mb/sr,

    87.50 deg.: X-S =       0.053392 mb/sr,

    88.00 deg.: X-S =       0.051092 mb/sr,

    88.50 deg.: X-S =       0.049030 mb/sr,

    89.00 deg.: X-S =       0.047207 mb/sr,

    89.50 deg.: X-S =       0.045623 mb/sr,

    90.00 deg.: X-S =       0.044276 mb/sr,

    90.50 deg.: X-S =       0.043166 mb/sr,

    91.00 deg.: X-S =       0.042288 mb/sr,

    91.50 deg.: X-S =       0.041639 mb/sr,

    92.00 deg.: X-S =       0.041214 mb/sr,

    92.50 deg.: X-S =       0.041006 mb/sr,

    93.00 deg.: X-S =       0.041007 mb/sr,

    93.50 deg.: X-S =       0.041209 mb/sr,

    94.00 deg.: X-S =       0.041602 mb/sr,

    94.50 deg.: X-S =       0.042175 mb/sr,

    95.00 deg.: X-S =       0.042917 mb/sr,

    95.50 deg.: X-S =       0.043815 mb/sr,

    96.00 deg.: X-S =       0.044855 mb/sr,

    96.50 deg.: X-S =       0.046023 mb/sr,

    97.00 deg.: X-S =       0.047303 mb/sr,

    97.50 deg.: X-S =       0.048681 mb/sr,

    98.00 deg.: X-S =       0.050140 mb/sr,

    98.50 deg.: X-S =       0.051663 mb/sr,

    99.00 deg.: X-S =       0.053235 mb/sr,

    99.50 deg.: X-S =       0.054837 mb/sr,

   100.00 deg.: X-S =       0.056454 mb/sr,

   100.50 deg.: X-S =       0.058070 mb/sr,

   101.00 deg.: X-S =       0.059668 mb/sr,

   101.50 deg.: X-S =       0.061233 mb/sr,

   102.00 deg.: X-S =       0.062751 mb/sr,

   102.50 deg.: X-S =       0.064207 mb/sr,

   103.00 deg.: X-S =       0.065590 mb/sr,

   103.50 deg.: X-S =       0.066888 mb/sr,

   104.00 deg.: X-S =       0.068089 mb/sr,

   104.50 deg.: X-S =       0.069185 mb/sr,

   105.00 deg.: X-S =       0.070169 mb/sr,

   105.50 deg.: X-S =       0.071034 mb/sr,

   106.00 deg.: X-S =       0.071775 mb/sr,

   106.50 deg.: X-S =       0.072389 mb/sr,

   107.00 deg.: X-S =       0.072874 mb/sr,

   107.50 deg.: X-S =       0.073230 mb/sr,

   108.00 deg.: X-S =       0.073458 mb/sr,

   108.50 deg.: X-S =       0.073560 mb/sr,

   109.00 deg.: X-S =       0.073540 mb/sr,

   109.50 deg.: X-S =       0.073403 mb/sr,

   110.00 deg.: X-S =       0.073155 mb/sr,

   110.50 deg.: X-S =       0.072803 mb/sr,

   111.00 deg.: X-S =       0.072354 mb/sr,

   111.50 deg.: X-S =       0.071817 mb/sr,

   112.00 deg.: X-S =       0.071201 mb/sr,

   112.50 deg.: X-S =       0.070516 mb/sr,

   113.00 deg.: X-S =       0.069770 mb/sr,

   113.50 deg.: X-S =       0.068974 mb/sr,

   114.00 deg.: X-S =       0.068137 mb/sr,

   114.50 deg.: X-S =       0.067269 mb/sr,

   115.00 deg.: X-S =       0.066378 mb/sr,

   115.50 deg.: X-S =       0.065474 mb/sr,

   116.00 deg.: X-S =       0.064564 mb/sr,

   116.50 deg.: X-S =       0.063656 mb/sr,

   117.00 deg.: X-S =       0.062756 mb/sr,

   117.50 deg.: X-S =       0.061869 mb/sr,

   118.00 deg.: X-S =       0.061001 mb/sr,

   118.50 deg.: X-S =       0.060156 mb/sr,

   119.00 deg.: X-S =       0.059335 mb/sr,

   119.50 deg.: X-S =       0.058541 mb/sr,

   120.00 deg.: X-S =       0.057775 mb/sr,

   120.50 deg.: X-S =       0.057036 mb/sr,

   121.00 deg.: X-S =       0.056323 mb/sr,

   121.50 deg.: X-S =       0.055635 mb/sr,

   122.00 deg.: X-S =       0.054968 mb/sr,

   122.50 deg.: X-S =       0.054319 mb/sr,

   123.00 deg.: X-S =       0.053683 mb/sr,

   123.50 deg.: X-S =       0.053055 mb/sr,

   124.00 deg.: X-S =       0.052430 mb/sr,

   124.50 deg.: X-S =       0.051803 mb/sr,

   125.00 deg.: X-S =       0.051166 mb/sr,

   125.50 deg.: X-S =       0.050515 mb/sr,

   126.00 deg.: X-S =       0.049842 mb/sr,

   126.50 deg.: X-S =       0.049142 mb/sr,

   127.00 deg.: X-S =       0.048409 mb/sr,

   127.50 deg.: X-S =       0.047636 mb/sr,

   128.00 deg.: X-S =       0.046819 mb/sr,

   128.50 deg.: X-S =       0.045954 mb/sr,

   129.00 deg.: X-S =       0.045035 mb/sr,

   129.50 deg.: X-S =       0.044060 mb/sr,

   130.00 deg.: X-S =       0.043026 mb/sr,

   130.50 deg.: X-S =       0.041931 mb/sr,

   131.00 deg.: X-S =       0.040775 mb/sr,

   131.50 deg.: X-S =       0.039557 mb/sr,

   132.00 deg.: X-S =       0.038279 mb/sr,

   132.50 deg.: X-S =       0.036942 mb/sr,

   133.00 deg.: X-S =       0.035550 mb/sr,

   133.50 deg.: X-S =       0.034106 mb/sr,

   134.00 deg.: X-S =       0.032615 mb/sr,

   134.50 deg.: X-S =       0.031084 mb/sr,

   135.00 deg.: X-S =       0.029519 mb/sr,

   135.50 deg.: X-S =       0.027927 mb/sr,

   136.00 deg.: X-S =       0.026316 mb/sr,

   136.50 deg.: X-S =       0.024697 mb/sr,

   137.00 deg.: X-S =       0.023077 mb/sr,

   137.50 deg.: X-S =       0.021468 mb/sr,

   138.00 deg.: X-S =       0.019880 mb/sr,

   138.50 deg.: X-S =       0.018323 mb/sr,

   139.00 deg.: X-S =       0.016808 mb/sr,

   139.50 deg.: X-S =       0.015346 mb/sr,

   140.00 deg.: X-S =       0.013949 mb/sr,

   140.50 deg.: X-S =       0.012626 mb/sr,

   141.00 deg.: X-S =       0.011389 mb/sr,

   141.50 deg.: X-S =       0.010247 mb/sr,

   142.00 deg.: X-S =       0.009211 mb/sr,

   142.50 deg.: X-S =       0.008288 mb/sr,

   143.00 deg.: X-S =       0.007489 mb/sr,

   143.50 deg.: X-S =       0.006819 mb/sr,

   144.00 deg.: X-S =       0.006286 mb/sr,

   144.50 deg.: X-S =       0.005896 mb/sr,

   145.00 deg.: X-S =       0.005654 mb/sr,

   145.50 deg.: X-S =       0.005563 mb/sr,

   146.00 deg.: X-S =       0.005627 mb/sr,

   146.50 deg.: X-S =       0.005847 mb/sr,

   147.00 deg.: X-S =       0.006223 mb/sr,

   147.50 deg.: X-S =       0.006756 mb/sr,

   148.00 deg.: X-S =       0.007443 mb/sr,

   148.50 deg.: X-S =       0.008282 mb/sr,

   149.00 deg.: X-S =       0.009270 mb/sr,

   149.50 deg.: X-S =       0.010401 mb/sr,

   150.00 deg.: X-S =       0.011670 mb/sr,

   150.50 deg.: X-S =       0.013071 mb/sr,

   151.00 deg.: X-S =       0.014595 mb/sr,

   151.50 deg.: X-S =       0.016235 mb/sr,

   152.00 deg.: X-S =       0.017982 mb/sr,

   152.50 deg.: X-S =       0.019827 mb/sr,

   153.00 deg.: X-S =       0.021758 mb/sr,

   153.50 deg.: X-S =       0.023768 mb/sr,

   154.00 deg.: X-S =       0.025843 mb/sr,

   154.50 deg.: X-S =       0.027974 mb/sr,

   155.00 deg.: X-S =       0.030150 mb/sr,

   155.50 deg.: X-S =       0.032359 mb/sr,

   156.00 deg.: X-S =       0.034591 mb/sr,

   156.50 deg.: X-S =       0.036835 mb/sr,

   157.00 deg.: X-S =       0.039079 mb/sr,

   157.50 deg.: X-S =       0.041315 mb/sr,

   158.00 deg.: X-S =       0.043532 mb/sr,

   158.50 deg.: X-S =       0.045721 mb/sr,

   159.00 deg.: X-S =       0.047872 mb/sr,

   159.50 deg.: X-S =       0.049979 mb/sr,

   160.00 deg.: X-S =       0.052032 mb/sr,

   160.50 deg.: X-S =       0.054026 mb/sr,

   161.00 deg.: X-S =       0.055953 mb/sr,

   161.50 deg.: X-S =       0.057809 mb/sr,

   162.00 deg.: X-S =       0.059589 mb/sr,

   162.50 deg.: X-S =       0.061289 mb/sr,

   163.00 deg.: X-S =       0.062905 mb/sr,

   163.50 deg.: X-S =       0.064435 mb/sr,

   164.00 deg.: X-S =       0.065878 mb/sr,

   164.50 deg.: X-S =       0.067232 mb/sr,

   165.00 deg.: X-S =       0.068496 mb/sr,

   165.50 deg.: X-S =       0.069672 mb/sr,

   166.00 deg.: X-S =       0.070760 mb/sr,

   166.50 deg.: X-S =       0.071762 mb/sr,

   167.00 deg.: X-S =       0.072679 mb/sr,

   167.50 deg.: X-S =       0.073514 mb/sr,

   168.00 deg.: X-S =       0.074271 mb/sr,

   168.50 deg.: X-S =       0.074951 mb/sr,

   169.00 deg.: X-S =       0.075559 mb/sr,

   169.50 deg.: X-S =       0.076099 mb/sr,

   170.00 deg.: X-S =       0.076575 mb/sr,

   170.50 deg.: X-S =       0.076990 mb/sr,

   171.00 deg.: X-S =       0.077351 mb/sr,

   171.50 deg.: X-S =       0.077660 mb/sr,

   172.00 deg.: X-S =       0.077922 mb/sr,

   172.50 deg.: X-S =       0.078142 mb/sr,

   173.00 deg.: X-S =       0.078325 mb/sr,

   173.50 deg.: X-S =       0.078473 mb/sr,

   174.00 deg.: X-S =       0.078593 mb/sr,

   174.50 deg.: X-S =       0.078687 mb/sr,

   175.00 deg.: X-S =       0.078759 mb/sr,

   175.50 deg.: X-S =       0.078814 mb/sr,

   176.00 deg.: X-S =       0.078853 mb/sr,

   176.50 deg.: X-S =       0.078881 mb/sr,

   177.00 deg.: X-S =       0.078899 mb/sr,

   177.50 deg.: X-S =       0.078910 mb/sr,

   178.00 deg.: X-S =       0.078917 mb/sr,

   178.50 deg.: X-S =       0.078920 mb/sr,

   179.00 deg.: X-S =       0.078922 mb/sr,

   179.50 deg.: X-S =       0.078922 mb/sr,

   180.00 deg.: X-S =       0.078922 mb/sr,

    10.00 deg.: X-S =       0.388084 mb/sr,

    12.00 deg.: X-S =       0.226881 mb/sr,

    15.00 deg.: X-S =       0.094112 mb/sr,

    17.00 deg.: X-S =       0.075019 mb/sr,

    20.00 deg.: X-S =       0.115027 mb/sr,

    25.00 deg.: X-S =       0.220125 mb/sr,

                                           Integrated  1.1662E+00 mb, over [   0.000, 180.000] at    32.0000 MeV 



 Mean components of Elastic Optical Potential generated by channel couplings of type  1

     0.160     0.0000     0.0000     0.0000     0.0000     0.0000     0.0000
     0.320     0.0000     0.0000     0.0000     0.0000     0.0000     0.0000
     0.480     0.0000     0.0000     0.0000     0.0000     0.0000     0.0000
     0.640     0.0000     0.0000     0.0000     0.0000     0.0000     0.0000
     0.800     0.0000     0.0000     0.0000     0.0000     0.0000     0.0000
     0.960     0.0000     0.0000     0.0000     0.0000     0.0000     0.0000
     1.120     0.0000     0.0000     0.0000     0.0000     0.0000     0.0000
     1.280     0.0000     0.0000     0.0000     0.0000     0.0000     0.0000
     1.440     0.0000     0.0000     0.0000     0.0000     0.0000     0.0000
     1.600     0.0000     0.0000     0.0000     0.0000     0.0000     0.0000
     1.760     0.0000     0.0000     0.0000     0.0000     0.0000     0.0000
     1.920     0.0000     0.0000     0.0000     0.0000     0.0000     0.0000
     2.080     0.0000     0.0000     0.0000     0.0000     0.0000     0.0000
     2.240     0.0000     0.0000     0.0000     0.0000     0.0000     0.0000
     2.400     0.0000     0.0000     0.0000     0.0000     0.0000     0.0000
     2.560     0.0000     0.0000     0.0000     0.0000     0.0000     0.0000
     2.720     0.0000     0.0000     0.0000     0.0000     0.0000     0.0000
     2.880     0.0000     0.0000     0.0000     0.0000     0.0000     0.0000
     3.040     0.0000     0.0000     0.0000     0.0000     0.0000     0.0000
     3.200     0.0000     0.0000     0.0000     0.0000     0.0000     0.0000
     3.360     0.0000     0.0000     0.0000     0.0000     0.0000     0.0000
     3.520     0.0000     0.0000     0.0000     0.0000     0.0000     0.0000
     3.680     0.0000     0.0000     0.0000     0.0000     0.0000     0.0000
     3.840     0.0000     0.0000     0.0000     0.0000     0.0000     0.0000
     4.000     0.0000     0.0000     0.0000     0.0000     0.0000     0.0000
     4.160     0.0000     0.0000     0.0000     0.0000     0.0000     0.0000
     4.320     0.0000     0.0000     0.0000     0.0000     0.0000     0.0000
     4.480     0.0000     0.0000     0.0000     0.0000     0.0000     0.0000
     4.640     0.0000     0.0000     0.0000     0.0000     0.0000     0.0000
     4.800     0.0000     0.0000     0.0000     0.0000     0.0000     0.0000
     4.960     0.0000     0.0000     0.0000     0.0000     0.0000     0.0000
     5.120     0.0000     0.0000     0.0000     0.0000     0.0000     0.0000
     5.280     0.0000     0.0000     0.0000     0.0000     0.0000     0.0000
     5.440     0.0000     0.0000     0.0000     0.0000     0.0000     0.0000
     5.600     0.0000     0.0000     0.0000     0.0000     0.0000     0.0000
     5.760     0.0000     0.0000     0.0000     0.0000     0.0000     0.0000
     5.920     0.0000     0.0000     0.0000     0.0000     0.0000     0.0000
     6.080     0.0000     0.0000     0.0000     0.0000     0.0000     0.0000
     6.240     0.0000     0.0000     0.0000     0.0000     0.0000     0.0000
     6.400     0.0000     0.0000     0.0000     0.0000     0.0000     0.0000
     6.560     0.0000     0.0000     0.0000     0.0000     0.0000     0.0000
     6.720     0.0000     0.0000     0.0000     0.0000     0.0000     0.0000
     6.880     0.0000     0.0000     0.0000     0.0000     0.0000     0.0000
     7.040     0.0000     0.0000     0.0000     0.0000     0.0000     0.0000
     7.200     0.0000     0.0000     0.0000     0.0000     0.0000     0.0000
     7.360     0.0000     0.0000     0.0000     0.0000     0.0000     0.0000
     7.520     0.0000     0.0000     0.0000     0.0000     0.0000     0.0000
     7.680     0.0000     0.0000     0.0000     0.0000     0.0000     0.0000
     7.840     0.0000     0.0000     0.0000     0.0000     0.0000     0.0000
     8.000     0.0000     0.0000     0.0000     0.0000     0.0000     0.0000
     8.160     0.0000     0.0000     0.0000     0.0000     0.0000     0.0000
     8.320     0.0000     0.0000     0.0000     0.0000     0.0000     0.0000
     8.480     0.0000     0.0000     0.0000     0.0000     0.0000     0.0000
     8.640     0.0000     0.0000     0.0000     0.0000     0.0000     0.0000
     8.800     0.0000     0.0000     0.0000     0.0000     0.0000     0.0000
     8.960     0.0000     0.0000     0.0000     0.0000     0.0000     0.0000
     9.120     0.0000     0.0000     0.0000     0.0000     0.0000     0.0000
     9.280     0.0000     0.0000     0.0000     0.0000     0.0000     0.0000
     9.440     0.0000     0.0000     0.0000     0.0000     0.0000     0.0000
     9.600     0.0000     0.0000     0.0000     0.0000     0.0000     0.0000
     9.760     0.0000     0.0000     0.0000     0.0000     0.0000     0.0000
     9.920     0.0000     0.0000     0.0000     0.0000     0.0000     0.0000
    10.080     0.0000     0.0000     0.0000     0.0000     0.0000     0.0000
    10.240     0.0000     0.0000     0.0000     0.0000     0.0000     0.0000
    10.400     0.0000     0.0000     0.0000     0.0000     0.0000     0.0000
    10.560     0.0000     0.0000     0.0000     0.0000     0.0000     0.0000
    10.720     0.0000     0.0000     0.0000     0.0000     0.0000     0.0000
    10.880     0.0000     0.0000     0.0000     0.0000     0.0000     0.0000
    11.040     0.0000     0.0000     0.0000     0.0000     0.0000     0.0000
    11.200     0.0000     0.0000     0.0000     0.0000     0.0000     0.0000
    11.360     0.0000     0.0000     0.0000     0.0000     0.0000     0.0000
    11.520     0.0000     0.0000     0.0000     0.0000     0.0000     0.0000
    11.680     0.0000     0.0000     0.0000     0.0000     0.0000     0.0000
    11.840     0.0000     0.0000     0.0000     0.0000     0.0000     0.0000
    12.000     0.0000     0.0000     0.0000     0.0000     0.0000     0.0000
    12.160     0.0000     0.0000     0.0000     0.0000     0.0000     0.0000
    12.320     0.0000     0.0000     0.0000     0.0000     0.0000     0.0000
    12.480     0.0000     0.0000     0.0000     0.0000     0.0000     0.0000
    12.640     0.0000     0.0000     0.0000     0.0000     0.0000     0.0000
    12.800     0.0000     0.0000     0.0000     0.0000     0.0000     0.0000
    12.960     0.0000     0.0000     0.0000     0.0000     0.0000     0.0000
    13.120     0.0000     0.0000     0.0000     0.0000     0.0000     0.0000
    13.280     0.0000     0.0000     0.0000     0.0000     0.0000     0.0000
    13.440     0.0000     0.0000     0.0000     0.0000     0.0000     0.0000
    13.600     0.0000     0.0000     0.0000     0.0000     0.0000     0.0000
    13.760     0.0000     0.0000     0.0000     0.0000     0.0000     0.0000
    13.920     0.0000     0.0000     0.0000     0.0000     0.0000     0.0000
    14.080     0.0000     0.0000     0.0000     0.0000     0.0000     0.0000
    14.240     0.0000     0.0000     0.0000     0.0000     0.0000     0.0000
    14.400     0.0000     0.0000     0.0000     0.0000     0.0000     0.0000
    14.560     0.0000     0.0000     0.0000     0.0000     0.0000     0.0000
    14.720     0.0000     0.0000     0.0000     0.0000     0.0000     0.0000
    14.880     0.0000     0.0000     0.0000     0.0000     0.0000     0.0000
    15.040     0.0000     0.0000     0.0000     0.0000     0.0000     0.0000
    15.200     0.0000     0.0000     0.0000     0.0000     0.0000     0.0000
    15.360     0.0000     0.0000     0.0000     0.0000     0.0000     0.0000
    15.520     0.0000     0.0000     0.0000     0.0000     0.0000     0.0000
    15.680     0.0000     0.0000     0.0000     0.0000     0.0000     0.0000
    15.840     0.0000     0.0000     0.0000     0.0000     0.0000     0.0000
    16.000     0.0000     0.0000     0.0000     0.0000     0.0000     0.0000
    16.160     0.0000     0.0000     0.0000     0.0000     0.0000     0.0000
    16.320     0.0000     0.0000     0.0000     0.0000     0.0000     0.0000
    16.480     0.0000     0.0000     0.0000     0.0000     0.0000     0.0000
    16.640     0.0000     0.0000     0.0000     0.0000     0.0000     0.0000
    16.800     0.0000     0.0000     0.0000     0.0000     0.0000     0.0000
    16.960     0.0000     0.0000     0.0000     0.0000     0.0000     0.0000
    17.120     0.0000     0.0000     0.0000     0.0000     0.0000     0.0000
    17.280     0.0000     0.0000     0.0000     0.0000     0.0000     0.0000
    17.440     0.0000     0.0000     0.0000     0.0000     0.0000     0.0000
    17.600     0.0000     0.0000     0.0000     0.0000     0.0000     0.0000
    17.760     0.0000     0.0000     0.0000     0.0000     0.0000     0.0000
    17.920     0.0000     0.0000     0.0000     0.0000     0.0000     0.0000

 BPM: Using the real scalar part of the  Elastic Channel Potential

 Incident energy (cm) =  19.191. Fusion inside radius of   3.897 fm.

 L =  0, Barrier =  3.62-17.12, Peak @  7.52  3.62, Tl = 1.0000: Xsec-F =   9.485 mb
 L =  1, Barrier =  3.97-16.91, Peak @  7.36  3.97, Tl = 1.0000: Xsec-F =  28.454 mb
 L =  2, Barrier =  4.53-16.46, Peak @  7.12  4.53, Tl = 1.0000: Xsec-F =  47.424 mb
 L =  3, Barrier =  5.83-15.74, Peak @  6.72  5.83, Tl = 1.0000: Xsec-F =  66.393 mb
 L =  4, Barrier =  7.01-14.67, Peak @  6.40  7.01, Tl = 1.0000: Xsec-F =  85.362 mb
 L =  5, Barrier =  8.40-13.18, Peak @  6.08  8.40, Tl = 0.9999: Xsec-F = 104.326 mb
 L =  6, Barrier = 10.05-11.19, Peak @  5.76 10.05, Tl = 0.9991: Xsec-F = 123.189 mb
 L =  7, Barrier = 11.96 -8.61, Peak @  5.44 11.96, Tl = 0.9893: Xsec-F = 140.742 mb
 L =  8, Barrier = 14.06 -5.29, Peak @  5.12 14.06, Tl = 0.9142: Xsec-F = 147.398 mb
 L =  9, Barrier = 16.38 -1.08, Peak @  4.80 16.38, Tl = 0.6025: Xsec-F = 108.568 mb
 L = 10, Barrier = 16.38  4.24, Turn @  0.00  5.92, Tl = 0.0577: Xsec-F =  11.486 mb
 L = 11, Barrier = 16.38 11.10, Turn @  0.00  6.64, Tl = 0.0036: Xsec-F =   0.777 mb
 L = 12, Barrier = 16.38 20.02, Turn @  0.00  7.20, Tl = 0.0002: Xsec-F =   0.055 mb
 L = 13, Barrier = 16.38 29.82, Turn @  0.00  7.84, Tl = 0.0000: Xsec-F =   0.004 mb
0Cumulative FUSION cross section by BPM (case 1)   =  0.874E+03  <L> =     5.94  <L**2> =     40.7

 BPM: Using the real scalar part of the  Elastic Channel Potential
 Including CRC local equivalent potential.

 Incident energy (cm) =  19.191. Fusion inside radius of   3.897 fm.

 L =  0, Barrier =  3.62-17.12, Peak @  7.52  3.62, Tl = 1.0000: Xsec-F =   9.485 mb
 L =  1, Barrier =  3.97-16.91, Peak @  7.36  3.97, Tl = 1.0000: Xsec-F =  28.454 mb
 L =  2, Barrier =  4.53-16.46, Peak @  7.12  4.53, Tl = 1.0000: Xsec-F =  47.424 mb
 L =  3, Barrier =  5.83-15.74, Peak @  6.72  5.83, Tl = 1.0000: Xsec-F =  66.393 mb
 L =  4, Barrier =  7.01-14.67, Peak @  6.40  7.01, Tl = 1.0000: Xsec-F =  85.362 mb
 L =  5, Barrier =  8.40-13.18, Peak @  6.08  8.40, Tl = 0.9999: Xsec-F = 104.326 mb
 L =  6, Barrier = 10.05-11.19, Peak @  5.76 10.05, Tl = 0.9991: Xsec-F = 123.189 mb
 L =  7, Barrier = 11.96 -8.61, Peak @  5.44 11.96, Tl = 0.9893: Xsec-F = 140.742 mb
 L =  8, Barrier = 14.06 -5.29, Peak @  5.12 14.06, Tl = 0.9142: Xsec-F = 147.398 mb
 L =  9, Barrier = 16.38 -1.08, Peak @  4.80 16.38, Tl = 0.6025: Xsec-F = 108.568 mb
 L = 10, Barrier = 16.38  4.24, Turn @  0.00  5.92, Tl = 0.0577: Xsec-F =  11.486 mb
 L = 11, Barrier = 16.38 11.10, Turn @  0.00  6.64, Tl = 0.0036: Xsec-F =   0.777 mb
 L = 12, Barrier = 16.38 20.02, Turn @  0.00  7.20, Tl = 0.0002: Xsec-F =   0.055 mb
 L = 13, Barrier = 16.38 29.82, Turn @  0.00  7.84, Tl = 0.0000: Xsec-F =   0.004 mb
0Cumulative FUSION cross section by BPM (case 2)   =  0.874E+03  <L> =     5.94  <L**2> =     40.7
0Fusion at  32.000 MeV: Bare =  8.737E+02, Actual =  1.348E+03, BPM-equiv =  8.737E+02 mb
 Total CPU  0 time =       1.05 seconds
